Archive member included because of file (symbol)

c:/program files/atmel/studio/7.0/toolchain/arm/arm-gnu-toolchain/bin/../lib/gcc/arm-none-eabi/4.9.3/../../../../arm-none-eabi/lib/armv6-m\libm.a(lib_a-s_atan.o)
                              src/qs_uart_basic.o (atan)
c:/program files/atmel/studio/7.0/toolchain/arm/arm-gnu-toolchain/bin/../lib/gcc/arm-none-eabi/4.9.3/../../../../arm-none-eabi/lib/armv6-m\libm.a(lib_a-s_fabs.o)
                              c:/program files/atmel/studio/7.0/toolchain/arm/arm-gnu-toolchain/bin/../lib/gcc/arm-none-eabi/4.9.3/../../../../arm-none-eabi/lib/armv6-m\libm.a(lib_a-s_atan.o) (fabs)
c:/program files/atmel/studio/7.0/toolchain/arm/arm-gnu-toolchain/bin/../lib/gcc/arm-none-eabi/4.9.3/../../../../arm-none-eabi/lib/armv6-m\libm.a(lib_a-w_sqrt.o)
                              src/qs_uart_basic.o (sqrt)
c:/program files/atmel/studio/7.0/toolchain/arm/arm-gnu-toolchain/bin/../lib/gcc/arm-none-eabi/4.9.3/../../../../arm-none-eabi/lib/armv6-m\libm.a(lib_a-e_sqrt.o)
                              c:/program files/atmel/studio/7.0/toolchain/arm/arm-gnu-toolchain/bin/../lib/gcc/arm-none-eabi/4.9.3/../../../../arm-none-eabi/lib/armv6-m\libm.a(lib_a-w_sqrt.o) (__ieee754_sqrt)
c:/program files/atmel/studio/7.0/toolchain/arm/arm-gnu-toolchain/bin/../lib/gcc/arm-none-eabi/4.9.3/../../../../arm-none-eabi/lib/armv6-m\libm.a(lib_a-s_fpclassify.o)
                              c:/program files/atmel/studio/7.0/toolchain/arm/arm-gnu-toolchain/bin/../lib/gcc/arm-none-eabi/4.9.3/../../../../arm-none-eabi/lib/armv6-m\libm.a(lib_a-w_sqrt.o) (__fpclassifyd)
c:/program files/atmel/studio/7.0/toolchain/arm/arm-gnu-toolchain/bin/../lib/gcc/arm-none-eabi/4.9.3/../../../../arm-none-eabi/lib/armv6-m\libm.a(lib_a-s_lib_ver.o)
                              c:/program files/atmel/studio/7.0/toolchain/arm/arm-gnu-toolchain/bin/../lib/gcc/arm-none-eabi/4.9.3/../../../../arm-none-eabi/lib/armv6-m\libm.a(lib_a-w_sqrt.o) (__fdlib_version)
c:/program files/atmel/studio/7.0/toolchain/arm/arm-gnu-toolchain/bin/../lib/gcc/arm-none-eabi/4.9.3/../../../../arm-none-eabi/lib/armv6-m\libm.a(lib_a-s_matherr.o)
                              c:/program files/atmel/studio/7.0/toolchain/arm/arm-gnu-toolchain/bin/../lib/gcc/arm-none-eabi/4.9.3/../../../../arm-none-eabi/lib/armv6-m\libm.a(lib_a-w_sqrt.o) (matherr)
c:/program files/atmel/studio/7.0/toolchain/arm/arm-gnu-toolchain/bin/../lib/gcc/arm-none-eabi/4.9.3/armv6-m\libgcc.a(_udivsi3.o)
                              src/ASF/sam0/drivers/uart/uart.o (__aeabi_uidiv)
c:/program files/atmel/studio/7.0/toolchain/arm/arm-gnu-toolchain/bin/../lib/gcc/arm-none-eabi/4.9.3/armv6-m\libgcc.a(_dvmd_tls.o)
                              c:/program files/atmel/studio/7.0/toolchain/arm/arm-gnu-toolchain/bin/../lib/gcc/arm-none-eabi/4.9.3/armv6-m\libgcc.a(_udivsi3.o) (__aeabi_idiv0)
c:/program files/atmel/studio/7.0/toolchain/arm/arm-gnu-toolchain/bin/../lib/gcc/arm-none-eabi/4.9.3/armv6-m\libgcc.a(_arm_cmpdf2.o)
                              src/qs_uart_basic.o (__aeabi_dcmpeq)
c:/program files/atmel/studio/7.0/toolchain/arm/arm-gnu-toolchain/bin/../lib/gcc/arm-none-eabi/4.9.3/armv6-m\libgcc.a(_arm_cmpsf2.o)
                              src/qs_uart_basic.o (__aeabi_fcmplt)
c:/program files/atmel/studio/7.0/toolchain/arm/arm-gnu-toolchain/bin/../lib/gcc/arm-none-eabi/4.9.3/armv6-m\libgcc.a(addsf3.o)
                              src/qs_uart_basic.o (__aeabi_fadd)
c:/program files/atmel/studio/7.0/toolchain/arm/arm-gnu-toolchain/bin/../lib/gcc/arm-none-eabi/4.9.3/armv6-m\libgcc.a(eqsf2.o)
                              c:/program files/atmel/studio/7.0/toolchain/arm/arm-gnu-toolchain/bin/../lib/gcc/arm-none-eabi/4.9.3/armv6-m\libgcc.a(_arm_cmpsf2.o) (__eqsf2)
c:/program files/atmel/studio/7.0/toolchain/arm/arm-gnu-toolchain/bin/../lib/gcc/arm-none-eabi/4.9.3/armv6-m\libgcc.a(gesf2.o)
                              c:/program files/atmel/studio/7.0/toolchain/arm/arm-gnu-toolchain/bin/../lib/gcc/arm-none-eabi/4.9.3/armv6-m\libgcc.a(_arm_cmpsf2.o) (__gesf2)
c:/program files/atmel/studio/7.0/toolchain/arm/arm-gnu-toolchain/bin/../lib/gcc/arm-none-eabi/4.9.3/armv6-m\libgcc.a(lesf2.o)
                              c:/program files/atmel/studio/7.0/toolchain/arm/arm-gnu-toolchain/bin/../lib/gcc/arm-none-eabi/4.9.3/armv6-m\libgcc.a(_arm_cmpsf2.o) (__lesf2)
c:/program files/atmel/studio/7.0/toolchain/arm/arm-gnu-toolchain/bin/../lib/gcc/arm-none-eabi/4.9.3/armv6-m\libgcc.a(mulsf3.o)
                              src/qs_uart_basic.o (__aeabi_fmul)
c:/program files/atmel/studio/7.0/toolchain/arm/arm-gnu-toolchain/bin/../lib/gcc/arm-none-eabi/4.9.3/armv6-m\libgcc.a(subsf3.o)
                              src/qs_uart_basic.o (__aeabi_fsub)
c:/program files/atmel/studio/7.0/toolchain/arm/arm-gnu-toolchain/bin/../lib/gcc/arm-none-eabi/4.9.3/armv6-m\libgcc.a(floatsisf.o)
                              src/qs_uart_basic.o (__aeabi_i2f)
[...]
Memory Configuration

Name             Origin             Length             Attributes
ram              0x10008000         0x00017800         xrw
lram             0x1001f800         0x00000800         xrw
*default*        0x00000000         0xffffffff

Linker script and memory map

LOAD c:/program files/atmel/studio/7.0/toolchain/arm/arm-gnu-toolchain/bin/../lib/gcc/arm-none-eabi/4.9.3/armv6-m/crti.o
LOAD c:/program files/atmel/studio/7.0/toolchain/arm/arm-gnu-toolchain/bin/../lib/gcc/arm-none-eabi/4.9.3/armv6-m/crtbegin.o
LOAD c:/program files/atmel/studio/7.0/toolchain/arm/arm-gnu-toolchain/bin/../lib/gcc/arm-none-eabi/4.9.3/../../../../arm-none-eabi/lib/armv6-m/crt0.o
LOAD src/sentral/sentral_interface.o
LOAD src/ASF/sam0/drivers/i2c/i2c_master.o
LOAD src/ASF/sam0/drivers/i2c/i2c_master_interrupt.o
LOAD src/ASF/sam0/drivers/timer/timer.o
LOAD src/ASF/sam0/utils/stdio/read.o
LOAD src/ASF/sam0/utils/stdio/write.o
LOAD src/ASF/common/utils/interrupt/interrupt_sam_nvic.o
LOAD src/ASF/sam0/boards/samb11_xplained_pro/board_init.o
LOAD src/ASF/sam0/drivers/gpio/gpio.o
LOAD src/ASF/sam0/drivers/system/system_sam_b.o
LOAD src/ASF/sam0/drivers/uart/uart.o
LOAD src/ASF/sam0/utils/cmsis/samb11/source/gcc/startup_samb11.o
LOAD src/ASF/sam0/utils/cmsis/samb11/source/system_samb11.o
LOAD src/ASF/sam0/utils/syscalls/gcc/syscalls.o
LOAD src/qs_uart_basic.o
START GROUP
LOAD ../src/ASF/thirdparty/CMSIS/Lib/GCC\libarm_cortexM0l_math.a
LOAD c:/program files/atmel/studio/7.0/toolchain/arm/arm-gnu-toolchain/bin/../lib/gcc/arm-none-eabi/4.9.3/../../../../arm-none-eabi/lib/armv6-m\libm.a
END GROUP
START GROUP
LOAD c:/program files/atmel/studio/7.0/toolchain/arm/arm-gnu-toolchain/bin/../lib/gcc/arm-none-eabi/4.9.3/armv6-m\libgcc.a
LOAD c:/program files/atmel/studio/7.0/toolchain/arm/arm-gnu-toolchain/bin/../lib/gcc/arm-none-eabi/4.9.3/../../../../arm-none-eabi/lib/armv6-m\libc_nano.a
END GROUP
START GROUP
LOAD c:/program files/atmel/studio/7.0/toolchain/arm/arm-gnu-toolchain/bin/../lib/gcc/arm-none-eabi/4.9.3/armv6-m\libgcc.a
LOAD c:/program files/atmel/studio/7.0/toolchain/arm/arm-gnu-toolchain/bin/../lib/gcc/arm-none-eabi/4.9.3/../../../../arm-none-eabi/lib/armv6-m\libc_nano.a
END GROUP
LOAD c:/program files/atmel/studio/7.0/toolchain/arm/arm-gnu-toolchain/bin/../lib/gcc/arm-none-eabi/4.9.3/armv6-m/crtend.o
LOAD c:/program files/atmel/studio/7.0/toolchain/arm/arm-gnu-toolchain/bin/../lib/gcc/arm-none-eabi/4.9.3/armv6-m/crtn.o
                0x00000800                STACK_SIZE = DEFINED (STACK_SIZE)?STACK_SIZE:DEFINED (__stack_size__)?__stack_size__:0x800

.text           0x10008000     0x7868
                0x10008000                . = ALIGN (0x4)
                0x10008000                _sfixed = .
 *(.test.main .text.app_entry)
 .text.app_entry
                0x10008000       0x88 src/ASF/sam0/utils/cmsis/samb11/source/gcc/startup_samb11.o
                0x10008000                app_entry
 *(.text .text.* .gnu.linkonce.t.*)
 .text          0x10008088       0x60 c:/program files/atmel/studio/7.0/toolchain/arm/arm-gnu-toolchain/bin/../lib/gcc/arm-none-eabi/4.9.3/armv6-m/crtbegin.o
 .text.i2c_init_sentral
                0x100080e8       0x68 src/sentral/sentral_interface.o
                0x100080e8                i2c_init_sentral
 .text.i2c_sentral_write_register
                0x10008150       0x4c src/sentral/sentral_interface.o
                0x10008150                i2c_sentral_write_register
 .text.i2c_sentral_read_reg
                0x1000819c       0x44 src/sentral/sentral_interface.o
                0x1000819c                i2c_sentral_read_reg
 .text.reset_sentral
                0x100081e0       0x1c src/sentral/sentral_interface.o
                0x100081e0                reset_sentral
 .text.config_sentral
                0x100081fc       0x58 src/sentral/sentral_interface.o
                0x100081fc                config_sentral
 .text.check_sentral_eeprom_status
                0x10008254       0x24 src/sentral/sentral_interface.o
                0x10008254                check_sentral_eeprom_status
 .text.init_sentral
                0x10008278       0x50 src/sentral/sentral_interface.o
                0x10008278                init_sentral
 .text._i2c_master_read_packet
                0x100082c8       0x80 src/ASF/sam0/drivers/i2c/i2c_master.o
 .text._i2c_master_write_packet
                0x10008348       0x60 src/ASF/sam0/drivers/i2c/i2c_master.o
 .text.i2c_master_get_config_defaults
                0x100083a8       0x18 src/ASF/sam0/drivers/i2c/i2c_master.o
                0x100083a8                i2c_master_get_config_defaults
 .text.i2c_master_init
                0x100083c0       0xe4 src/ASF/sam0/drivers/i2c/i2c_master.o
                0x100083c0                i2c_master_init
 .text.i2c_master_read_packet_wait
                0x100084a4       0x30 src/ASF/sam0/drivers/i2c/i2c_master.o
                0x100084a4                i2c_master_read_packet_wait
 .text.i2c_master_write_packet_wait
                0x100084d4       0x30 src/ASF/sam0/drivers/i2c/i2c_master.o
                0x100084d4                i2c_master_write_packet_wait
 .text.i2c_master_write_packet_wait_no_stop
                0x10008504       0x30 src/ASF/sam0/drivers/i2c/i2c_master.o
                0x10008504                i2c_master_write_packet_wait_no_stop
 .text._i2c_master_isr_handler
                0x10008534      0x174 src/ASF/sam0/drivers/i2c/i2c_master_interrupt.o
                0x10008534                _i2c_master_isr_handler
 .text.timer_get_config_defaults
                0x100086a8        0xc src/ASF/sam0/drivers/timer/timer.o
                0x100086a8                timer_get_config_defaults
 .text.timer_clear_interrupt_status
                0x100086b4       0x14 src/ASF/sam0/drivers/timer/timer.o
                0x100086b4                timer_clear_interrupt_status
 .text.timer_isr_handler
                0x100086c8       0x24 src/ASF/sam0/drivers/timer/timer.o
 .text.timer_enable
                0x100086ec       0x10 src/ASF/sam0/drivers/timer/timer.o
                0x100086ec                timer_enable
 .text.timer_register_callback
                0x100086fc        0xc src/ASF/sam0/drivers/timer/timer.o
                0x100086fc                timer_register_callback
 .text.timer_init
                0x10008708       0x3c src/ASF/sam0/drivers/timer/timer.o
                0x10008708                timer_init
 .text._read    0x10008744       0x44 src/ASF/sam0/utils/stdio/read.o
                0x10008744                _read
 .text._write   0x10008788       0x50 src/ASF/sam0/utils/stdio/write.o
                0x10008788                _write
 .text.gpio_get_config_defaults
                0x100087d8       0x10 src/ASF/sam0/drivers/gpio/gpio.o
                0x100087d8                gpio_get_config_defaults
 .text.gpio_pin_set_config
                0x100087e8      0x1c8 src/ASF/sam0/drivers/gpio/gpio.o
                0x100087e8                gpio_pin_set_config
 .text.gpio_pin_toggle_output_level
                0x100089b0       0x54 src/ASF/sam0/drivers/gpio/gpio.o
                0x100089b0                gpio_pin_toggle_output_level
 .text.gpio_pinmux_cofiguration
                0x10008a04      0x158 src/ASF/sam0/drivers/gpio/gpio.o
                0x10008a04                gpio_pinmux_cofiguration
 .text.system_clock_config
                0x10008b5c       0x84 src/ASF/sam0/drivers/system/system_sam_b.o
                0x10008b5c                system_clock_config
 .text.system_clock_get_value
                0x10008be0        0xc src/ASF/sam0/drivers/system/system_sam_b.o
                0x10008be0                system_clock_get_value
 .text.system_clock_peripheral_enable
                0x10008bec      0x35c src/ASF/sam0/drivers/system/system_sam_b.o
                0x10008bec                system_clock_peripheral_enable
 .text.system_peripheral_reset
                0x10008f48      0x468 src/ASF/sam0/drivers/system/system_sam_b.o
                0x10008f48                system_peripheral_reset
 .text.system_register_isr
                0x100093b0       0x10 src/ASF/sam0/drivers/system/system_sam_b.o
                0x100093b0                system_register_isr
 .text.uart_rx0_isr_handler
                0x100093c0       0x88 src/ASF/sam0/drivers/uart/uart.o
 .text.uart_tx0_isr_handler
                0x10009448       0x8c src/ASF/sam0/drivers/uart/uart.o
 .text.uart_rx1_isr_handler
                0x100094d4       0x88 src/ASF/sam0/drivers/uart/uart.o
 .text.uart_tx1_isr_handler
                0x1000955c       0x8c src/ASF/sam0/drivers/uart/uart.o
 .text.uart_get_config_defaults
                0x100095e8       0x2c src/ASF/sam0/drivers/uart/uart.o
                0x100095e8                uart_get_config_defaults
 .text.uart_init
                0x10009614      0x1bc src/ASF/sam0/drivers/uart/uart.o
                0x10009614                uart_init
 .text.uart_write_wait
                0x100097d0       0x10 src/ASF/sam0/drivers/uart/uart.o
                0x100097d0                uart_write_wait
 .text.uart_read_wait
                0x100097e0       0x14 src/ASF/sam0/drivers/uart/uart.o
                0x100097e0                uart_read_wait
 .text._sbrk    0x100097f4       0x24 src/ASF/sam0/utils/syscalls/gcc/syscalls.o
                0x100097f4                _sbrk
 .text._close   0x10009818        0x8 src/ASF/sam0/utils/syscalls/gcc/syscalls.o
                0x10009818                _close
 .text._fstat   0x10009820        0xc src/ASF/sam0/utils/syscalls/gcc/syscalls.o
                0x10009820                _fstat
 .text._isatty  0x1000982c        0x4 src/ASF/sam0/utils/syscalls/gcc/syscalls.o
                0x1000982c                _isatty
 .text._lseek   0x10009830        0x4 src/ASF/sam0/utils/syscalls/gcc/syscalls.o
                0x10009830                _lseek
 .text.timer_callback
                0x10009834       0x1c src/qs_uart_basic.o
 .text.usart_serial_getchar
                0x10009850       0x18 src/qs_uart_basic.o
 .text.usart_serial_putchar
                0x10009868       0x18 src/qs_uart_basic.o
 .text.readQuatData
                0x10009880       0xa4 src/qs_uart_basic.o
                0x10009880                readQuatData
 .text.readAccelData
                0x10009924       0x4c src/qs_uart_basic.o
                0x10009924                readAccelData
 .text.acc_to_earth_frame
                0x10009970       0xf8 src/qs_uart_basic.o
                0x10009970                acc_to_earth_frame
 .text.main     0x10009a68      0x3f0 src/qs_uart_basic.o
                0x10009a68                main
 .text.sqrt     0x10009e58       0xb8 c:/program files/atmel/studio/7.0/toolchain/arm/arm-gnu-toolchain/bin/../lib/gcc/arm-none-eabi/4.9.3/../../../../arm-none-eabi/lib/armv6-m\libm.a(lib_a-w_sqrt.o)
                0x10009e58                sqrt
 .text.__ieee754_sqrt
                0x10009f10      0x1ec c:/program files/atmel/studio/7.0/toolchain/arm/arm-gnu-toolchain/bin/../lib/gcc/arm-none-eabi/4.9.3/../../../../arm-none-eabi/lib/armv6-m\libm.a(lib_a-e_sqrt.o)
                0x10009f10                __ieee754_sqrt
 .text.__fpclassifyd
                0x1000a0fc       0x5c c:/program files/atmel/studio/7.0/toolchain/arm/arm-gnu-toolchain/bin/../lib/gcc/arm-none-eabi/4.9.3/../../../../arm-none-eabi/lib/armv6-m\libm.a(lib_a-s_fpclassify.o)
                0x1000a0fc                __fpclassifyd
 .text.matherr  0x1000a158        0x4 c:/program files/atmel/studio/7.0/toolchain/arm/arm-gnu-toolchain/bin/../lib/gcc/arm-none-eabi/4.9.3/../../../../arm-none-eabi/lib/armv6-m\libm.a(lib_a-s_matherr.o)
                0x1000a158                matherr
 .text          0x1000a15c      0x120 c:/program files/atmel/studio/7.0/toolchain/arm/arm-gnu-toolchain/bin/../lib/gcc/arm-none-eabi/4.9.3/armv6-m\libgcc.a(_udivsi3.o)
                0x1000a15c                __aeabi_uidiv
                0x1000a15c                __udivsi3
                0x1000a268                __aeabi_uidivmod
 .text          0x1000a27c        0x4 c:/program files/atmel/studio/7.0/toolchain/arm/arm-gnu-toolchain/bin/../lib/gcc/arm-none-eabi/4.9.3/armv6-m\libgcc.a(_dvmd_tls.o)
                0x1000a27c                __aeabi_idiv0
                0x1000a27c                __aeabi_ldiv0
 .text          0x1000a280       0x7c c:/program files/atmel/studio/7.0/toolchain/arm/arm-gnu-toolchain/bin/../lib/gcc/arm-none-eabi/4.9.3/armv6-m\libgcc.a(_arm_cmpdf2.o)
                0x1000a280                __aeabi_cdrcmple
                0x1000a290                __aeabi_cdcmple
                0x1000a290                __aeabi_cdcmpeq
                0x1000a2a0                __aeabi_dcmpeq
                0x1000a2ac                __aeabi_dcmplt
                0x1000a2c0                __aeabi_dcmple
                0x1000a2d4                __aeabi_dcmpgt
                0x1000a2e8                __aeabi_dcmpge
 .text          0x1000a2fc       0x74 c:/program files/atmel/studio/7.0/toolchain/arm/arm-gnu-toolchain/bin/../lib/gcc/arm-none-eabi/4.9.3/armv6-m\libgcc.a(_arm_cmpsf2.o)
                0x1000a2fc                __aeabi_cfrcmple
                0x1000a304                __aeabi_cfcmpeq
                0x1000a304                __aeabi_cfcmple
                0x1000a314                __aeabi_fcmpeq
                0x1000a320                __aeabi_fcmplt
                0x1000a334                __aeabi_fcmple
                0x1000a348                __aeabi_fcmpgt
                0x1000a35c                __aeabi_fcmpge
 .text          0x1000a370      0x2f8 c:/program files/atmel/studio/7.0/toolchain/arm/arm-gnu-toolchain/bin/../lib/gcc/arm-none-eabi/4.9.3/armv6-m\libgcc.a(addsf3.o)
                0x1000a370                __aeabi_fadd
 .text          0x1000a668       0x54 c:/program files/atmel/studio/7.0/toolchain/arm/arm-gnu-toolchain/bin/../lib/gcc/arm-none-eabi/4.9.3/armv6-m\libgcc.a(eqsf2.o)
                0x1000a668                __eqsf2
                0x1000a668                __nesf2
 .text          0x1000a6bc       0x94 c:/program files/atmel/studio/7.0/toolchain/arm/arm-gnu-toolchain/bin/../lib/gcc/arm-none-eabi/4.9.3/armv6-m\libgcc.a(gesf2.o)
                0x1000a6bc                __gesf2
                0x1000a6bc                __gtsf2
 .text          0x1000a750       0x8c c:/program files/atmel/studio/7.0/toolchain/arm/arm-gnu-toolchain/bin/../lib/gcc/arm-none-eabi/4.9.3/armv6-m\libgcc.a(lesf2.o)
                0x1000a750                __ltsf2
                0x1000a750                __lesf2
 .text          0x1000a7dc      0x264 c:/program files/atmel/studio/7.0/toolchain/arm/arm-gnu-toolchain/bin/../lib/gcc/arm-none-eabi/4.9.3/armv6-m\libgcc.a(mulsf3.o)
                0x1000a7dc                __aeabi_fmul
 .text          0x1000aa40      0x2fc c:/program files/atmel/studio/7.0/toolchain/arm/arm-gnu-toolchain/bin/../lib/gcc/arm-none-eabi/4.9.3/armv6-m\libgcc.a(subsf3.o)
                0x1000aa40                __aeabi_fsub
 .text          0x1000ad3c       0x90 c:/program files/atmel/studio/7.0/toolchain/arm/arm-gnu-toolchain/bin/../lib/gcc/arm-none-eabi/4.9.3/armv6-m\libgcc.a(floatsisf.o)
                0x1000ad3c                __aeabi_i2f
 .text          0x1000adcc      0x650 c:/program files/atmel/studio/7.0/toolchain/arm/arm-gnu-toolchain/bin/../lib/gcc/arm-none-eabi/4.9.3/armv6-m\libgcc.a(adddf3.o)
                0x1000adcc                __aeabi_dadd
 .text          0x1000b41c      0x648 c:/program files/atmel/studio/7.0/toolchain/arm/arm-gnu-toolchain/bin/../lib/gcc/arm-none-eabi/4.9.3/armv6-m\libgcc.a(divdf3.o)
                0x1000b41c                __aeabi_ddiv
 .text          0x1000ba64       0x88 c:/program files/atmel/studio/7.0/toolchain/arm/arm-gnu-toolchain/bin/../lib/gcc/arm-none-eabi/4.9.3/armv6-m\libgcc.a(eqdf2.o)
                0x1000ba64                __nedf2
                0x1000ba64                __eqdf2
 .text          0x1000baec       0xe0 c:/program files/atmel/studio/7.0/toolchain/arm/arm-gnu-toolchain/bin/../lib/gcc/arm-none-eabi/4.9.3/armv6-m\libgcc.a(gedf2.o)
                0x1000baec                __gedf2
                0x1000baec                __gtdf2
 .text          0x1000bbcc       0xcc c:/program files/atmel/studio/7.0/toolchain/arm/arm-gnu-toolchain/bin/../lib/gcc/arm-none-eabi/4.9.3/armv6-m\libgcc.a(ledf2.o)
                0x1000bbcc                __ledf2
                0x1000bbcc                __ltdf2
 .text          0x1000bc98      0x534 c:/program files/atmel/studio/7.0/toolchain/arm/arm-gnu-toolchain/bin/../lib/gcc/arm-none-eabi/4.9.3/armv6-m\libgcc.a(muldf3.o)
                0x1000bc98                __aeabi_dmul
 .text          0x1000c1cc      0x6f4 c:/program files/atmel/studio/7.0/toolchain/arm/arm-gnu-toolchain/bin/../lib/gcc/arm-none-eabi/4.9.3/armv6-m\libgcc.a(subdf3.o)
                0x1000c1cc                __aeabi_dsub
 .text          0x1000c8c0       0xa8 c:/program files/atmel/studio/7.0/toolchain/arm/arm-gnu-toolchain/bin/../lib/gcc/arm-none-eabi/4.9.3/armv6-m\libgcc.a(extendsfdf2.o)
                0x1000c8c0                __aeabi_f2d
 .text          0x1000c968      0x120 c:/program files/atmel/studio/7.0/toolchain/arm/arm-gnu-toolchain/bin/../lib/gcc/arm-none-eabi/4.9.3/armv6-m\libgcc.a(truncdfsf2.o)
                0x1000c968                __aeabi_d2f
 .text          0x1000ca88       0x3c c:/program files/atmel/studio/7.0/toolchain/arm/arm-gnu-toolchain/bin/../lib/gcc/arm-none-eabi/4.9.3/armv6-m\libgcc.a(_clzsi2.o)
                0x1000ca88                __clzsi2
 .text.gcvt     0x1000cac4       0x48 c:/program files/atmel/studio/7.0/toolchain/arm/arm-gnu-toolchain/bin/../lib/gcc/arm-none-eabi/4.9.3/../../../../arm-none-eabi/lib/armv6-m\libc_nano.a(lib_a-efgcvt.o)
                0x1000cac4                gcvt
 .text.__errno  0x1000cb0c        0xc c:/program files/atmel/studio/7.0/toolchain/arm/arm-gnu-toolchain/bin/../lib/gcc/arm-none-eabi/4.9.3/../../../../arm-none-eabi/lib/armv6-m\libc_nano.a(lib_a-errno.o)
                0x1000cb0c                __errno
 .text.__libc_init_array
                0x1000cb18       0x4c c:/program files/atmel/studio/7.0/toolchain/arm/arm-gnu-toolchain/bin/../lib/gcc/arm-none-eabi/4.9.3/../../../../arm-none-eabi/lib/armv6-m\libc_nano.a(lib_a-init.o)
                0x1000cb18                __libc_init_array
 .text.memcpy   0x1000cb64       0x12 c:/program files/atmel/studio/7.0/toolchain/arm/arm-gnu-toolchain/bin/../lib/gcc/arm-none-eabi/4.9.3/../../../../arm-none-eabi/lib/armv6-m\libc_nano.a(lib_a-memcpy.o)
                0x1000cb64                memcpy
 .text.memset   0x1000cb76       0x10 c:/program files/atmel/studio/7.0/toolchain/arm/arm-gnu-toolchain/bin/../lib/gcc/arm-none-eabi/4.9.3/../../../../arm-none-eabi/lib/armv6-m\libc_nano.a(lib_a-memset.o)
                0x1000cb76                memset
 *fill*         0x1000cb86        0x2 
 .text.printf   0x1000cb88       0x34 c:/program files/atmel/studio/7.0/toolchain/arm/arm-gnu-toolchain/bin/../lib/gcc/arm-none-eabi/4.9.3/../../../../arm-none-eabi/lib/armv6-m\libc_nano.a(lib_a-printf.o)
                0x1000cb88                iprintf
                0x1000cb88                printf
 .text.setbuf   0x1000cbbc       0x12 c:/program files/atmel/studio/7.0/toolchain/arm/arm-gnu-toolchain/bin/../lib/gcc/arm-none-eabi/4.9.3/../../../../arm-none-eabi/lib/armv6-m\libc_nano.a(lib_a-setbuf.o)
                0x1000cbbc                setbuf
 *fill*         0x1000cbce        0x2 
 .text.setvbuf  0x1000cbd0      0x10c c:/program files/atmel/studio/7.0/toolchain/arm/arm-gnu-toolchain/bin/../lib/gcc/arm-none-eabi/4.9.3/../../../../arm-none-eabi/lib/armv6-m\libc_nano.a(lib_a-setvbuf.o)
                0x1000cbd0                setvbuf
 .text.print_e  0x1000ccdc       0xf4 c:/program files/atmel/studio/7.0/toolchain/arm/arm-gnu-toolchain/bin/../lib/gcc/arm-none-eabi/4.9.3/../../../../arm-none-eabi/lib/armv6-m\libc_nano.a(lib_a-ecvtbuf.o)
 .text._gcvt    0x1000cdd0      0x18c c:/program files/atmel/studio/7.0/toolchain/arm/arm-gnu-toolchain/bin/../lib/gcc/arm-none-eabi/4.9.3/../../../../arm-none-eabi/lib/armv6-m\libc_nano.a(lib_a-ecvtbuf.o)
                0x1000cdd0                _gcvt
 .text.__sflush_r
                0x1000cf5c      0x112 c:/program files/atmel/studio/7.0/toolchain/arm/arm-gnu-toolchain/bin/../lib/gcc/arm-none-eabi/4.9.3/../../../../arm-none-eabi/lib/armv6-m\libc_nano.a(lib_a-fflush.o)
                0x1000cf5c                __sflush_r
 *fill*         0x1000d06e        0x2 
 .text._fflush_r
                0x1000d070       0x58 c:/program files/atmel/studio/7.0/toolchain/arm/arm-gnu-toolchain/bin/../lib/gcc/arm-none-eabi/4.9.3/../../../../arm-none-eabi/lib/armv6-m\libc_nano.a(lib_a-fflush.o)
                0x1000d070                _fflush_r
 .text._cleanup_r
                0x1000d0c8       0x10 c:/program files/atmel/studio/7.0/toolchain/arm/arm-gnu-toolchain/bin/../lib/gcc/arm-none-eabi/4.9.3/../../../../arm-none-eabi/lib/armv6-m\libc_nano.a(lib_a-findfp.o)
                0x1000d0c8                _cleanup_r
 .text.std.isra.0
                0x1000d0d8       0x48 c:/program files/atmel/studio/7.0/toolchain/arm/arm-gnu-toolchain/bin/../lib/gcc/arm-none-eabi/4.9.3/../../../../arm-none-eabi/lib/armv6-m\libc_nano.a(lib_a-findfp.o)
 .text.__sfmoreglue
                0x1000d120       0x2c c:/program files/atmel/studio/7.0/toolchain/arm/arm-gnu-toolchain/bin/../lib/gcc/arm-none-eabi/4.9.3/../../../../arm-none-eabi/lib/armv6-m\libc_nano.a(lib_a-findfp.o)
                0x1000d120                __sfmoreglue
 .text.__sinit  0x1000d14c       0x64 c:/program files/atmel/studio/7.0/toolchain/arm/arm-gnu-toolchain/bin/../lib/gcc/arm-none-eabi/4.9.3/../../../../arm-none-eabi/lib/armv6-m\libc_nano.a(lib_a-findfp.o)
                0x1000d14c                __sinit
 .text.__sfp    0x1000d1b0       0x7c c:/program files/atmel/studio/7.0/toolchain/arm/arm-gnu-toolchain/bin/../lib/gcc/arm-none-eabi/4.9.3/../../../../arm-none-eabi/lib/armv6-m\libc_nano.a(lib_a-findfp.o)
                0x1000d1b0                __sfp
 .text._fwalk_reent
                0x1000d22c       0x42 c:/program files/atmel/studio/7.0/toolchain/arm/arm-gnu-toolchain/bin/../lib/gcc/arm-none-eabi/4.9.3/../../../../arm-none-eabi/lib/armv6-m\libc_nano.a(lib_a-fwalk.o)
                0x1000d22c                _fwalk_reent
 *fill*         0x1000d26e        0x2 
 .text.malloc   0x1000d270       0x14 c:/program files/atmel/studio/7.0/toolchain/arm/arm-gnu-toolchain/bin/../lib/gcc/arm-none-eabi/4.9.3/../../../../arm-none-eabi/lib/armv6-m\libc_nano.a(lib_a-malloc.o)
                0x1000d270                malloc
 .text._Balloc  0x1000d284       0x70 c:/program files/atmel/studio/7.0/toolchain/arm/arm-gnu-toolchain/bin/../lib/gcc/arm-none-eabi/4.9.3/../../../../arm-none-eabi/lib/armv6-m\libc_nano.a(lib_a-mprec.o)
                0x1000d284                _Balloc
 .text._Bfree   0x1000d2f4       0x32 c:/program files/atmel/studio/7.0/toolchain/arm/arm-gnu-toolchain/bin/../lib/gcc/arm-none-eabi/4.9.3/../../../../arm-none-eabi/lib/armv6-m\libc_nano.a(lib_a-mprec.o)
                0x1000d2f4                _Bfree
 .text.__multadd
                0x1000d326       0x78 c:/program files/atmel/studio/7.0/toolchain/arm/arm-gnu-toolchain/bin/../lib/gcc/arm-none-eabi/4.9.3/../../../../arm-none-eabi/lib/armv6-m\libc_nano.a(lib_a-mprec.o)
                0x1000d326                __multadd
 .text.__hi0bits
                0x1000d39e       0x36 c:/program files/atmel/studio/7.0/toolchain/arm/arm-gnu-toolchain/bin/../lib/gcc/arm-none-eabi/4.9.3/../../../../arm-none-eabi/lib/armv6-m\libc_nano.a(lib_a-mprec.o)
                0x1000d39e                __hi0bits
 .text.__lo0bits
                0x1000d3d4       0x5e c:/program files/atmel/studio/7.0/toolchain/arm/arm-gnu-toolchain/bin/../lib/gcc/arm-none-eabi/4.9.3/../../../../arm-none-eabi/lib/armv6-m\libc_nano.a(lib_a-mprec.o)
                0x1000d3d4                __lo0bits
 .text.__i2b    0x1000d432       0x12 c:/program files/atmel/studio/7.0/toolchain/arm/arm-gnu-toolchain/bin/../lib/gcc/arm-none-eabi/4.9.3/../../../../arm-none-eabi/lib/armv6-m\libc_nano.a(lib_a-mprec.o)
                0x1000d432                __i2b
 .text.__multiply
                0x1000d444      0x11a c:/program files/atmel/studio/7.0/toolchain/arm/arm-gnu-toolchain/bin/../lib/gcc/arm-none-eabi/4.9.3/../../../../arm-none-eabi/lib/armv6-m\libc_nano.a(lib_a-mprec.o)
                0x1000d444                __multiply
 *fill*         0x1000d55e        0x2 
 .text.__pow5mult
                0x1000d560       0xa4 c:/program files/atmel/studio/7.0/toolchain/arm/arm-gnu-toolchain/bin/../lib/gcc/arm-none-eabi/4.9.3/../../../../arm-none-eabi/lib/armv6-m\libc_nano.a(lib_a-mprec.o)
                0x1000d560                __pow5mult
 .text.__lshift
                0x1000d604       0xa4 c:/program files/atmel/studio/7.0/toolchain/arm/arm-gnu-toolchain/bin/../lib/gcc/arm-none-eabi/4.9.3/../../../../arm-none-eabi/lib/armv6-m\libc_nano.a(lib_a-mprec.o)
                0x1000d604                __lshift
 .text.__mcmp   0x1000d6a8       0x36 c:/program files/atmel/studio/7.0/toolchain/arm/arm-gnu-toolchain/bin/../lib/gcc/arm-none-eabi/4.9.3/../../../../arm-none-eabi/lib/armv6-m\libc_nano.a(lib_a-mprec.o)
                0x1000d6a8                __mcmp
 .text.__mdiff  0x1000d6de       0xd6 c:/program files/atmel/studio/7.0/toolchain/arm/arm-gnu-toolchain/bin/../lib/gcc/arm-none-eabi/4.9.3/../../../../arm-none-eabi/lib/armv6-m\libc_nano.a(lib_a-mprec.o)
                0x1000d6de                __mdiff
 .text.__d2b    0x1000d7b4       0xa8 c:/program files/atmel/studio/7.0/toolchain/arm/arm-gnu-toolchain/bin/../lib/gcc/arm-none-eabi/4.9.3/../../../../arm-none-eabi/lib/armv6-m\libc_nano.a(lib_a-mprec.o)
                0x1000d7b4                __d2b
 .text._mprec_log10
                0x1000d85c       0x34 c:/program files/atmel/studio/7.0/toolchain/arm/arm-gnu-toolchain/bin/../lib/gcc/arm-none-eabi/4.9.3/../../../../arm-none-eabi/lib/armv6-m\libc_nano.a(lib_a-mprec.o)
                0x1000d85c                _mprec_log10
 .text._calloc_r
                0x1000d890       0x1c c:/program files/atmel/studio/7.0/toolchain/arm/arm-gnu-toolchain/bin/../lib/gcc/arm-none-eabi/4.9.3/../../../../arm-none-eabi/lib/armv6-m\libc_nano.a(lib_a-nano-callocr.o)
                0x1000d890                _calloc_r
 .text._free_r  0x1000d8ac       0x8c c:/program files/atmel/studio/7.0/toolchain/arm/arm-gnu-toolchain/bin/../lib/gcc/arm-none-eabi/4.9.3/../../../../arm-none-eabi/lib/armv6-m\libc_nano.a(lib_a-nano-freer.o)
                0x1000d8ac                _free_r
 .text._malloc_r
                0x1000d938       0xb0 c:/program files/atmel/studio/7.0/toolchain/arm/arm-gnu-toolchain/bin/../lib/gcc/arm-none-eabi/4.9.3/../../../../arm-none-eabi/lib/armv6-m\libc_nano.a(lib_a-nano-mallocr.o)
                0x1000d938                _malloc_r
 .text.__sfputc_r
                0x1000d9e8       0x2a c:/program files/atmel/studio/7.0/toolchain/arm/arm-gnu-toolchain/bin/../lib/gcc/arm-none-eabi/4.9.3/../../../../arm-none-eabi/lib/armv6-m\libc_nano.a(lib_a-nano-vfprintf.o)
 .text.__sfputs_r
                0x1000da12       0x24 c:/program files/atmel/studio/7.0/toolchain/arm/arm-gnu-toolchain/bin/../lib/gcc/arm-none-eabi/4.9.3/../../../../arm-none-eabi/lib/armv6-m\libc_nano.a(lib_a-nano-vfprintf.o)
                0x1000da12                __sfputs_r
 *fill*         0x1000da36        0x2 
 .text._vfprintf_r
                0x1000da38      0x220 c:/program files/atmel/studio/7.0/toolchain/arm/arm-gnu-toolchain/bin/../lib/gcc/arm-none-eabi/4.9.3/../../../../arm-none-eabi/lib/armv6-m\libc_nano.a(lib_a-nano-vfprintf.o)
                0x1000da38                _vfprintf_r
                0x1000da38                _vfiprintf_r
 .text._printf_common
                0x1000dc58       0xdc c:/program files/atmel/studio/7.0/toolchain/arm/arm-gnu-toolchain/bin/../lib/gcc/arm-none-eabi/4.9.3/../../../../arm-none-eabi/lib/armv6-m\libc_nano.a(lib_a-nano-vfprintf_i.o)
                0x1000dc58                _printf_common
 .text._printf_i
                0x1000dd34      0x230 c:/program files/atmel/studio/7.0/toolchain/arm/arm-gnu-toolchain/bin/../lib/gcc/arm-none-eabi/4.9.3/../../../../arm-none-eabi/lib/armv6-m\libc_nano.a(lib_a-nano-vfprintf_i.o)
                0x1000dd34                _printf_i
 .text._sbrk_r  0x1000df64       0x24 c:/program files/atmel/studio/7.0/toolchain/arm/arm-gnu-toolchain/bin/../lib/gcc/arm-none-eabi/4.9.3/../../../../arm-none-eabi/lib/armv6-m\libc_nano.a(lib_a-sbrkr.o)
                0x1000df64                _sbrk_r
 .text.__sread  0x1000df88       0x28 c:/program files/atmel/studio/7.0/toolchain/arm/arm-gnu-toolchain/bin/../lib/gcc/arm-none-eabi/4.9.3/../../../../arm-none-eabi/lib/armv6-m\libc_nano.a(lib_a-stdio.o)
                0x1000df88                __sread
 .text.__swrite
                0x1000dfb0       0x38 c:/program files/atmel/studio/7.0/toolchain/arm/arm-gnu-toolchain/bin/../lib/gcc/arm-none-eabi/4.9.3/../../../../arm-none-eabi/lib/armv6-m\libc_nano.a(lib_a-stdio.o)
                0x1000dfb0                __swrite
 .text.__sseek  0x1000dfe8       0x2c c:/program files/atmel/studio/7.0/toolchain/arm/arm-gnu-toolchain/bin/../lib/gcc/arm-none-eabi/4.9.3/../../../../arm-none-eabi/lib/armv6-m\libc_nano.a(lib_a-stdio.o)
                0x1000dfe8                __sseek
 .text.__sclose
                0x1000e014        0xc c:/program files/atmel/studio/7.0/toolchain/arm/arm-gnu-toolchain/bin/../lib/gcc/arm-none-eabi/4.9.3/../../../../arm-none-eabi/lib/armv6-m\libc_nano.a(lib_a-stdio.o)
                0x1000e014                __sclose
 .text.strcpy   0x1000e020       0x10 c:/program files/atmel/studio/7.0/toolchain/arm/arm-gnu-toolchain/bin/../lib/gcc/arm-none-eabi/4.9.3/../../../../arm-none-eabi/lib/armv6-m\libc_nano.a(lib_a-strcpy.o)
                0x1000e020                strcpy
 .text.__swbuf_r
                0x1000e030       0xb0 c:/program files/atmel/studio/7.0/toolchain/arm/arm-gnu-toolchain/bin/../lib/gcc/arm-none-eabi/4.9.3/../../../../arm-none-eabi/lib/armv6-m\libc_nano.a(lib_a-wbuf.o)
                0x1000e030                __swbuf_r
 .text._write_r
                0x1000e0e0       0x28 c:/program files/atmel/studio/7.0/toolchain/arm/arm-gnu-toolchain/bin/../lib/gcc/arm-none-eabi/4.9.3/../../../../arm-none-eabi/lib/armv6-m\libc_nano.a(lib_a-writer.o)
                0x1000e0e0                _write_r
 .text.__swsetup_r
                0x1000e108       0xe8 c:/program files/atmel/studio/7.0/toolchain/arm/arm-gnu-toolchain/bin/../lib/gcc/arm-none-eabi/4.9.3/../../../../arm-none-eabi/lib/armv6-m\libc_nano.a(lib_a-wsetup.o)
                0x1000e108                __swsetup_r
 .text._close_r
                0x1000e1f0       0x24 c:/program files/atmel/studio/7.0/toolchain/arm/arm-gnu-toolchain/bin/../lib/gcc/arm-none-eabi/4.9.3/../../../../arm-none-eabi/lib/armv6-m\libc_nano.a(lib_a-closer.o)
                0x1000e1f0                _close_r
 .text.quorem   0x1000e214      0x10e c:/program files/atmel/studio/7.0/toolchain/arm/arm-gnu-toolchain/bin/../lib/gcc/arm-none-eabi/4.9.3/../../../../arm-none-eabi/lib/armv6-m\libc_nano.a(lib_a-dtoa.o)
 *fill*         0x1000e322        0x2 
 .text._dtoa_r  0x1000e324      0xc00 c:/program files/atmel/studio/7.0/toolchain/arm/arm-gnu-toolchain/bin/../lib/gcc/arm-none-eabi/4.9.3/../../../../arm-none-eabi/lib/armv6-m\libc_nano.a(lib_a-dtoa.o)
                0x1000e324                _dtoa_r
 .text._lseek_r
                0x1000ef24       0x28 c:/program files/atmel/studio/7.0/toolchain/arm/arm-gnu-toolchain/bin/../lib/gcc/arm-none-eabi/4.9.3/../../../../arm-none-eabi/lib/armv6-m\libc_nano.a(lib_a-lseekr.o)
                0x1000ef24                _lseek_r
 .text.__smakebuf_r
                0x1000ef4c       0xb0 c:/program files/atmel/studio/7.0/toolchain/arm/arm-gnu-toolchain/bin/../lib/gcc/arm-none-eabi/4.9.3/../../../../arm-none-eabi/lib/armv6-m\libc_nano.a(lib_a-makebuf.o)
                0x1000ef4c                __smakebuf_r
 .text.memchr   0x1000effc       0x16 c:/program files/atmel/studio/7.0/toolchain/arm/arm-gnu-toolchain/bin/../lib/gcc/arm-none-eabi/4.9.3/../../../../arm-none-eabi/lib/armv6-m\libc_nano.a(lib_a-memchr.o)
                0x1000effc                memchr
 *fill*         0x1000f012        0x2 
 .text._read_r  0x1000f014       0x28 c:/program files/atmel/studio/7.0/toolchain/arm/arm-gnu-toolchain/bin/../lib/gcc/arm-none-eabi/4.9.3/../../../../arm-none-eabi/lib/armv6-m\libc_nano.a(lib_a-readr.o)
                0x1000f014                _read_r
 .text._fstat_r
                0x1000f03c       0x24 c:/program files/atmel/studio/7.0/toolchain/arm/arm-gnu-toolchain/bin/../lib/gcc/arm-none-eabi/4.9.3/../../../../arm-none-eabi/lib/armv6-m\libc_nano.a(lib_a-fstatr.o)
                0x1000f03c                _fstat_r
 .text._isatty_r
                0x1000f060       0x24 c:/program files/atmel/studio/7.0/toolchain/arm/arm-gnu-toolchain/bin/../lib/gcc/arm-none-eabi/4.9.3/../../../../arm-none-eabi/lib/armv6-m\libc_nano.a(lib_a-isattyr.o)
                0x1000f060                _isatty_r
 .text          0x1000f084       0x14 c:/program files/atmel/studio/7.0/toolchain/arm/arm-gnu-toolchain/bin/../lib/gcc/arm-none-eabi/4.9.3/armv6-m\libgcc.a(_thumb1_case_uqi.o)
                0x1000f084                __gnu_thumb1_case_uqi
 .text          0x1000f098      0x1e0 c:/program files/atmel/studio/7.0/toolchain/arm/arm-gnu-toolchain/bin/../lib/gcc/arm-none-eabi/4.9.3/armv6-m\libgcc.a(_divsi3.o)
                0x1000f098                __divsi3
                0x1000f098                __aeabi_idiv
                0x1000f264                __aeabi_idivmod
 .text          0x1000f278       0x6c c:/program files/atmel/studio/7.0/toolchain/arm/arm-gnu-toolchain/bin/../lib/gcc/arm-none-eabi/4.9.3/armv6-m\libgcc.a(fixdfsi.o)
                0x1000f278                __aeabi_d2iz
 .text          0x1000f2e4       0x78 c:/program files/atmel/studio/7.0/toolchain/arm/arm-gnu-toolchain/bin/../lib/gcc/arm-none-eabi/4.9.3/armv6-m\libgcc.a(floatsidf.o)
                0x1000f2e4                __aeabi_i2d
 .text          0x1000f35c       0x64 c:/program files/atmel/studio/7.0/toolchain/arm/arm-gnu-toolchain/bin/../lib/gcc/arm-none-eabi/4.9.3/armv6-m\libgcc.a(floatunsidf.o)
                0x1000f35c                __aeabi_ui2d
 *(.glue_7t)
 .glue_7t       0x00000000        0x0 linker stubs
 *(.glue_7)
 .glue_7        0x00000000        0x0 linker stubs
 *(.rodata .rodata* .gnu.linkonce.r.*)
 .rodata.Configuration
                0x1000f3c0       0x10 src/sentral/sentral_interface.o
 .rodata.system_clock_peripheral_enable
                0x1000f3d0       0xd8 src/ASF/sam0/drivers/system/system_sam_b.o
 .rodata.system_peripheral_reset
                0x1000f4a8      0x110 src/ASF/sam0/drivers/system/system_sam_b.o
 .rodata.str1.4
                0x1000f5b8       0x1d src/qs_uart_basic.o
 *fill*         0x1000f5d5        0x3 
 .rodata.str1.4
                0x1000f5d8        0x8 c:/program files/atmel/studio/7.0/toolchain/arm/arm-gnu-toolchain/bin/../lib/gcc/arm-none-eabi/4.9.3/../../../../arm-none-eabi/lib/armv6-m\libm.a(lib_a-w_sqrt.o)
                                  0x5 (size before relaxing)
 .rodata        0x1000f5e0       0x40 c:/program files/atmel/studio/7.0/toolchain/arm/arm-gnu-toolchain/bin/../lib/gcc/arm-none-eabi/4.9.3/armv6-m\libgcc.a(mulsf3.o)
 .rodata        0x1000f620       0x40 c:/program files/atmel/studio/7.0/toolchain/arm/arm-gnu-toolchain/bin/../lib/gcc/arm-none-eabi/4.9.3/armv6-m\libgcc.a(divdf3.o)
 .rodata        0x1000f660       0x40 c:/program files/atmel/studio/7.0/toolchain/arm/arm-gnu-toolchain/bin/../lib/gcc/arm-none-eabi/4.9.3/armv6-m\libgcc.a(muldf3.o)
 .rodata.str1.1
                0x1000f6a0        0x2 c:/program files/atmel/studio/7.0/toolchain/arm/arm-gnu-toolchain/bin/../lib/gcc/arm-none-eabi/4.9.3/../../../../arm-none-eabi/lib/armv6-m\libc_nano.a(lib_a-impure.o)
 *fill*         0x1000f6a2        0x2 
 .rodata._global_impure_ptr
                0x1000f6a4        0x4 c:/program files/atmel/studio/7.0/toolchain/arm/arm-gnu-toolchain/bin/../lib/gcc/arm-none-eabi/4.9.3/../../../../arm-none-eabi/lib/armv6-m\libc_nano.a(lib_a-impure.o)
                0x1000f6a4                _global_impure_ptr
 .rodata.__sf_fake_stdin
                0x1000f6a8       0x20 c:/program files/atmel/studio/7.0/toolchain/arm/arm-gnu-toolchain/bin/../lib/gcc/arm-none-eabi/4.9.3/../../../../arm-none-eabi/lib/armv6-m\libc_nano.a(lib_a-findfp.o)
                0x1000f6a8                __sf_fake_stdin
 .rodata.__sf_fake_stdout
                0x1000f6c8       0x20 c:/program files/atmel/studio/7.0/toolchain/arm/arm-gnu-toolchain/bin/../lib/gcc/arm-none-eabi/4.9.3/../../../../arm-none-eabi/lib/armv6-m\libc_nano.a(lib_a-findfp.o)
                0x1000f6c8                __sf_fake_stdout
 .rodata.__sf_fake_stderr
                0x1000f6e8       0x20 c:/program files/atmel/studio/7.0/toolchain/arm/arm-gnu-toolchain/bin/../lib/gcc/arm-none-eabi/4.9.3/../../../../arm-none-eabi/lib/armv6-m\libc_nano.a(lib_a-findfp.o)
                0x1000f6e8                __sf_fake_stderr
 .rodata.__mprec_tens
                0x1000f708       0xc8 c:/program files/atmel/studio/7.0/toolchain/arm/arm-gnu-toolchain/bin/../lib/gcc/arm-none-eabi/4.9.3/../../../../arm-none-eabi/lib/armv6-m\libc_nano.a(lib_a-mprec.o)
                0x1000f708                __mprec_tens
 .rodata.__mprec_bigtens
                0x1000f7d0       0x28 c:/program files/atmel/studio/7.0/toolchain/arm/arm-gnu-toolchain/bin/../lib/gcc/arm-none-eabi/4.9.3/../../../../arm-none-eabi/lib/armv6-m\libc_nano.a(lib_a-mprec.o)
                0x1000f7d0                __mprec_bigtens
 .rodata.p05.5314
                0x1000f7f8        0xc c:/program files/atmel/studio/7.0/toolchain/arm/arm-gnu-toolchain/bin/../lib/gcc/arm-none-eabi/4.9.3/../../../../arm-none-eabi/lib/armv6-m\libc_nano.a(lib_a-mprec.o)
 .rodata.str1.1
                0x1000f804       0x11 c:/program files/atmel/studio/7.0/toolchain/arm/arm-gnu-toolchain/bin/../lib/gcc/arm-none-eabi/4.9.3/../../../../arm-none-eabi/lib/armv6-m\libc_nano.a(lib_a-nano-vfprintf.o)
 .rodata.str1.1
                0x1000f815       0x22 c:/program files/atmel/studio/7.0/toolchain/arm/arm-gnu-toolchain/bin/../lib/gcc/arm-none-eabi/4.9.3/../../../../arm-none-eabi/lib/armv6-m\libc_nano.a(lib_a-nano-vfprintf_i.o)
 .rodata.str1.1
                0x1000f837        0xf c:/program files/atmel/studio/7.0/toolchain/arm/arm-gnu-toolchain/bin/../lib/gcc/arm-none-eabi/4.9.3/../../../../arm-none-eabi/lib/armv6-m\libc_nano.a(lib_a-dtoa.o)
 *(.ARM.extab* .gnu.linkonce.armextab.*)
                0x1000f848                . = ALIGN (0x4)
 *fill*         0x1000f846        0x2 
 *(.init)
 .init          0x1000f848        0x4 c:/program files/atmel/studio/7.0/toolchain/arm/arm-gnu-toolchain/bin/../lib/gcc/arm-none-eabi/4.9.3/armv6-m/crti.o
                0x1000f848                _init
 .init          0x1000f84c        0x8 c:/program files/atmel/studio/7.0/toolchain/arm/arm-gnu-toolchain/bin/../lib/gcc/arm-none-eabi/4.9.3/armv6-m/crtn.o
                0x1000f854                . = ALIGN (0x4)
                0x1000f854                __preinit_array_start = .
 *(.preinit_array)
                0x1000f854                __preinit_array_end = .
                0x1000f854                . = ALIGN (0x4)
                0x1000f854                __init_array_start = .
 *(SORT(.init_array.*))
 *(.init_array)
 .init_array    0x1000f854        0x4 c:/program files/atmel/studio/7.0/toolchain/arm/arm-gnu-toolchain/bin/../lib/gcc/arm-none-eabi/4.9.3/armv6-m/crtbegin.o
                0x1000f858                __init_array_end = .
                0x1000f858                . = ALIGN (0x4)
 *crtbegin.o(.ctors)
 *(EXCLUDE_FILE(*crtend.o) .ctors)
 *(SORT(.ctors.*))
 *crtend.o(.ctors)
                0x1000f858                . = ALIGN (0x4)
 *(.fini)
 .fini          0x1000f858        0x4 c:/program files/atmel/studio/7.0/toolchain/arm/arm-gnu-toolchain/bin/../lib/gcc/arm-none-eabi/4.9.3/armv6-m/crti.o
                0x1000f858                _fini
 .fini          0x1000f85c        0x8 c:/program files/atmel/studio/7.0/toolchain/arm/arm-gnu-toolchain/bin/../lib/gcc/arm-none-eabi/4.9.3/armv6-m/crtn.o
                0x1000f864                . = ALIGN (0x4)
                0x1000f864                __fini_array_start = .
 *(.fini_array)
 .fini_array    0x1000f864        0x4 c:/program files/atmel/studio/7.0/toolchain/arm/arm-gnu-toolchain/bin/../lib/gcc/arm-none-eabi/4.9.3/armv6-m/crtbegin.o
 *(SORT(.fini_array.*))
                0x1000f868                __fini_array_end = .
 *crtbegin.o(.dtors)
 *(EXCLUDE_FILE(*crtend.o) .dtors)
 *(SORT(.dtors.*))
 *crtend.o(.dtors)
                0x1000f868                . = ALIGN (0x4)
                0x1000f868                _efixed = .

.vfp11_veneer   0x1000f868        0x0
 .vfp11_veneer  0x00000000        0x0 linker stubs

.v4_bx          0x1000f868        0x0
 .v4_bx         0x00000000        0x0 linker stubs

.iplt           0x1000f868        0x0
 .iplt          0x00000000        0x0 c:/program files/atmel/studio/7.0/toolchain/arm/arm-gnu-toolchain/bin/../lib/gcc/arm-none-eabi/4.9.3/armv6-m/crtbegin.o

.eh_frame       0x1000f868        0x0
 .eh_frame      0x1000f868        0x0 c:/program files/atmel/studio/7.0/toolchain/arm/arm-gnu-toolchain/bin/../lib/gcc/arm-none-eabi/4.9.3/armv6-m/crtbegin.o

.rel.dyn        0x1000f868        0x0
 .rel.iplt      0x00000000        0x0 c:/program files/atmel/studio/7.0/toolchain/arm/arm-gnu-toolchain/bin/../lib/gcc/arm-none-eabi/4.9.3/armv6-m/crtbegin.o

.jcr            0x1000f868        0x0
 .jcr           0x1000f868        0x0 c:/program files/atmel/studio/7.0/toolchain/arm/arm-gnu-toolchain/bin/../lib/gcc/arm-none-eabi/4.9.3/armv6-m/crtbegin.o

.igot.plt       0x1000f868        0x0
 .igot.plt      0x00000000        0x0 c:/program files/atmel/studio/7.0/toolchain/arm/arm-gnu-toolchain/bin/../lib/gcc/arm-none-eabi/4.9.3/armv6-m/crtbegin.o
                0x1000f868                . = ALIGN (0x4)
                0x1000f868                _etext = .

.relocate       0x1000f868       0x6c
                0x1000f868                . = ALIGN (0x4)
                0x1000f868                _srelocate = .
 *(.ramfunc .ramfunc.*)
 *(.data .data.*)
 .data.sample_period
                0x1000f868        0x4 src/qs_uart_basic.o
                0x1000f868                sample_period
 .data.__fdlib_version
                0x1000f86c        0x1 c:/program files/atmel/studio/7.0/toolchain/arm/arm-gnu-toolchain/bin/../lib/gcc/arm-none-eabi/4.9.3/../../../../arm-none-eabi/lib/armv6-m\libm.a(lib_a-s_lib_ver.o)
                0x1000f86c                __fdlib_version
 *fill*         0x1000f86d        0x3 
 .data.impure_data
                0x1000f870       0x60 c:/program files/atmel/studio/7.0/toolchain/arm/arm-gnu-toolchain/bin/../lib/gcc/arm-none-eabi/4.9.3/../../../../arm-none-eabi/lib/armv6-m\libc_nano.a(lib_a-impure.o)
 .data._impure_ptr
                0x1000f8d0        0x4 c:/program files/atmel/studio/7.0/toolchain/arm/arm-gnu-toolchain/bin/../lib/gcc/arm-none-eabi/4.9.3/../../../../arm-none-eabi/lib/armv6-m\libc_nano.a(lib_a-impure.o)
                0x1000f8d0                _impure_ptr
                0x1000f8d4                . = ALIGN (0x4)
                0x1000f8d4                _erelocate = .

.bss            0x1000f8d4      0x24c
                0x1000f8d4                . = ALIGN (0x4)
                0x1000f8d4                _sbss = .
                0x1000f8d4                _szero = .
 *(.bss .bss.*)
 .bss           0x1000f8d4       0x1c c:/program files/atmel/studio/7.0/toolchain/arm/arm-gnu-toolchain/bin/../lib/gcc/arm-none-eabi/4.9.3/armv6-m/crtbegin.o
 .bss.reset_count.12634
                0x1000f8f0        0x1 src/sentral/sentral_interface.o
 *fill*         0x1000f8f1        0x3 
 .bss.timer_callback
                0x1000f8f4        0x4 src/ASF/sam0/drivers/timer/timer.o
 .bss.heap.5211
                0x1000f8f8        0x4 src/ASF/sam0/utils/syscalls/gcc/syscalls.o
 .bss.acc_mag   0x1000f8fc        0x4 src/qs_uart_basic.o
                0x1000f8fc                acc_mag
 .bss.acc_mag_high_filter
                0x1000f900        0x4 src/qs_uart_basic.o
                0x1000f900                acc_mag_high_filter
 .bss.acc_mag_filter
                0x1000f904        0x4 src/qs_uart_basic.o
                0x1000f904                acc_mag_filter
 .bss.task_1    0x1000f908        0x4 src/qs_uart_basic.o
                0x1000f908                task_1
 .bss.task_2    0x1000f90c        0x4 src/qs_uart_basic.o
                0x1000f90c                task_2
 .bss.stationary
                0x1000f910        0x4 src/qs_uart_basic.o
                0x1000f910                stationary
 .bss.cq        0x1000f914       0x10 src/qs_uart_basic.o
 .bss.acc_mag_previous
                0x1000f924        0x4 src/qs_uart_basic.o
                0x1000f924                acc_mag_previous
 .bss.acc_mag_low_filter
                0x1000f928        0x4 src/qs_uart_basic.o
                0x1000f928                acc_mag_low_filter
 .bss.__malloc_sbrk_start
                0x1000f92c        0x4 c:/program files/atmel/studio/7.0/toolchain/arm/arm-gnu-toolchain/bin/../lib/gcc/arm-none-eabi/4.9.3/../../../../arm-none-eabi/lib/armv6-m\libc_nano.a(lib_a-nano-mallocr.o)
                0x1000f92c                __malloc_sbrk_start
 .bss.__malloc_free_list
                0x1000f930        0x4 c:/program files/atmel/studio/7.0/toolchain/arm/arm-gnu-toolchain/bin/../lib/gcc/arm-none-eabi/4.9.3/../../../../arm-none-eabi/lib/armv6-m\libc_nano.a(lib_a-nano-mallocr.o)
                0x1000f930                __malloc_free_list
 *(COMMON)
 COMMON         0x1000f934       0x20 src/sentral/sentral_interface.o
                0x1000f934                i2c_master_instance
 COMMON         0x1000f954        0x4 src/ASF/sam0/drivers/i2c/i2c_master_interrupt.o
                0x1000f954                _i2c_instances
 COMMON         0x1000f958        0x4 src/ASF/sam0/utils/stdio/read.o
                0x1000f958                ptr_get
 COMMON         0x1000f95c        0x8 src/ASF/sam0/utils/stdio/write.o
                0x1000f95c                ptr_put
                0x1000f960                stdio_base
 COMMON         0x1000f964        0x4 src/ASF/sam0/drivers/system/system_sam_b.o
                0x1000f964                system_clock_value
 COMMON         0x1000f968        0x8 src/ASF/sam0/drivers/uart/uart.o
                0x1000f968                _uart_instances
 COMMON         0x1000f970      0x1ac src/qs_uart_basic.o
                0x1000f970                temp_stationary
                0x1000f97c                accelCount
                0x1000f984                acc
                0x1000f990                temp_roll
                0x1000f99c                quat
                0x1000f9ac                uart_instance
                0x1000f9d0                temp_vel_y
                0x1000f9dc                q2
                0x1000f9e8                fYg
                0x1000f9ec                temp_vel_z
                0x1000f9f8                gy
                0x1000f9fc                gyroCount
                0x1000fa04                aef
                0x1000fa10                fZg
                0x1000fa14                vel
                0x1000fa20                temp_z
                0x1000fa2c                temp_pitch
                0x1000fa38                buffer
                0x1000fa9c                q3
                0x1000faa8                q1
                0x1000fab4                temp_x
                0x1000fac0                gz
                0x1000fac4                fXg
                0x1000fac8                temp_vel_x
                0x1000fad4                temp_acc_mag
                0x1000fae0                q0
                0x1000faec                pitch
                0x1000faf0                roll
                0x1000faf4                rawSensorData
                0x1000fafc                gx
                0x1000fb00                temp_heading
                0x1000fb0c                temp_y
                0x1000fb18                heading
 COMMON         0x1000fb1c        0x4 c:/program files/atmel/studio/7.0/toolchain/arm/arm-gnu-toolchain/bin/../lib/gcc/arm-none-eabi/4.9.3/../../../../arm-none-eabi/lib/armv6-m\libc_nano.a(lib_a-reent.o)
                0x1000fb1c                errno
                0x1000fb20                . = ALIGN (0x4)
                0x1000fb20                _ebss = .
                0x1000fb20                _ezero = .

.stack          0x1000fb20      0x800
                0x1000fb20                . = ALIGN (0x8)
                0x1000fb20                _sstack = .
                0x10010320                . = (. + STACK_SIZE)
 *fill*         0x1000fb20      0x800 
                0x10010320                . = ALIGN (0x8)
                0x10010320                _estack = .
                0x10010320                PROVIDE (__exidx_start, .)

.ARM.exidx
 *(.ARM.exidx* .gnu.linkonce.armexidx.*)
                0x10010320                PROVIDE (__exidx_end, .)
                0x10010320                . = ALIGN (0x4)
                0x10010320                _end = .
OUTPUT(UART_QUICK_START_BASIC1.elf elf32-littlearm)

.ARM.attributes
                0x00000000       0x28
 .ARM.attributes
                0x00000000       0x1e c:/program files/atmel/studio/7.0/toolchain/arm/arm-gnu-toolchain/bin/../lib/gcc/arm-none-eabi/4.9.3/armv6-m/crti.o
 .ARM.attributes
                0x0000001e       0x2c c:/program files/atmel/studio/7.0/toolchain/arm/arm-gnu-toolchain/bin/../lib/gcc/arm-none-eabi/4.9.3/armv6-m/crtbegin.o
 .ARM.attributes
                0x0000004a       0x31 src/sentral/sentral_interface.o
 .ARM.attributes
                0x0000007b       0x31 src/ASF/sam0/drivers/i2c/i2c_master.o
 .ARM.attributes
                0x000000ac       0x31 src/ASF/sam0/drivers/i2c/i2c_master_interrupt.o
 .ARM.attributes
                0x000000dd       0x31 src/ASF/sam0/drivers/timer/timer.o
 .ARM.attributes
                0x0000010e       0x31 src/ASF/sam0/utils/stdio/read.o
 .ARM.attributes
                0x0000013f       0x31 src/ASF/sam0/utils/stdio/write.o
 .ARM.attributes
                0x00000170       0x31 src/ASF/sam0/drivers/gpio/gpio.o
 .ARM.attributes
                0x000001a1       0x31 src/ASF/sam0/drivers/system/system_sam_b.o
 .ARM.attributes
                0x000001d2       0x31 src/ASF/sam0/drivers/uart/uart.o
 .ARM.attributes
                0x00000203       0x31 src/ASF/sam0/utils/cmsis/samb11/source/gcc/startup_samb11.o
 .ARM.attributes
                0x00000234       0x31 src/ASF/sam0/utils/syscalls/gcc/syscalls.o
 .ARM.attributes
                0x00000265       0x31 src/qs_uart_basic.o
 .ARM.attributes
                0x00000296       0x2c c:/program files/atmel/studio/7.0/toolchain/arm/arm-gnu-toolchain/bin/../lib/gcc/arm-none-eabi/4.9.3/../../../../arm-none-eabi/lib/armv6-m\libm.a(lib_a-w_sqrt.o)
 .ARM.attributes
                0x000002c2       0x2c c:/program files/atmel/studio/7.0/toolchain/arm/arm-gnu-toolchain/bin/../lib/gcc/arm-none-eabi/4.9.3/../../../../arm-none-eabi/lib/armv6-m\libm.a(lib_a-e_sqrt.o)
 .ARM.attributes
                0x000002ee       0x2c c:/program files/atmel/studio/7.0/toolchain/arm/arm-gnu-toolchain/bin/../lib/gcc/arm-none-eabi/4.9.3/../../../../arm-none-eabi/lib/armv6-m\libm.a(lib_a-s_fpclassify.o)
 .ARM.attributes
                0x0000031a       0x2c c:/program files/atmel/studio/7.0/toolchain/arm/arm-gnu-toolchain/bin/../lib/gcc/arm-none-eabi/4.9.3/../../../../arm-none-eabi/lib/armv6-m\libm.a(lib_a-s_lib_ver.o)
 .ARM.attributes
                0x00000346       0x2c c:/program files/atmel/studio/7.0/toolchain/arm/arm-gnu-toolchain/bin/../lib/gcc/arm-none-eabi/4.9.3/../../../../arm-none-eabi/lib/armv6-m\libm.a(lib_a-s_matherr.o)
 .ARM.attributes
                0x00000372       0x1e c:/program files/atmel/studio/7.0/toolchain/arm/arm-gnu-toolchain/bin/../lib/gcc/arm-none-eabi/4.9.3/armv6-m\libgcc.a(_udivsi3.o)
 .ARM.attributes
                0x00000390       0x1e c:/program files/atmel/studio/7.0/toolchain/arm/arm-gnu-toolchain/bin/../lib/gcc/arm-none-eabi/4.9.3/armv6-m\libgcc.a(_dvmd_tls.o)
 .ARM.attributes
                0x000003ae       0x1e c:/program files/atmel/studio/7.0/toolchain/arm/arm-gnu-toolchain/bin/../lib/gcc/arm-none-eabi/4.9.3/armv6-m\libgcc.a(_arm_cmpdf2.o)
 .ARM.attributes
                0x000003cc       0x1e c:/program files/atmel/studio/7.0/toolchain/arm/arm-gnu-toolchain/bin/../lib/gcc/arm-none-eabi/4.9.3/armv6-m\libgcc.a(_arm_cmpsf2.o)
 .ARM.attributes
                0x000003ea       0x2c c:/program files/atmel/studio/7.0/toolchain/arm/arm-gnu-toolchain/bin/../lib/gcc/arm-none-eabi/4.9.3/armv6-m\libgcc.a(addsf3.o)
 .ARM.attributes
                0x00000416       0x2c c:/program files/atmel/studio/7.0/toolchain/arm/arm-gnu-toolchain/bin/../lib/gcc/arm-none-eabi/4.9.3/armv6-m\libgcc.a(eqsf2.o)
 .ARM.attributes
                0x00000442       0x2c c:/program files/atmel/studio/7.0/toolchain/arm/arm-gnu-toolchain/bin/../lib/gcc/arm-none-eabi/4.9.3/armv6-m\libgcc.a(gesf2.o)
 .ARM.attributes
                0x0000046e       0x2c c:/program files/atmel/studio/7.0/toolchain/arm/arm-gnu-toolchain/bin/../lib/gcc/arm-none-eabi/4.9.3/armv6-m\libgcc.a(lesf2.o)
 .ARM.attributes
                0x0000049a       0x2c c:/program files/atmel/studio/7.0/toolchain/arm/arm-gnu-toolchain/bin/../lib/gcc/arm-none-eabi/4.9.3/armv6-m\libgcc.a(mulsf3.o)
 .ARM.attributes
                0x000004c6       0x2c c:/program files/atmel/studio/7.0/toolchain/arm/arm-gnu-toolchain/bin/../lib/gcc/arm-none-eabi/4.9.3/armv6-m\libgcc.a(subsf3.o)
 .ARM.attributes
                0x000004f2       0x2c c:/program files/atmel/studio/7.0/toolchain/arm/arm-gnu-toolchain/bin/../lib/gcc/arm-none-eabi/4.9.3/armv6-m\libgcc.a(floatsisf.o)
 .ARM.attributes
                0x0000051e       0x2c c:/program files/atmel/studio/7.0/toolchain/arm/arm-gnu-toolchain/bin/../lib/gcc/arm-none-eabi/4.9.3/armv6-m\libgcc.a(adddf3.o)
 .ARM.attributes
                0x0000054a       0x2c c:/program files/atmel/studio/7.0/toolchain/arm/arm-gnu-toolchain/bin/../lib/gcc/arm-none-eabi/4.9.3/armv6-m\libgcc.a(divdf3.o)
 .ARM.attributes
                0x00000576       0x2c c:/program files/atmel/studio/7.0/toolchain/arm/arm-gnu-toolchain/bin/../lib/gcc/arm-none-eabi/4.9.3/armv6-m\libgcc.a(eqdf2.o)
 .ARM.attributes
                0x000005a2       0x2c c:/program files/atmel/studio/7.0/toolchain/arm/arm-gnu-toolchain/bin/../lib/gcc/arm-none-eabi/4.9.3/armv6-m\libgcc.a(gedf2.o)
 .ARM.attributes
                0x000005ce       0x2c c:/program files/atmel/studio/7.0/toolchain/arm/arm-gnu-toolchain/bin/../lib/gcc/arm-none-eabi/4.9.3/armv6-m\libgcc.a(ledf2.o)
 .ARM.attributes
                0x000005fa       0x2c c:/program files/atmel/studio/7.0/toolchain/arm/arm-gnu-toolchain/bin/../lib/gcc/arm-none-eabi/4.9.3/armv6-m\libgcc.a(muldf3.o)
 .ARM.attributes
                0x00000626       0x2c c:/program files/atmel/studio/7.0/toolchain/arm/arm-gnu-toolchain/bin/../lib/gcc/arm-none-eabi/4.9.3/armv6-m\libgcc.a(subdf3.o)
 .ARM.attributes
                0x00000652       0x2c c:/program files/atmel/studio/7.0/toolchain/arm/arm-gnu-toolchain/bin/../lib/gcc/arm-none-eabi/4.9.3/armv6-m\libgcc.a(extendsfdf2.o)
 .ARM.attributes
                0x0000067e       0x2c c:/program files/atmel/studio/7.0/toolchain/arm/arm-gnu-toolchain/bin/../lib/gcc/arm-none-eabi/4.9.3/armv6-m\libgcc.a(truncdfsf2.o)
 .ARM.attributes
                0x000006aa       0x1e c:/program files/atmel/studio/7.0/toolchain/arm/arm-gnu-toolchain/bin/../lib/gcc/arm-none-eabi/4.9.3/armv6-m\libgcc.a(_clzsi2.o)
 .ARM.attributes
                0x000006c8       0x2c c:/program files/atmel/studio/7.0/toolchain/arm/arm-gnu-toolchain/bin/../lib/gcc/arm-none-eabi/4.9.3/../../../../arm-none-eabi/lib/armv6-m\libc_nano.a(lib_a-efgcvt.o)
 .ARM.attributes
                0x000006f4       0x2c c:/program files/atmel/studio/7.0/toolchain/arm/arm-gnu-toolchain/bin/../lib/gcc/arm-none-eabi/4.9.3/../../../../arm-none-eabi/lib/armv6-m\libc_nano.a(lib_a-errno.o)
 .ARM.attributes
                0x00000720       0x2c c:/program files/atmel/studio/7.0/toolchain/arm/arm-gnu-toolchain/bin/../lib/gcc/arm-none-eabi/4.9.3/../../../../arm-none-eabi/lib/armv6-m\libc_nano.a(lib_a-impure.o)
 .ARM.attributes
                0x0000074c       0x2c c:/program files/atmel/studio/7.0/toolchain/arm/arm-gnu-toolchain/bin/../lib/gcc/arm-none-eabi/4.9.3/../../../../arm-none-eabi/lib/armv6-m\libc_nano.a(lib_a-init.o)
 .ARM.attributes
                0x00000778       0x2c c:/program files/atmel/studio/7.0/toolchain/arm/arm-gnu-toolchain/bin/../lib/gcc/arm-none-eabi/4.9.3/../../../../arm-none-eabi/lib/armv6-m\libc_nano.a(lib_a-memcpy.o)
 .ARM.attributes
                0x000007a4       0x2c c:/program files/atmel/studio/7.0/toolchain/arm/arm-gnu-toolchain/bin/../lib/gcc/arm-none-eabi/4.9.3/../../../../arm-none-eabi/lib/armv6-m\libc_nano.a(lib_a-memset.o)
 .ARM.attributes
                0x000007d0       0x2c c:/program files/atmel/studio/7.0/toolchain/arm/arm-gnu-toolchain/bin/../lib/gcc/arm-none-eabi/4.9.3/../../../../arm-none-eabi/lib/armv6-m\libc_nano.a(lib_a-printf.o)
 .ARM.attributes
                0x000007fc       0x2c c:/program files/atmel/studio/7.0/toolchain/arm/arm-gnu-toolchain/bin/../lib/gcc/arm-none-eabi/4.9.3/../../../../arm-none-eabi/lib/armv6-m\libc_nano.a(lib_a-setbuf.o)
 .ARM.attributes
                0x00000828       0x2c c:/program files/atmel/studio/7.0/toolchain/arm/arm-gnu-toolchain/bin/../lib/gcc/arm-none-eabi/4.9.3/../../../../arm-none-eabi/lib/armv6-m\libc_nano.a(lib_a-setvbuf.o)
 .ARM.attributes
                0x00000854       0x2c c:/program files/atmel/studio/7.0/toolchain/arm/arm-gnu-toolchain/bin/../lib/gcc/arm-none-eabi/4.9.3/../../../../arm-none-eabi/lib/armv6-m\libc_nano.a(lib_a-ecvtbuf.o)
 .ARM.attributes
                0x00000880       0x2c c:/program files/atmel/studio/7.0/toolchain/arm/arm-gnu-toolchain/bin/../lib/gcc/arm-none-eabi/4.9.3/../../../../arm-none-eabi/lib/armv6-m\libc_nano.a(lib_a-fflush.o)
 .ARM.attributes
                0x000008ac       0x2c c:/program files/atmel/studio/7.0/toolchain/arm/arm-gnu-toolchain/bin/../lib/gcc/arm-none-eabi/4.9.3/../../../../arm-none-eabi/lib/armv6-m\libc_nano.a(lib_a-findfp.o)
 .ARM.attributes
                0x000008d8       0x2c c:/program files/atmel/studio/7.0/toolchain/arm/arm-gnu-toolchain/bin/../lib/gcc/arm-none-eabi/4.9.3/../../../../arm-none-eabi/lib/armv6-m\libc_nano.a(lib_a-fwalk.o)
 .ARM.attributes
                0x00000904       0x2c c:/program files/atmel/studio/7.0/toolchain/arm/arm-gnu-toolchain/bin/../lib/gcc/arm-none-eabi/4.9.3/../../../../arm-none-eabi/lib/armv6-m\libc_nano.a(lib_a-malloc.o)
 .ARM.attributes
                0x00000930       0x2c c:/program files/atmel/studio/7.0/toolchain/arm/arm-gnu-toolchain/bin/../lib/gcc/arm-none-eabi/4.9.3/../../../../arm-none-eabi/lib/armv6-m\libc_nano.a(lib_a-mprec.o)
 .ARM.attributes
                0x0000095c       0x2c c:/program files/atmel/studio/7.0/toolchain/arm/arm-gnu-toolchain/bin/../lib/gcc/arm-none-eabi/4.9.3/../../../../arm-none-eabi/lib/armv6-m\libc_nano.a(lib_a-nano-callocr.o)
 .ARM.attributes
                0x00000988       0x2c c:/program files/atmel/studio/7.0/toolchain/arm/arm-gnu-toolchain/bin/../lib/gcc/arm-none-eabi/4.9.3/../../../../arm-none-eabi/lib/armv6-m\libc_nano.a(lib_a-nano-freer.o)
 .ARM.attributes
                0x000009b4       0x2c c:/program files/atmel/studio/7.0/toolchain/arm/arm-gnu-toolchain/bin/../lib/gcc/arm-none-eabi/4.9.3/../../../../arm-none-eabi/lib/armv6-m\libc_nano.a(lib_a-nano-mallocr.o)
 .ARM.attributes
                0x000009e0       0x2c c:/program files/atmel/studio/7.0/toolchain/arm/arm-gnu-toolchain/bin/../lib/gcc/arm-none-eabi/4.9.3/../../../../arm-none-eabi/lib/armv6-m\libc_nano.a(lib_a-nano-vfprintf.o)
 .ARM.attributes
                0x00000a0c       0x2c c:/program files/atmel/studio/7.0/toolchain/arm/arm-gnu-toolchain/bin/../lib/gcc/arm-none-eabi/4.9.3/../../../../arm-none-eabi/lib/armv6-m\libc_nano.a(lib_a-nano-vfprintf_i.o)
 .ARM.attributes
                0x00000a38       0x2c c:/program files/atmel/studio/7.0/toolchain/arm/arm-gnu-toolchain/bin/../lib/gcc/arm-none-eabi/4.9.3/../../../../arm-none-eabi/lib/armv6-m\libc_nano.a(lib_a-sbrkr.o)
 .ARM.attributes
                0x00000a64       0x2c c:/program files/atmel/studio/7.0/toolchain/arm/arm-gnu-toolchain/bin/../lib/gcc/arm-none-eabi/4.9.3/../../../../arm-none-eabi/lib/armv6-m\libc_nano.a(lib_a-stdio.o)
 .ARM.attributes
                0x00000a90       0x2c c:/program files/atmel/studio/7.0/toolchain/arm/arm-gnu-toolchain/bin/../lib/gcc/arm-none-eabi/4.9.3/../../../../arm-none-eabi/lib/armv6-m\libc_nano.a(lib_a-strcpy.o)
 .ARM.attributes
                0x00000abc       0x2c c:/program files/atmel/studio/7.0/toolchain/arm/arm-gnu-toolchain/bin/../lib/gcc/arm-none-eabi/4.9.3/../../../../arm-none-eabi/lib/armv6-m\libc_nano.a(lib_a-wbuf.o)
 .ARM.attributes
                0x00000ae8       0x2c c:/program files/atmel/studio/7.0/toolchain/arm/arm-gnu-toolchain/bin/../lib/gcc/arm-none-eabi/4.9.3/../../../../arm-none-eabi/lib/armv6-m\libc_nano.a(lib_a-writer.o)
 .ARM.attributes
                0x00000b14       0x2c c:/program files/atmel/studio/7.0/toolchain/arm/arm-gnu-toolchain/bin/../lib/gcc/arm-none-eabi/4.9.3/../../../../arm-none-eabi/lib/armv6-m\libc_nano.a(lib_a-wsetup.o)
 .ARM.attributes
                0x00000b40       0x2c c:/program files/atmel/studio/7.0/toolchain/arm/arm-gnu-toolchain/bin/../lib/gcc/arm-none-eabi/4.9.3/../../../../arm-none-eabi/lib/armv6-m\libc_nano.a(lib_a-closer.o)
 .ARM.attributes
                0x00000b6c       0x2c c:/program files/atmel/studio/7.0/toolchain/arm/arm-gnu-toolchain/bin/../lib/gcc/arm-none-eabi/4.9.3/../../../../arm-none-eabi/lib/armv6-m\libc_nano.a(lib_a-dtoa.o)
 .ARM.attributes
                0x00000b98       0x2c c:/program files/atmel/studio/7.0/toolchain/arm/arm-gnu-toolchain/bin/../lib/gcc/arm-none-eabi/4.9.3/../../../../arm-none-eabi/lib/armv6-m\libc_nano.a(lib_a-lseekr.o)
 .ARM.attributes
                0x00000bc4       0x2c c:/program files/atmel/studio/7.0/toolchain/arm/arm-gnu-toolchain/bin/../lib/gcc/arm-none-eabi/4.9.3/../../../../arm-none-eabi/lib/armv6-m\libc_nano.a(lib_a-makebuf.o)
 .ARM.attributes
                0x00000bf0       0x2c c:/program files/atmel/studio/7.0/toolchain/arm/arm-gnu-toolchain/bin/../lib/gcc/arm-none-eabi/4.9.3/../../../../arm-none-eabi/lib/armv6-m\libc_nano.a(lib_a-memchr.o)
 .ARM.attributes
                0x00000c1c       0x2c c:/program files/atmel/studio/7.0/toolchain/arm/arm-gnu-toolchain/bin/../lib/gcc/arm-none-eabi/4.9.3/../../../../arm-none-eabi/lib/armv6-m\libc_nano.a(lib_a-readr.o)
 .ARM.attributes
                0x00000c48       0x2c c:/program files/atmel/studio/7.0/toolchain/arm/arm-gnu-toolchain/bin/../lib/gcc/arm-none-eabi/4.9.3/../../../../arm-none-eabi/lib/armv6-m\libc_nano.a(lib_a-reent.o)
 .ARM.attributes
                0x00000c74       0x2c c:/program files/atmel/studio/7.0/toolchain/arm/arm-gnu-toolchain/bin/../lib/gcc/arm-none-eabi/4.9.3/../../../../arm-none-eabi/lib/armv6-m\libc_nano.a(lib_a-fstatr.o)
 .ARM.attributes
                0x00000ca0       0x2c c:/program files/atmel/studio/7.0/toolchain/arm/arm-gnu-toolchain/bin/../lib/gcc/arm-none-eabi/4.9.3/../../../../arm-none-eabi/lib/armv6-m\libc_nano.a(lib_a-isattyr.o)
 .ARM.attributes
                0x00000ccc       0x1e c:/program files/atmel/studio/7.0/toolchain/arm/arm-gnu-toolchain/bin/../lib/gcc/arm-none-eabi/4.9.3/armv6-m\libgcc.a(_thumb1_case_uqi.o)
 .ARM.attributes
                0x00000cea       0x1e c:/program files/atmel/studio/7.0/toolchain/arm/arm-gnu-toolchain/bin/../lib/gcc/arm-none-eabi/4.9.3/armv6-m\libgcc.a(_divsi3.o)
 .ARM.attributes
                0x00000d08       0x2c c:/program files/atmel/studio/7.0/toolchain/arm/arm-gnu-toolchain/bin/../lib/gcc/arm-none-eabi/4.9.3/armv6-m\libgcc.a(fixdfsi.o)
 .ARM.attributes
                0x00000d34       0x2c c:/program files/atmel/studio/7.0/toolchain/arm/arm-gnu-toolchain/bin/../lib/gcc/arm-none-eabi/4.9.3/armv6-m\libgcc.a(floatsidf.o)
 .ARM.attributes
                0x00000d60       0x2c c:/program files/atmel/studio/7.0/toolchain/arm/arm-gnu-toolchain/bin/../lib/gcc/arm-none-eabi/4.9.3/armv6-m\libgcc.a(floatunsidf.o)
 .ARM.attributes
                0x00000d8c       0x1e c:/program files/atmel/studio/7.0/toolchain/arm/arm-gnu-toolchain/bin/../lib/gcc/arm-none-eabi/4.9.3/armv6-m/crtn.o

.comment        0x00000000       0x5b
 .comment       0x00000000       0x5b src/sentral/sentral_interface.o
                                 0x5c (size before relaxing)
 .comment       0x00000000       0x5c src/ASF/sam0/drivers/i2c/i2c_master.o
 .comment       0x00000000       0x5c src/ASF/sam0/drivers/i2c/i2c_master_interrupt.o
 .comment       0x00000000       0x5c src/ASF/sam0/drivers/timer/timer.o
 .comment       0x00000000       0x5c src/ASF/sam0/utils/stdio/read.o
 .comment       0x00000000       0x5c src/ASF/sam0/utils/stdio/write.o
 .comment       0x00000000       0x5c src/ASF/sam0/drivers/gpio/gpio.o
 .comment       0x00000000       0x5c src/ASF/sam0/drivers/system/system_sam_b.o
 .comment       0x00000000       0x5c src/ASF/sam0/drivers/uart/uart.o
 .comment       0x00000000       0x5c src/ASF/sam0/utils/cmsis/samb11/source/gcc/startup_samb11.o
 .comment       0x00000000       0x5c src/ASF/sam0/utils/syscalls/gcc/syscalls.o
 .comment       0x00000000       0x5c src/qs_uart_basic.o

.debug_info     0x00000000    0x16cd5
 .debug_info    0x00000000     0x11d3 src/sentral/sentral_interface.o
 .debug_info    0x000011d3     0x171f src/ASF/sam0/drivers/i2c/i2c_master.o
 .debug_info    0x000028f2     0x120c src/ASF/sam0/drivers/i2c/i2c_master_interrupt.o
 .debug_info    0x00003afe      0xdbe src/ASF/sam0/drivers/timer/timer.o
 .debug_info    0x000048bc      0x1c2 src/ASF/sam0/utils/stdio/read.o
 .debug_info    0x00004a7e      0x1bf src/ASF/sam0/utils/stdio/write.o
 .debug_info    0x00004c3d     0x784a src/ASF/sam0/drivers/gpio/gpio.o
 .debug_info    0x0000c487     0x639a src/ASF/sam0/drivers/system/system_sam_b.o
 .debug_info    0x00012821     0x1a27 src/ASF/sam0/drivers/uart/uart.o
 .debug_info    0x00014248      0x113 src/ASF/sam0/utils/cmsis/samb11/source/gcc/startup_samb11.o
 .debug_info    0x0001435b      0x427 src/ASF/sam0/utils/syscalls/gcc/syscalls.o
 .debug_info    0x00014782     0x2553 src/qs_uart_basic.o

.debug_abbrev   0x00000000     0x1e55
 .debug_abbrev  0x00000000      0x319 src/sentral/sentral_interface.o
 .debug_abbrev  0x00000319      0x3ba src/ASF/sam0/drivers/i2c/i2c_master.o
 .debug_abbrev  0x000006d3      0x36a src/ASF/sam0/drivers/i2c/i2c_master_interrupt.o
 .debug_abbrev  0x00000a3d      0x275 src/ASF/sam0/drivers/timer/timer.o
 .debug_abbrev  0x00000cb2      0x108 src/ASF/sam0/utils/stdio/read.o
 .debug_abbrev  0x00000dba       0xf5 src/ASF/sam0/utils/stdio/write.o
 .debug_abbrev  0x00000eaf      0x344 src/ASF/sam0/drivers/gpio/gpio.o
 .debug_abbrev  0x000011f3      0x2b1 src/ASF/sam0/drivers/system/system_sam_b.o
 .debug_abbrev  0x000014a4      0x39d src/ASF/sam0/drivers/uart/uart.o
 .debug_abbrev  0x00001841       0x86 src/ASF/sam0/utils/cmsis/samb11/source/gcc/startup_samb11.o
 .debug_abbrev  0x000018c7      0x141 src/ASF/sam0/utils/syscalls/gcc/syscalls.o
 .debug_abbrev  0x00001a08      0x44d src/qs_uart_basic.o

.debug_loc      0x00000000     0x3996
 .debug_loc     0x00000000      0x50c src/sentral/sentral_interface.o
 .debug_loc     0x0000050c      0x75c src/ASF/sam0/drivers/i2c/i2c_master.o
 .debug_loc     0x00000c68      0x47d src/ASF/sam0/drivers/i2c/i2c_master_interrupt.o
 .debug_loc     0x000010e5       0x6c src/ASF/sam0/drivers/timer/timer.o
 .debug_loc     0x00001151      0x11d src/ASF/sam0/utils/stdio/read.o
 .debug_loc     0x0000126e      0x152 src/ASF/sam0/utils/stdio/write.o
 .debug_loc     0x000013c0      0xa82 src/ASF/sam0/drivers/gpio/gpio.o
 .debug_loc     0x00001e42      0x6a7 src/ASF/sam0/drivers/system/system_sam_b.o
 .debug_loc     0x000024e9      0x9f8 src/ASF/sam0/drivers/uart/uart.o
 .debug_loc     0x00002ee1       0x20 src/ASF/sam0/utils/cmsis/samb11/source/gcc/startup_samb11.o
 .debug_loc     0x00002f01      0x11d src/ASF/sam0/utils/syscalls/gcc/syscalls.o
 .debug_loc     0x0000301e      0x978 src/qs_uart_basic.o

.debug_aranges  0x00000000      0x510
 .debug_aranges
                0x00000000       0x78 src/sentral/sentral_interface.o
 .debug_aranges
                0x00000078       0x80 src/ASF/sam0/drivers/i2c/i2c_master.o
 .debug_aranges
                0x000000f8       0x50 src/ASF/sam0/drivers/i2c/i2c_master_interrupt.o
 .debug_aranges
                0x00000148       0x70 src/ASF/sam0/drivers/timer/timer.o
 .debug_aranges
                0x000001b8       0x20 src/ASF/sam0/utils/stdio/read.o
 .debug_aranges
                0x000001d8       0x20 src/ASF/sam0/utils/stdio/write.o
 .debug_aranges
                0x000001f8       0x90 src/ASF/sam0/drivers/gpio/gpio.o
 .debug_aranges
                0x00000288       0xe0 src/ASF/sam0/drivers/system/system_sam_b.o
 .debug_aranges
                0x00000368       0xb8 src/ASF/sam0/drivers/uart/uart.o
 .debug_aranges
                0x00000420       0x20 src/ASF/sam0/utils/cmsis/samb11/source/gcc/startup_samb11.o
 .debug_aranges
                0x00000440       0x60 src/ASF/sam0/utils/syscalls/gcc/syscalls.o
 .debug_aranges
                0x000004a0       0x70 src/qs_uart_basic.o

.debug_ranges   0x00000000      0x468
 .debug_ranges  0x00000000       0x68 src/sentral/sentral_interface.o
 .debug_ranges  0x00000068       0x70 src/ASF/sam0/drivers/i2c/i2c_master.o
 .debug_ranges  0x000000d8       0x40 src/ASF/sam0/drivers/i2c/i2c_master_interrupt.o
 .debug_ranges  0x00000118       0x60 src/ASF/sam0/drivers/timer/timer.o
 .debug_ranges  0x00000178       0x10 src/ASF/sam0/utils/stdio/read.o
 .debug_ranges  0x00000188       0x10 src/ASF/sam0/utils/stdio/write.o
 .debug_ranges  0x00000198       0x80 src/ASF/sam0/drivers/gpio/gpio.o
 .debug_ranges  0x00000218       0xd0 src/ASF/sam0/drivers/system/system_sam_b.o
 .debug_ranges  0x000002e8       0xc0 src/ASF/sam0/drivers/uart/uart.o
 .debug_ranges  0x000003a8       0x10 src/ASF/sam0/utils/cmsis/samb11/source/gcc/startup_samb11.o
 .debug_ranges  0x000003b8       0x50 src/ASF/sam0/utils/syscalls/gcc/syscalls.o
 .debug_ranges  0x00000408       0x60 src/qs_uart_basic.o

.debug_macro    0x00000000    0x186c8
 .debug_macro   0x00000000      0x465 src/sentral/sentral_interface.o
 .debug_macro   0x00000465      0x84a src/sentral/sentral_interface.o
 .debug_macro   0x00000caf      0x166 src/sentral/sentral_interface.o
 .debug_macro   0x00000e15      0x644 src/sentral/sentral_interface.o
 .debug_macro   0x00001459       0x22 src/sentral/sentral_interface.o
 .debug_macro   0x0000147b       0x44 src/sentral/sentral_interface.o
 .debug_macro   0x000014bf       0x58 src/sentral/sentral_interface.o
 .debug_macro   0x00001517       0x22 src/sentral/sentral_interface.o
 .debug_macro   0x00001539      0x1df src/sentral/sentral_interface.o
 .debug_macro   0x00001718       0x10 src/sentral/sentral_interface.o
 .debug_macro   0x00001728       0x76 src/sentral/sentral_interface.o
 .debug_macro   0x0000179e       0x16 src/sentral/sentral_interface.o
 .debug_macro   0x000017b4      0x6e5 src/sentral/sentral_interface.o
 .debug_macro   0x00001e99      0xde2 src/sentral/sentral_interface.o
 .debug_macro   0x00002c7b       0x22 src/sentral/sentral_interface.o
 .debug_macro   0x00002c9d       0x40 src/sentral/sentral_interface.o
 .debug_macro   0x00002cdd       0x3a src/sentral/sentral_interface.o
 .debug_macro   0x00002d17       0x1f src/sentral/sentral_interface.o
 .debug_macro   0x00002d36      0x242 src/sentral/sentral_interface.o
 .debug_macro   0x00002f78      0x31d src/sentral/sentral_interface.o
 .debug_macro   0x00003295      0x6b1 src/sentral/sentral_interface.o
 .debug_macro   0x00003946     0x1ac5 src/sentral/sentral_interface.o
 .debug_macro   0x0000540b      0x3d3 src/sentral/sentral_interface.o
 .debug_macro   0x000057de      0x41e src/sentral/sentral_interface.o
 .debug_macro   0x00005bfc      0x4f2 src/sentral/sentral_interface.o
 .debug_macro   0x000060ee      0x3d4 src/sentral/sentral_interface.o
 .debug_macro   0x000064c2      0xbdf src/sentral/sentral_interface.o
 .debug_macro   0x000070a1     0x8361 src/sentral/sentral_interface.o
 .debug_macro   0x0000f402      0x257 src/sentral/sentral_interface.o
 .debug_macro   0x0000f659       0xd4 src/sentral/sentral_interface.o
 .debug_macro   0x0000f72d      0x5cf src/sentral/sentral_interface.o
 .debug_macro   0x0000fcfc     0x1385 src/sentral/sentral_interface.o
 .debug_macro   0x00011081      0x426 src/sentral/sentral_interface.o
 .debug_macro   0x000114a7      0x3f5 src/sentral/sentral_interface.o
 .debug_macro   0x0001189c      0xbea src/sentral/sentral_interface.o
 .debug_macro   0x00012486      0x42f src/sentral/sentral_interface.o
 .debug_macro   0x000128b5      0x3d3 src/sentral/sentral_interface.o
 .debug_macro   0x00012c88      0x2a5 src/sentral/sentral_interface.o
 .debug_macro   0x00012f2d       0x6a src/sentral/sentral_interface.o
 .debug_macro   0x00012f97       0xb2 src/sentral/sentral_interface.o
 .debug_macro   0x00013049      0x24f src/sentral/sentral_interface.o
 .debug_macro   0x00013298       0x5e src/sentral/sentral_interface.o
 .debug_macro   0x000132f6       0x5e src/sentral/sentral_interface.o
 .debug_macro   0x00013354       0x46 src/sentral/sentral_interface.o
 .debug_macro   0x0001339a       0x46 src/sentral/sentral_interface.o
 .debug_macro   0x000133e0       0x58 src/sentral/sentral_interface.o
 .debug_macro   0x00013438       0x58 src/sentral/sentral_interface.o
 .debug_macro   0x00013490       0x88 src/sentral/sentral_interface.o
 .debug_macro   0x00013518       0x88 src/sentral/sentral_interface.o
 .debug_macro   0x000135a0      0x17c src/sentral/sentral_interface.o
 .debug_macro   0x0001371c      0x31a src/sentral/sentral_interface.o
 .debug_macro   0x00013a36       0x22 src/sentral/sentral_interface.o
 .debug_macro   0x00013a58       0x1c src/sentral/sentral_interface.o
 .debug_macro   0x00013a74       0x6a src/sentral/sentral_interface.o
 .debug_macro   0x00013ade       0x76 src/sentral/sentral_interface.o
 .debug_macro   0x00013b54       0x94 src/sentral/sentral_interface.o
 .debug_macro   0x00013be8       0x94 src/sentral/sentral_interface.o
 .debug_macro   0x00013c7c       0x94 src/sentral/sentral_interface.o
 .debug_macro   0x00013d10       0x64 src/sentral/sentral_interface.o
 .debug_macro   0x00013d74       0xf4 src/sentral/sentral_interface.o
 .debug_macro   0x00013e68       0x5e src/sentral/sentral_interface.o
 .debug_macro   0x00013ec6       0x70 src/sentral/sentral_interface.o
 .debug_macro   0x00013f36       0x5e src/sentral/sentral_interface.o
 .debug_macro   0x00013f94      0x1bd src/sentral/sentral_interface.o
 .debug_macro   0x00014151      0x6cf src/sentral/sentral_interface.o
 .debug_macro   0x00014820       0x43 src/sentral/sentral_interface.o
 .debug_macro   0x00014863       0x58 src/sentral/sentral_interface.o
 .debug_macro   0x000148bb       0x35 src/sentral/sentral_interface.o
 .debug_macro   0x000148f0       0x9c src/sentral/sentral_interface.o
 .debug_macro   0x0001498c       0x16 src/sentral/sentral_interface.o
 .debug_macro   0x000149a2       0x35 src/sentral/sentral_interface.o
 .debug_macro   0x000149d7      0x29d src/sentral/sentral_interface.o
 .debug_macro   0x00014c74       0x10 src/sentral/sentral_interface.o
 .debug_macro   0x00014c84       0x52 src/sentral/sentral_interface.o
 .debug_macro   0x00014cd6       0x16 src/sentral/sentral_interface.o
 .debug_macro   0x00014cec       0x43 src/sentral/sentral_interface.o
 .debug_macro   0x00014d2f      0x180 src/sentral/sentral_interface.o
 .debug_macro   0x00014eaf       0x10 src/sentral/sentral_interface.o
 .debug_macro   0x00014ebf       0x22 src/sentral/sentral_interface.o
 .debug_macro   0x00014ee1       0xbe src/sentral/sentral_interface.o
 .debug_macro   0x00014f9f       0x16 src/sentral/sentral_interface.o
 .debug_macro   0x00014fb5      0x197 src/sentral/sentral_interface.o
 .debug_macro   0x0001514c       0x16 src/sentral/sentral_interface.o
 .debug_macro   0x00015162       0x16 src/sentral/sentral_interface.o
 .debug_macro   0x00015178       0x29 src/sentral/sentral_interface.o
 .debug_macro   0x000151a1       0x51 src/sentral/sentral_interface.o
 .debug_macro   0x000151f2       0x3f src/sentral/sentral_interface.o
 .debug_macro   0x00015231      0x3df src/sentral/sentral_interface.o
 .debug_macro   0x00015610       0x16 src/sentral/sentral_interface.o
 .debug_macro   0x00015626       0x16 src/sentral/sentral_interface.o
 .debug_macro   0x0001563c       0x82 src/sentral/sentral_interface.o
 .debug_macro   0x000156be      0x445 src/ASF/sam0/drivers/i2c/i2c_master.o
 .debug_macro   0x00015b03      0x445 src/ASF/sam0/drivers/i2c/i2c_master_interrupt.o
 .debug_macro   0x00015f48      0x427 src/ASF/sam0/drivers/timer/timer.o
 .debug_macro   0x0001636f      0x414 src/ASF/sam0/utils/stdio/read.o
 .debug_macro   0x00016783      0x414 src/ASF/sam0/utils/stdio/write.o
 .debug_macro   0x00016b97      0x429 src/ASF/sam0/drivers/gpio/gpio.o
 .debug_macro   0x00016fc0      0x423 src/ASF/sam0/drivers/system/system_sam_b.o
 .debug_macro   0x000173e3       0x10 src/ASF/sam0/drivers/system/system_sam_b.o
 .debug_macro   0x000173f3      0x431 src/ASF/sam0/drivers/uart/uart.o
 .debug_macro   0x00017824      0x263 src/ASF/sam0/utils/cmsis/samb11/source/gcc/startup_samb11.o
 .debug_macro   0x00017a87       0x3a src/ASF/sam0/utils/cmsis/samb11/source/gcc/startup_samb11.o
 .debug_macro   0x00017ac1      0x169 src/ASF/sam0/utils/syscalls/gcc/syscalls.o
 .debug_macro   0x00017c2a       0x4a src/ASF/sam0/utils/syscalls/gcc/syscalls.o
 .debug_macro   0x00017c74       0x97 src/ASF/sam0/utils/syscalls/gcc/syscalls.o
 .debug_macro   0x00017d0b       0xef src/ASF/sam0/utils/syscalls/gcc/syscalls.o
 .debug_macro   0x00017dfa       0x52 src/ASF/sam0/utils/syscalls/gcc/syscalls.o
 .debug_macro   0x00017e4c       0x16 src/ASF/sam0/utils/syscalls/gcc/syscalls.o
 .debug_macro   0x00017e62       0x10 src/ASF/sam0/utils/syscalls/gcc/syscalls.o
 .debug_macro   0x00017e72       0x10 src/ASF/sam0/utils/syscalls/gcc/syscalls.o
 .debug_macro   0x00017e82       0x10 src/ASF/sam0/utils/syscalls/gcc/syscalls.o
 .debug_macro   0x00017e92       0x35 src/ASF/sam0/utils/syscalls/gcc/syscalls.o
 .debug_macro   0x00017ec7      0x122 src/ASF/sam0/utils/syscalls/gcc/syscalls.o
 .debug_macro   0x00017fe9      0x4fe src/qs_uart_basic.o
 .debug_macro   0x000184e7      0x1e1 src/qs_uart_basic.o

.debug_line     0x00000000     0x7621
 .debug_line    0x00000000      0xa26 src/sentral/sentral_interface.o
 .debug_line    0x00000a26      0xac0 src/ASF/sam0/drivers/i2c/i2c_master.o
 .debug_line    0x000014e6      0xa3f src/ASF/sam0/drivers/i2c/i2c_master_interrupt.o
 .debug_line    0x00001f25      0x949 src/ASF/sam0/drivers/timer/timer.o
 .debug_line    0x0000286e      0x860 src/ASF/sam0/utils/stdio/read.o
 .debug_line    0x000030ce      0x851 src/ASF/sam0/utils/stdio/write.o
 .debug_line    0x0000391f      0xade src/ASF/sam0/drivers/gpio/gpio.o
 .debug_line    0x000043fd     0x1053 src/ASF/sam0/drivers/system/system_sam_b.o
 .debug_line    0x00005450      0xbae src/ASF/sam0/drivers/uart/uart.o
 .debug_line    0x00005ffe      0x61b src/ASF/sam0/utils/cmsis/samb11/source/gcc/startup_samb11.o
 .debug_line    0x00006619      0x380 src/ASF/sam0/utils/syscalls/gcc/syscalls.o
 .debug_line    0x00006999      0xc88 src/qs_uart_basic.o

.debug_str      0x00000000    0xf031b
 .debug_str     0x00000000    0xe67b9 src/sentral/sentral_interface.o
                              0xe6b42 (size before relaxing)
 .debug_str     0x000e67b9      0xd99 src/ASF/sam0/drivers/i2c/i2c_master.o
                              0xe73d2 (size before relaxing)
 .debug_str     0x000e7552      0x166 src/ASF/sam0/drivers/i2c/i2c_master_interrupt.o
                              0xe6960 (size before relaxing)
 .debug_str     0x000e76b8      0x35a src/ASF/sam0/drivers/timer/timer.o
                              0xe6ad7 (size before relaxing)
 .debug_str     0x000e7a12       0x3d src/ASF/sam0/utils/stdio/read.o
                              0xe5c93 (size before relaxing)
 .debug_str     0x000e7a4f       0x2c src/ASF/sam0/utils/stdio/write.o
                              0xe5c95 (size before relaxing)
 .debug_str     0x000e7a7b     0x3e1d src/ASF/sam0/drivers/gpio/gpio.o
                              0xea5fe (size before relaxing)
 .debug_str     0x000eb898      0x9b3 src/ASF/sam0/drivers/system/system_sam_b.o
                              0xea78e (size before relaxing)
 .debug_str     0x000ec24b      0x6e9 src/ASF/sam0/drivers/uart/uart.o
                              0xe74d9 (size before relaxing)
 .debug_str     0x000ec934       0x94 src/ASF/sam0/utils/cmsis/samb11/source/gcc/startup_samb11.o
                              0xd1758 (size before relaxing)
 .debug_str     0x000ec9c8      0x845 src/ASF/sam0/utils/syscalls/gcc/syscalls.o
                               0x5fd6 (size before relaxing)
 .debug_str     0x000ed20d     0x310e src/qs_uart_basic.o
                              0xe9ee4 (size before relaxing)

.debug_frame    0x00000000     0x1c8c
 .debug_frame   0x00000000      0x160 src/sentral/sentral_interface.o
 .debug_frame   0x00000160      0x150 src/ASF/sam0/drivers/i2c/i2c_master.o
 .debug_frame   0x000002b0       0xb8 src/ASF/sam0/drivers/i2c/i2c_master_interrupt.o
 .debug_frame   0x00000368       0xd0 src/ASF/sam0/drivers/timer/timer.o
 .debug_frame   0x00000438       0x34 src/ASF/sam0/utils/stdio/read.o
 .debug_frame   0x0000046c       0x34 src/ASF/sam0/utils/stdio/write.o
 .debug_frame   0x000004a0      0x17c src/ASF/sam0/drivers/gpio/gpio.o
 .debug_frame   0x0000061c      0x1c8 src/ASF/sam0/drivers/system/system_sam_b.o
 .debug_frame   0x000007e4      0x1c8 src/ASF/sam0/drivers/uart/uart.o
 .debug_frame   0x000009ac       0x28 src/ASF/sam0/utils/cmsis/samb11/source/gcc/startup_samb11.o
 .debug_frame   0x000009d4       0xa8 src/ASF/sam0/utils/syscalls/gcc/syscalls.o
 .debug_frame   0x00000a7c      0x16c src/qs_uart_basic.o
 .debug_frame   0x00000be8       0x38 c:/program files/atmel/studio/7.0/toolchain/arm/arm-gnu-toolchain/bin/../lib/gcc/arm-none-eabi/4.9.3/../../../../arm-none-eabi/lib/armv6-m\libm.a(lib_a-w_sqrt.o)
 .debug_frame   0x00000c20       0x3c c:/program files/atmel/studio/7.0/toolchain/arm/arm-gnu-toolchain/bin/../lib/gcc/arm-none-eabi/4.9.3/../../../../arm-none-eabi/lib/armv6-m\libm.a(lib_a-e_sqrt.o)
 .debug_frame   0x00000c5c       0x2c c:/program files/atmel/studio/7.0/toolchain/arm/arm-gnu-toolchain/bin/../lib/gcc/arm-none-eabi/4.9.3/../../../../arm-none-eabi/lib/armv6-m\libm.a(lib_a-s_fpclassify.o)
 .debug_frame   0x00000c88       0x20 c:/program files/atmel/studio/7.0/toolchain/arm/arm-gnu-toolchain/bin/../lib/gcc/arm-none-eabi/4.9.3/../../../../arm-none-eabi/lib/armv6-m\libm.a(lib_a-s_matherr.o)
 .debug_frame   0x00000ca8       0x20 c:/program files/atmel/studio/7.0/toolchain/arm/arm-gnu-toolchain/bin/../lib/gcc/arm-none-eabi/4.9.3/armv6-m\libgcc.a(_udivsi3.o)
 .debug_frame   0x00000cc8       0x30 c:/program files/atmel/studio/7.0/toolchain/arm/arm-gnu-toolchain/bin/../lib/gcc/arm-none-eabi/4.9.3/armv6-m\libgcc.a(addsf3.o)
 .debug_frame   0x00000cf8       0x2c c:/program files/atmel/studio/7.0/toolchain/arm/arm-gnu-toolchain/bin/../lib/gcc/arm-none-eabi/4.9.3/armv6-m\libgcc.a(eqsf2.o)
 .debug_frame   0x00000d24       0x30 c:/program files/atmel/studio/7.0/toolchain/arm/arm-gnu-toolchain/bin/../lib/gcc/arm-none-eabi/4.9.3/armv6-m\libgcc.a(gesf2.o)
 .debug_frame   0x00000d54       0x30 c:/program files/atmel/studio/7.0/toolchain/arm/arm-gnu-toolchain/bin/../lib/gcc/arm-none-eabi/4.9.3/armv6-m\libgcc.a(lesf2.o)
 .debug_frame   0x00000d84       0x3c c:/program files/atmel/studio/7.0/toolchain/arm/arm-gnu-toolchain/bin/../lib/gcc/arm-none-eabi/4.9.3/armv6-m\libgcc.a(mulsf3.o)
 .debug_frame   0x00000dc0       0x30 c:/program files/atmel/studio/7.0/toolchain/arm/arm-gnu-toolchain/bin/../lib/gcc/arm-none-eabi/4.9.3/armv6-m\libgcc.a(subsf3.o)
 .debug_frame   0x00000df0       0x2c c:/program files/atmel/studio/7.0/toolchain/arm/arm-gnu-toolchain/bin/../lib/gcc/arm-none-eabi/4.9.3/armv6-m\libgcc.a(floatsisf.o)
 .debug_frame   0x00000e1c       0x38 c:/program files/atmel/studio/7.0/toolchain/arm/arm-gnu-toolchain/bin/../lib/gcc/arm-none-eabi/4.9.3/armv6-m\libgcc.a(adddf3.o)
 .debug_frame   0x00000e54       0x3c c:/program files/atmel/studio/7.0/toolchain/arm/arm-gnu-toolchain/bin/../lib/gcc/arm-none-eabi/4.9.3/armv6-m\libgcc.a(divdf3.o)
 .debug_frame   0x00000e90       0x38 c:/program files/atmel/studio/7.0/toolchain/arm/arm-gnu-toolchain/bin/../lib/gcc/arm-none-eabi/4.9.3/armv6-m\libgcc.a(eqdf2.o)
 .debug_frame   0x00000ec8       0x38 c:/program files/atmel/studio/7.0/toolchain/arm/arm-gnu-toolchain/bin/../lib/gcc/arm-none-eabi/4.9.3/armv6-m\libgcc.a(gedf2.o)
 .debug_frame   0x00000f00       0x38 c:/program files/atmel/studio/7.0/toolchain/arm/arm-gnu-toolchain/bin/../lib/gcc/arm-none-eabi/4.9.3/armv6-m\libgcc.a(ledf2.o)
 .debug_frame   0x00000f38       0x3c c:/program files/atmel/studio/7.0/toolchain/arm/arm-gnu-toolchain/bin/../lib/gcc/arm-none-eabi/4.9.3/armv6-m\libgcc.a(muldf3.o)
 .debug_frame   0x00000f74       0x3c c:/program files/atmel/studio/7.0/toolchain/arm/arm-gnu-toolchain/bin/../lib/gcc/arm-none-eabi/4.9.3/armv6-m\libgcc.a(subdf3.o)
 .debug_frame   0x00000fb0       0x2c c:/program files/atmel/studio/7.0/toolchain/arm/arm-gnu-toolchain/bin/../lib/gcc/arm-none-eabi/4.9.3/armv6-m\libgcc.a(extendsfdf2.o)
 .debug_frame   0x00000fdc       0x2c c:/program files/atmel/studio/7.0/toolchain/arm/arm-gnu-toolchain/bin/../lib/gcc/arm-none-eabi/4.9.3/armv6-m\libgcc.a(truncdfsf2.o)
 .debug_frame   0x00001008       0xc4 c:/program files/atmel/studio/7.0/toolchain/arm/arm-gnu-toolchain/bin/../lib/gcc/arm-none-eabi/4.9.3/../../../../arm-none-eabi/lib/armv6-m\libc_nano.a(lib_a-efgcvt.o)
 .debug_frame   0x000010cc       0x20 c:/program files/atmel/studio/7.0/toolchain/arm/arm-gnu-toolchain/bin/../lib/gcc/arm-none-eabi/4.9.3/../../../../arm-none-eabi/lib/armv6-m\libc_nano.a(lib_a-errno.o)
 .debug_frame   0x000010ec       0x2c c:/program files/atmel/studio/7.0/toolchain/arm/arm-gnu-toolchain/bin/../lib/gcc/arm-none-eabi/4.9.3/../../../../arm-none-eabi/lib/armv6-m\libc_nano.a(lib_a-init.o)
 .debug_frame   0x00001118       0x28 c:/program files/atmel/studio/7.0/toolchain/arm/arm-gnu-toolchain/bin/../lib/gcc/arm-none-eabi/4.9.3/../../../../arm-none-eabi/lib/armv6-m\libc_nano.a(lib_a-memcpy.o)
 .debug_frame   0x00001140       0x20 c:/program files/atmel/studio/7.0/toolchain/arm/arm-gnu-toolchain/bin/../lib/gcc/arm-none-eabi/4.9.3/../../../../arm-none-eabi/lib/armv6-m\libc_nano.a(lib_a-memset.o)
 .debug_frame   0x00001160       0x50 c:/program files/atmel/studio/7.0/toolchain/arm/arm-gnu-toolchain/bin/../lib/gcc/arm-none-eabi/4.9.3/../../../../arm-none-eabi/lib/armv6-m\libc_nano.a(lib_a-printf.o)
 .debug_frame   0x000011b0       0x28 c:/program files/atmel/studio/7.0/toolchain/arm/arm-gnu-toolchain/bin/../lib/gcc/arm-none-eabi/4.9.3/../../../../arm-none-eabi/lib/armv6-m\libc_nano.a(lib_a-setbuf.o)
 .debug_frame   0x000011d8       0x34 c:/program files/atmel/studio/7.0/toolchain/arm/arm-gnu-toolchain/bin/../lib/gcc/arm-none-eabi/4.9.3/../../../../arm-none-eabi/lib/armv6-m\libc_nano.a(lib_a-setvbuf.o)
 .debug_frame   0x0000120c       0xb0 c:/program files/atmel/studio/7.0/toolchain/arm/arm-gnu-toolchain/bin/../lib/gcc/arm-none-eabi/4.9.3/../../../../arm-none-eabi/lib/armv6-m\libc_nano.a(lib_a-ecvtbuf.o)
 .debug_frame   0x000012bc       0x68 c:/program files/atmel/studio/7.0/toolchain/arm/arm-gnu-toolchain/bin/../lib/gcc/arm-none-eabi/4.9.3/../../../../arm-none-eabi/lib/armv6-m\libc_nano.a(lib_a-fflush.o)
 .debug_frame   0x00001324      0x140 c:/program files/atmel/studio/7.0/toolchain/arm/arm-gnu-toolchain/bin/../lib/gcc/arm-none-eabi/4.9.3/../../../../arm-none-eabi/lib/armv6-m\libc_nano.a(lib_a-findfp.o)
 .debug_frame   0x00001464       0x58 c:/program files/atmel/studio/7.0/toolchain/arm/arm-gnu-toolchain/bin/../lib/gcc/arm-none-eabi/4.9.3/../../../../arm-none-eabi/lib/armv6-m\libc_nano.a(lib_a-fwalk.o)
 .debug_frame   0x000014bc       0x40 c:/program files/atmel/studio/7.0/toolchain/arm/arm-gnu-toolchain/bin/../lib/gcc/arm-none-eabi/4.9.3/../../../../arm-none-eabi/lib/armv6-m\libc_nano.a(lib_a-malloc.o)
 .debug_frame   0x000014fc      0x238 c:/program files/atmel/studio/7.0/toolchain/arm/arm-gnu-toolchain/bin/../lib/gcc/arm-none-eabi/4.9.3/../../../../arm-none-eabi/lib/armv6-m\libc_nano.a(lib_a-mprec.o)
 .debug_frame   0x00001734       0x2c c:/program files/atmel/studio/7.0/toolchain/arm/arm-gnu-toolchain/bin/../lib/gcc/arm-none-eabi/4.9.3/../../../../arm-none-eabi/lib/armv6-m\libc_nano.a(lib_a-nano-callocr.o)
 .debug_frame   0x00001760       0x2c c:/program files/atmel/studio/7.0/toolchain/arm/arm-gnu-toolchain/bin/../lib/gcc/arm-none-eabi/4.9.3/../../../../arm-none-eabi/lib/armv6-m\libc_nano.a(lib_a-nano-freer.o)
 .debug_frame   0x0000178c       0x2c c:/program files/atmel/studio/7.0/toolchain/arm/arm-gnu-toolchain/bin/../lib/gcc/arm-none-eabi/4.9.3/../../../../arm-none-eabi/lib/armv6-m\libc_nano.a(lib_a-nano-mallocr.o)
 .debug_frame   0x000017b8       0xa0 c:/program files/atmel/studio/7.0/toolchain/arm/arm-gnu-toolchain/bin/../lib/gcc/arm-none-eabi/4.9.3/../../../../arm-none-eabi/lib/armv6-m\libc_nano.a(lib_a-nano-vfprintf.o)
 .debug_frame   0x00001858       0x54 c:/program files/atmel/studio/7.0/toolchain/arm/arm-gnu-toolchain/bin/../lib/gcc/arm-none-eabi/4.9.3/../../../../arm-none-eabi/lib/armv6-m\libc_nano.a(lib_a-nano-vfprintf_i.o)
 .debug_frame   0x000018ac       0x2c c:/program files/atmel/studio/7.0/toolchain/arm/arm-gnu-toolchain/bin/../lib/gcc/arm-none-eabi/4.9.3/../../../../arm-none-eabi/lib/armv6-m\libc_nano.a(lib_a-sbrkr.o)
 .debug_frame   0x000018d8       0x90 c:/program files/atmel/studio/7.0/toolchain/arm/arm-gnu-toolchain/bin/../lib/gcc/arm-none-eabi/4.9.3/../../../../arm-none-eabi/lib/armv6-m\libc_nano.a(lib_a-stdio.o)
 .debug_frame   0x00001968       0x20 c:/program files/atmel/studio/7.0/toolchain/arm/arm-gnu-toolchain/bin/../lib/gcc/arm-none-eabi/4.9.3/../../../../arm-none-eabi/lib/armv6-m\libc_nano.a(lib_a-strcpy.o)
 .debug_frame   0x00001988       0x44 c:/program files/atmel/studio/7.0/toolchain/arm/arm-gnu-toolchain/bin/../lib/gcc/arm-none-eabi/4.9.3/../../../../arm-none-eabi/lib/armv6-m\libc_nano.a(lib_a-wbuf.o)
 .debug_frame   0x000019cc       0x2c c:/program files/atmel/studio/7.0/toolchain/arm/arm-gnu-toolchain/bin/../lib/gcc/arm-none-eabi/4.9.3/../../../../arm-none-eabi/lib/armv6-m\libc_nano.a(lib_a-writer.o)
 .debug_frame   0x000019f8       0x2c c:/program files/atmel/studio/7.0/toolchain/arm/arm-gnu-toolchain/bin/../lib/gcc/arm-none-eabi/4.9.3/../../../../arm-none-eabi/lib/armv6-m\libc_nano.a(lib_a-wsetup.o)
 .debug_frame   0x00001a24       0x2c c:/program files/atmel/studio/7.0/toolchain/arm/arm-gnu-toolchain/bin/../lib/gcc/arm-none-eabi/4.9.3/../../../../arm-none-eabi/lib/armv6-m\libc_nano.a(lib_a-closer.o)
 .debug_frame   0x00001a50       0x54 c:/program files/atmel/studio/7.0/toolchain/arm/arm-gnu-toolchain/bin/../lib/gcc/arm-none-eabi/4.9.3/../../../../arm-none-eabi/lib/armv6-m\libc_nano.a(lib_a-dtoa.o)
 .debug_frame   0x00001aa4       0x2c c:/program files/atmel/studio/7.0/toolchain/arm/arm-gnu-toolchain/bin/../lib/gcc/arm-none-eabi/4.9.3/../../../../arm-none-eabi/lib/armv6-m\libc_nano.a(lib_a-lseekr.o)
 .debug_frame   0x00001ad0       0x30 c:/program files/atmel/studio/7.0/toolchain/arm/arm-gnu-toolchain/bin/../lib/gcc/arm-none-eabi/4.9.3/../../../../arm-none-eabi/lib/armv6-m\libc_nano.a(lib_a-makebuf.o)
 .debug_frame   0x00001b00       0x20 c:/program files/atmel/studio/7.0/toolchain/arm/arm-gnu-toolchain/bin/../lib/gcc/arm-none-eabi/4.9.3/../../../../arm-none-eabi/lib/armv6-m\libc_nano.a(lib_a-memchr.o)
 .debug_frame   0x00001b20       0x2c c:/program files/atmel/studio/7.0/toolchain/arm/arm-gnu-toolchain/bin/../lib/gcc/arm-none-eabi/4.9.3/../../../../arm-none-eabi/lib/armv6-m\libc_nano.a(lib_a-readr.o)
 .debug_frame   0x00001b4c       0x48 c:/program files/atmel/studio/7.0/toolchain/arm/arm-gnu-toolchain/bin/../lib/gcc/arm-none-eabi/4.9.3/../../../../arm-none-eabi/lib/armv6-m\libc_nano.a(lib_a-reent.o)
 .debug_frame   0x00001b94       0x2c c:/program files/atmel/studio/7.0/toolchain/arm/arm-gnu-toolchain/bin/../lib/gcc/arm-none-eabi/4.9.3/../../../../arm-none-eabi/lib/armv6-m\libc_nano.a(lib_a-fstatr.o)
 .debug_frame   0x00001bc0       0x2c c:/program files/atmel/studio/7.0/toolchain/arm/arm-gnu-toolchain/bin/../lib/gcc/arm-none-eabi/4.9.3/../../../../arm-none-eabi/lib/armv6-m\libc_nano.a(lib_a-isattyr.o)
 .debug_frame   0x00001bec       0x20 c:/program files/atmel/studio/7.0/toolchain/arm/arm-gnu-toolchain/bin/../lib/gcc/arm-none-eabi/4.9.3/armv6-m\libgcc.a(_divsi3.o)
 .debug_frame   0x00001c0c       0x2c c:/program files/atmel/studio/7.0/toolchain/arm/arm-gnu-toolchain/bin/../lib/gcc/arm-none-eabi/4.9.3/armv6-m\libgcc.a(fixdfsi.o)
 .debug_frame   0x00001c38       0x2c c:/program files/atmel/studio/7.0/toolchain/arm/arm-gnu-toolchain/bin/../lib/gcc/arm-none-eabi/4.9.3/armv6-m\libgcc.a(floatsidf.o)
 .debug_frame   0x00001c64       0x28 c:/program files/atmel/studio/7.0/toolchain/arm/arm-gnu-toolchain/bin/../lib/gcc/arm-none-eabi/4.9.3/armv6-m\libgcc.a(floatunsidf.o)

Cross Reference Table

Symbol                                            File
SysTick_Handler                                   src/qs_uart_basic.o
SystemCoreClock                                   src/ASF/sam0/utils/cmsis/samb11/source/system_samb11.o
SystemCoreClockUpdate                             src/ASF/sam0/utils/cmsis/samb11/source/system_samb11.o
SystemInit                                        src/ASF/sam0/utils/cmsis/samb11/source/system_samb11.o
_Balloc                                           c:/program files/atmel/studio/7.0/toolchain/arm/arm-gnu-toolchain/bin/../lib/gcc/arm-none-eabi/4.9.3/../../../../arm-none-eabi/lib/armv6-m\libc_nano.a(lib_a-mprec.o)