Archive member included because of file (symbol)

c:/program files/atmel/studio/7.0/toolchain/arm/arm-gnu-toolchain/bin/../lib/gcc/arm-none-eabi/4.9.3/../../../../arm-none-eabi/lib/armv6-m\libm.a(lib_a-s_atan.o)
                              src/qs_uart_basic.o (atan)
c:/program files/atmel/studio/7.0/toolchain/arm/arm-gnu-toolchain/bin/../lib/gcc/arm-none-eabi/4.9.3/../../../../arm-none-eabi/lib/armv6-m\libm.a(lib_a-s_fabs.o)
                              c:/program files/atmel/studio/7.0/toolchain/arm/arm-gnu-toolchain/bin/../lib/gcc/arm-none-eabi/4.9.3/../../../../arm-none-eabi/lib/armv6-m\libm.a(lib_a-s_atan.o) (fabs)
c:/program files/atmel/studio/7.0/toolchain/arm/arm-gnu-toolchain/bin/../lib/gcc/arm-none-eabi/4.9.3/../../../../arm-none-eabi/lib/armv6-m\libm.a(lib_a-w_asin.o)
                              src/qs_uart_basic.o (asin)
c:/program files/atmel/studio/7.0/toolchain/arm/arm-gnu-toolchain/bin/../lib/gcc/arm-none-eabi/4.9.3/../../../../arm-none-eabi/lib/armv6-m\libm.a(lib_a-w_sqrt.o)
                              src/qs_uart_basic.o (sqrt)
c:/program files/atmel/studio/7.0/toolchain/arm/arm-gnu-toolchain/bin/../lib/gcc/arm-none-eabi/4.9.3/../../../../arm-none-eabi/lib/armv6-m\libm.a(lib_a-e_asin.o)
                              c:/program files/atmel/studio/7.0/toolchain/arm/arm-gnu-toolchain/bin/../lib/gcc/arm-none-eabi/4.9.3/../../../../arm-none-eabi/lib/armv6-m\libm.a(lib_a-w_asin.o) (__ieee754_asin)
c:/program files/atmel/studio/7.0/toolchain/arm/arm-gnu-toolchain/bin/../lib/gcc/arm-none-eabi/4.9.3/../../../../arm-none-eabi/lib/armv6-m\libm.a(lib_a-e_sqrt.o)
                              c:/program files/atmel/studio/7.0/toolchain/arm/arm-gnu-toolchain/bin/../lib/gcc/arm-none-eabi/4.9.3/../../../../arm-none-eabi/lib/armv6-m\libm.a(lib_a-w_sqrt.o) (__ieee754_sqrt)
c:/program files/atmel/studio/7.0/toolchain/arm/arm-gnu-toolchain/bin/../lib/gcc/arm-none-eabi/4.9.3/../../../../arm-none-eabi/lib/armv6-m\libm.a(lib_a-s_fpclassify.o)
                              c:/program files/atmel/studio/7.0/toolchain/arm/arm-gnu-toolchain/bin/../lib/gcc/arm-none-eabi/4.9.3/../../../../arm-none-eabi/lib/armv6-m\libm.a(lib_a-w_asin.o) (__fpclassifyd)
c:/program files/atmel/studio/7.0/toolchain/arm/arm-gnu-toolchain/bin/../lib/gcc/arm-none-eabi/4.9.3/../../../../arm-none-eabi/lib/armv6-m\libm.a(lib_a-s_lib_ver.o)
                              c:/program files/atmel/studio/7.0/toolchain/arm/arm-gnu-toolchain/bin/../lib/gcc/arm-none-eabi/4.9.3/../../../../arm-none-eabi/lib/armv6-m\libm.a(lib_a-w_asin.o) (__fdlib_version)
c:/program files/atmel/studio/7.0/toolchain/arm/arm-gnu-toolchain/bin/../lib/gcc/arm-none-eabi/4.9.3/../../../../arm-none-eabi/lib/armv6-m\libm.a(lib_a-s_matherr.o)
                              c:/program files/atmel/studio/7.0/toolchain/arm/arm-gnu-toolchain/bin/../lib/gcc/arm-none-eabi/4.9.3/../../../../arm-none-eabi/lib/armv6-m\libm.a(lib_a-w_asin.o) (matherr)
c:/program files/atmel/studio/7.0/toolchain/arm/arm-gnu-toolchain/bin/../lib/gcc/arm-none-eabi/4.9.3/../../../../arm-none-eabi/lib/armv6-m\libm.a(lib_a-s_nan.o)
                              c:/program files/atmel/studio/7.0/toolchain/arm/arm-gnu-toolchain/bin/../lib/gcc/arm-none-eabi/4.9.3/../../../../arm-none-eabi/lib/armv6-m\libm.a(lib_a-w_asin.o) (nan)
c:/program files/atmel/studio/7.0/toolchain/arm/arm-gnu-toolchain/bin/../lib/gcc/arm-none-eabi/4.9.3/armv6-m\libgcc.a(_udivsi3.o)
                              src/ASF/sam0/drivers/uart/uart.o (__aeabi_uidiv)
c:/program files/atmel/studio/7.0/toolchain/arm/arm-gnu-toolchain/bin/../lib/gcc/arm-none-eabi/4.9.3/armv6-m\libgcc.a(_dvmd_tls.o)
                              c:/program files/atmel/studio/7.0/toolchain/arm/arm-gnu-toolchain/bin/../lib/gcc/arm-none-eabi/4.9.3/armv6-m\libgcc.a(_udivsi3.o) (__aeabi_idiv0)
c:/program files/atmel/studio/7.0/toolchain/arm/arm-gnu-toolchain/bin/../lib/gcc/arm-none-eabi/4.9.3/armv6-m\libgcc.a(_arm_cmpdf2.o)
                              src/qs_uart_basic.o (__aeabi_dcmpeq)
c:/program files/atmel/studio/7.0/toolchain/arm/arm-gnu-toolchain/bin/../lib/gcc/arm-none-eabi/4.9.3/armv6-m\libgcc.a(addsf3.o)
                              src/Kalman.o (__aeabi_fadd)
c:/program files/atmel/studio/7.0/toolchain/arm/arm-gnu-toolchain/bin/../lib/gcc/arm-none-eabi/4.9.3/armv6-m\libgcc.a(divsf3.o)
                              src/Kalman.o (__aeabi_fdiv)
c:/program files/atmel/studio/7.0/toolchain/arm/arm-gnu-toolchain/bin/../lib/gcc/arm-none-eabi/4.9.3/armv6-m\libgcc.a(mulsf3.o)
                              src/Kalman.o (__aeabi_fmul)
c:/program files/atmel/studio/7.0/toolchain/arm/arm-gnu-toolchain/bin/../lib/gcc/arm-none-eabi/4.9.3/armv6-m\libgcc.a(subsf3.o)
                              src/Kalman.o (__aeabi_fsub)
c:/program files/atmel/studio/7.0/toolchain/arm/arm-gnu-toolchain/bin/../lib/gcc/arm-none-eabi/4.9.3/armv6-m\libgcc.a(floatsisf.o)
                              src/qs_uart_basic.o (__aeabi_i2f)
[...]
Memory Configuration

Name             Origin             Length             Attributes
ram              0x10008000         0x00017800         xrw
lram             0x1001f800         0x00000800         xrw
*default*        0x00000000         0xffffffff

Linker script and memory map

LOAD c:/program files/atmel/studio/7.0/toolchain/arm/arm-gnu-toolchain/bin/../lib/gcc/arm-none-eabi/4.9.3/armv6-m/crti.o
LOAD c:/program files/atmel/studio/7.0/toolchain/arm/arm-gnu-toolchain/bin/../lib/gcc/arm-none-eabi/4.9.3/armv6-m/crtbegin.o
LOAD c:/program files/atmel/studio/7.0/toolchain/arm/arm-gnu-toolchain/bin/../lib/gcc/arm-none-eabi/4.9.3/../../../../arm-none-eabi/lib/armv6-m/crt0.o
LOAD src/Kalman.o
LOAD src/sentral/sentral_interface.o
LOAD src/ASF/sam0/drivers/i2c/i2c_master.o
LOAD src/ASF/sam0/drivers/i2c/i2c_master_interrupt.o
LOAD src/ASF/sam0/drivers/timer/timer.o
LOAD src/ASF/sam0/utils/stdio/read.o
LOAD src/ASF/sam0/utils/stdio/write.o
LOAD src/ASF/common/utils/interrupt/interrupt_sam_nvic.o
LOAD src/ASF/sam0/boards/samb11_xplained_pro/board_init.o
LOAD src/ASF/sam0/drivers/gpio/gpio.o
LOAD src/ASF/sam0/drivers/system/system_sam_b.o
LOAD src/ASF/sam0/drivers/uart/uart.o
LOAD src/ASF/sam0/utils/cmsis/samb11/source/gcc/startup_samb11.o
LOAD src/ASF/sam0/utils/cmsis/samb11/source/system_samb11.o
LOAD src/ASF/sam0/utils/syscalls/gcc/syscalls.o
LOAD src/qs_uart_basic.o
START GROUP
LOAD ../src/ASF/thirdparty/CMSIS/Lib/GCC\libarm_cortexM0l_math.a
LOAD c:/program files/atmel/studio/7.0/toolchain/arm/arm-gnu-toolchain/bin/../lib/gcc/arm-none-eabi/4.9.3/../../../../arm-none-eabi/lib/armv6-m\libm.a
END GROUP
START GROUP
LOAD c:/program files/atmel/studio/7.0/toolchain/arm/arm-gnu-toolchain/bin/../lib/gcc/arm-none-eabi/4.9.3/armv6-m\libgcc.a
LOAD c:/program files/atmel/studio/7.0/toolchain/arm/arm-gnu-toolchain/bin/../lib/gcc/arm-none-eabi/4.9.3/../../../../arm-none-eabi/lib/armv6-m\libc_nano.a
END GROUP
START GROUP
LOAD c:/program files/atmel/studio/7.0/toolchain/arm/arm-gnu-toolchain/bin/../lib/gcc/arm-none-eabi/4.9.3/armv6-m\libgcc.a
LOAD c:/program files/atmel/studio/7.0/toolchain/arm/arm-gnu-toolchain/bin/../lib/gcc/arm-none-eabi/4.9.3/../../../../arm-none-eabi/lib/armv6-m\libc_nano.a
END GROUP
LOAD c:/program files/atmel/studio/7.0/toolchain/arm/arm-gnu-toolchain/bin/../lib/gcc/arm-none-eabi/4.9.3/armv6-m/crtend.o
LOAD c:/program files/atmel/studio/7.0/toolchain/arm/arm-gnu-toolchain/bin/../lib/gcc/arm-none-eabi/4.9.3/armv6-m/crtn.o
                0x00000800                STACK_SIZE = DEFINED (STACK_SIZE)?STACK_SIZE:DEFINED (__stack_size__)?__stack_size__:0x800

.text           0x10008000     0x8ab8
                0x10008000                . = ALIGN (0x4)
                0x10008000                _sfixed = .
 *(.test.main .text.app_entry)
 .text.app_entry
                0x10008000       0x88 src/ASF/sam0/utils/cmsis/samb11/source/gcc/startup_samb11.o
                0x10008000                app_entry
 *(.text .text.* .gnu.linkonce.t.*)
 .text          0x10008088       0x60 c:/program files/atmel/studio/7.0/toolchain/arm/arm-gnu-toolchain/bin/../lib/gcc/arm-none-eabi/4.9.3/armv6-m/crtbegin.o
 .text.kalmanFilterX
                0x100080e8      0x178 src/Kalman.o
                0x100080e8                kalmanFilterX
 .text.kalmanFilterY
                0x10008260      0x178 src/Kalman.o
                0x10008260                kalmanFilterY
 .text.kalmanFilterZ
                0x100083d8      0x178 src/Kalman.o
                0x100083d8                kalmanFilterZ
 .text.setAngle
                0x10008550       0x14 src/Kalman.o
                0x10008550                setAngle
 .text.i2c_init_sentral
                0x10008564       0x68 src/sentral/sentral_interface.o
                0x10008564                i2c_init_sentral
 .text.i2c_sentral_write_register
                0x100085cc       0x4c src/sentral/sentral_interface.o
                0x100085cc                i2c_sentral_write_register
 .text.i2c_sentral_read_reg
                0x10008618       0x44 src/sentral/sentral_interface.o
                0x10008618                i2c_sentral_read_reg
 .text.reset_sentral
                0x1000865c       0x1c src/sentral/sentral_interface.o
                0x1000865c                reset_sentral
 .text.config_sentral
                0x10008678       0x58 src/sentral/sentral_interface.o
                0x10008678                config_sentral
 .text.check_sentral_eeprom_status
                0x100086d0       0x24 src/sentral/sentral_interface.o
                0x100086d0                check_sentral_eeprom_status
 .text.init_sentral
                0x100086f4       0x50 src/sentral/sentral_interface.o
                0x100086f4                init_sentral
 .text._i2c_master_read_packet
                0x10008744       0x80 src/ASF/sam0/drivers/i2c/i2c_master.o
 .text._i2c_master_write_packet
                0x100087c4       0x60 src/ASF/sam0/drivers/i2c/i2c_master.o
 .text.i2c_master_get_config_defaults
                0x10008824       0x18 src/ASF/sam0/drivers/i2c/i2c_master.o
                0x10008824                i2c_master_get_config_defaults
 .text.i2c_master_init
                0x1000883c       0xe4 src/ASF/sam0/drivers/i2c/i2c_master.o
                0x1000883c                i2c_master_init
 .text.i2c_master_read_packet_wait
                0x10008920       0x30 src/ASF/sam0/drivers/i2c/i2c_master.o
                0x10008920                i2c_master_read_packet_wait
 .text.i2c_master_write_packet_wait
                0x10008950       0x30 src/ASF/sam0/drivers/i2c/i2c_master.o
                0x10008950                i2c_master_write_packet_wait
 .text.i2c_master_write_packet_wait_no_stop
                0x10008980       0x30 src/ASF/sam0/drivers/i2c/i2c_master.o
                0x10008980                i2c_master_write_packet_wait_no_stop
 .text._i2c_master_isr_handler
                0x100089b0      0x174 src/ASF/sam0/drivers/i2c/i2c_master_interrupt.o
                0x100089b0                _i2c_master_isr_handler
 .text.timer_get_config_defaults
                0x10008b24        0xc src/ASF/sam0/drivers/timer/timer.o
                0x10008b24                timer_get_config_defaults
 .text.timer_clear_interrupt_status
                0x10008b30       0x14 src/ASF/sam0/drivers/timer/timer.o
                0x10008b30                timer_clear_interrupt_status
 .text.timer_isr_handler
                0x10008b44       0x24 src/ASF/sam0/drivers/timer/timer.o
 .text.timer_enable
                0x10008b68       0x10 src/ASF/sam0/drivers/timer/timer.o
                0x10008b68                timer_enable
 .text.timer_register_callback
                0x10008b78        0xc src/ASF/sam0/drivers/timer/timer.o
                0x10008b78                timer_register_callback
 .text.timer_init
                0x10008b84       0x3c src/ASF/sam0/drivers/timer/timer.o
                0x10008b84                timer_init
 .text._read    0x10008bc0       0x44 src/ASF/sam0/utils/stdio/read.o
                0x10008bc0                _read
 .text._write   0x10008c04       0x50 src/ASF/sam0/utils/stdio/write.o
                0x10008c04                _write
 .text.gpio_get_config_defaults
                0x10008c54       0x10 src/ASF/sam0/drivers/gpio/gpio.o
                0x10008c54                gpio_get_config_defaults
 .text.gpio_pin_set_config
                0x10008c64      0x1c8 src/ASF/sam0/drivers/gpio/gpio.o
                0x10008c64                gpio_pin_set_config
 .text.gpio_pin_toggle_output_level
                0x10008e2c       0x54 src/ASF/sam0/drivers/gpio/gpio.o
                0x10008e2c                gpio_pin_toggle_output_level
 .text.gpio_pinmux_cofiguration
                0x10008e80      0x158 src/ASF/sam0/drivers/gpio/gpio.o
                0x10008e80                gpio_pinmux_cofiguration
 .text.system_clock_config
                0x10008fd8       0x84 src/ASF/sam0/drivers/system/system_sam_b.o
                0x10008fd8                system_clock_config
 .text.system_clock_get_value
                0x1000905c        0xc src/ASF/sam0/drivers/system/system_sam_b.o
                0x1000905c                system_clock_get_value
 .text.system_clock_peripheral_enable
                0x10009068      0x35c src/ASF/sam0/drivers/system/system_sam_b.o
                0x10009068                system_clock_peripheral_enable
 .text.system_peripheral_reset
                0x100093c4      0x468 src/ASF/sam0/drivers/system/system_sam_b.o
                0x100093c4                system_peripheral_reset
 .text.system_register_isr
                0x1000982c       0x10 src/ASF/sam0/drivers/system/system_sam_b.o
                0x1000982c                system_register_isr
 .text.uart_rx0_isr_handler
                0x1000983c       0x88 src/ASF/sam0/drivers/uart/uart.o
 .text.uart_tx0_isr_handler
                0x100098c4       0x8c src/ASF/sam0/drivers/uart/uart.o
 .text.uart_rx1_isr_handler
                0x10009950       0x88 src/ASF/sam0/drivers/uart/uart.o
 .text.uart_tx1_isr_handler
                0x100099d8       0x8c src/ASF/sam0/drivers/uart/uart.o
 .text.uart_get_config_defaults
                0x10009a64       0x2c src/ASF/sam0/drivers/uart/uart.o
                0x10009a64                uart_get_config_defaults
 .text.uart_init
                0x10009a90      0x1bc src/ASF/sam0/drivers/uart/uart.o
                0x10009a90                uart_init
 .text.uart_write_wait
                0x10009c4c       0x10 src/ASF/sam0/drivers/uart/uart.o
                0x10009c4c                uart_write_wait
 .text.uart_read_wait
                0x10009c5c       0x14 src/ASF/sam0/drivers/uart/uart.o
                0x10009c5c                uart_read_wait
 .text._sbrk    0x10009c70       0x24 src/ASF/sam0/utils/syscalls/gcc/syscalls.o
                0x10009c70                _sbrk
 .text._close   0x10009c94        0x8 src/ASF/sam0/utils/syscalls/gcc/syscalls.o
                0x10009c94                _close
 .text._fstat   0x10009c9c        0xc src/ASF/sam0/utils/syscalls/gcc/syscalls.o
                0x10009c9c                _fstat
 .text._isatty  0x10009ca8        0x4 src/ASF/sam0/utils/syscalls/gcc/syscalls.o
                0x10009ca8                _isatty
 .text._lseek   0x10009cac        0x4 src/ASF/sam0/utils/syscalls/gcc/syscalls.o
                0x10009cac                _lseek
 .text.timer_callback
                0x10009cb0       0x28 src/qs_uart_basic.o
 .text.usart_serial_getchar
                0x10009cd8       0x18 src/qs_uart_basic.o
 .text.usart_serial_putchar
                0x10009cf0       0x18 src/qs_uart_basic.o
 .text.readSentralData
                0x10009d08      0x260 src/qs_uart_basic.o
                0x10009d08                readSentralData
 .text.atan2    0x10009f68      0x11c src/qs_uart_basic.o
                0x10009f68                atan2
 .text.main     0x1000a084      0x674 src/qs_uart_basic.o
                0x1000a084                main
 .text.atan     0x1000a6f8      0x33c c:/program files/atmel/studio/7.0/toolchain/arm/arm-gnu-toolchain/bin/../lib/gcc/arm-none-eabi/4.9.3/../../../../arm-none-eabi/lib/armv6-m\libm.a(lib_a-s_atan.o)
                0x1000a6f8                atan
 .text.fabs     0x1000aa34        0x8 c:/program files/atmel/studio/7.0/toolchain/arm/arm-gnu-toolchain/bin/../lib/gcc/arm-none-eabi/4.9.3/../../../../arm-none-eabi/lib/armv6-m\libm.a(lib_a-s_fabs.o)
                0x1000aa34                fabs
 .text.asin     0x1000aa3c       0xb4 c:/program files/atmel/studio/7.0/toolchain/arm/arm-gnu-toolchain/bin/../lib/gcc/arm-none-eabi/4.9.3/../../../../arm-none-eabi/lib/armv6-m\libm.a(lib_a-w_asin.o)
                0x1000aa3c                asin
 .text.sqrt     0x1000aaf0       0xb8 c:/program files/atmel/studio/7.0/toolchain/arm/arm-gnu-toolchain/bin/../lib/gcc/arm-none-eabi/4.9.3/../../../../arm-none-eabi/lib/armv6-m\libm.a(lib_a-w_sqrt.o)
                0x1000aaf0                sqrt
 .text.__ieee754_asin
                0x1000aba8      0x3d4 c:/program files/atmel/studio/7.0/toolchain/arm/arm-gnu-toolchain/bin/../lib/gcc/arm-none-eabi/4.9.3/../../../../arm-none-eabi/lib/armv6-m\libm.a(lib_a-e_asin.o)
                0x1000aba8                __ieee754_asin
 .text.__ieee754_sqrt
                0x1000af7c      0x1ec c:/program files/atmel/studio/7.0/toolchain/arm/arm-gnu-toolchain/bin/../lib/gcc/arm-none-eabi/4.9.3/../../../../arm-none-eabi/lib/armv6-m\libm.a(lib_a-e_sqrt.o)
                0x1000af7c                __ieee754_sqrt
 .text.__fpclassifyd
                0x1000b168       0x5c c:/program files/atmel/studio/7.0/toolchain/arm/arm-gnu-toolchain/bin/../lib/gcc/arm-none-eabi/4.9.3/../../../../arm-none-eabi/lib/armv6-m\libm.a(lib_a-s_fpclassify.o)
                0x1000b168                __fpclassifyd
 .text.matherr  0x1000b1c4        0x4 c:/program files/atmel/studio/7.0/toolchain/arm/arm-gnu-toolchain/bin/../lib/gcc/arm-none-eabi/4.9.3/../../../../arm-none-eabi/lib/armv6-m\libm.a(lib_a-s_matherr.o)
                0x1000b1c4                matherr
 .text.nan      0x1000b1c8        0xc c:/program files/atmel/studio/7.0/toolchain/arm/arm-gnu-toolchain/bin/../lib/gcc/arm-none-eabi/4.9.3/../../../../arm-none-eabi/lib/armv6-m\libm.a(lib_a-s_nan.o)
                0x1000b1c8                nan
 .text          0x1000b1d4      0x120 c:/program files/atmel/studio/7.0/toolchain/arm/arm-gnu-toolchain/bin/../lib/gcc/arm-none-eabi/4.9.3/armv6-m\libgcc.a(_udivsi3.o)
                0x1000b1d4                __aeabi_uidiv
                0x1000b1d4                __udivsi3
                0x1000b2e0                __aeabi_uidivmod
 .text          0x1000b2f4        0x4 c:/program files/atmel/studio/7.0/toolchain/arm/arm-gnu-toolchain/bin/../lib/gcc/arm-none-eabi/4.9.3/armv6-m\libgcc.a(_dvmd_tls.o)
                0x1000b2f4                __aeabi_idiv0
                0x1000b2f4                __aeabi_ldiv0
 .text          0x1000b2f8       0x7c c:/program files/atmel/studio/7.0/toolchain/arm/arm-gnu-toolchain/bin/../lib/gcc/arm-none-eabi/4.9.3/armv6-m\libgcc.a(_arm_cmpdf2.o)
                0x1000b2f8                __aeabi_cdrcmple
                0x1000b308                __aeabi_cdcmple
                0x1000b308                __aeabi_cdcmpeq
                0x1000b318                __aeabi_dcmpeq
                0x1000b324                __aeabi_dcmplt
                0x1000b338                __aeabi_dcmple
                0x1000b34c                __aeabi_dcmpgt
                0x1000b360                __aeabi_dcmpge
 .text          0x1000b374      0x2f8 c:/program files/atmel/studio/7.0/toolchain/arm/arm-gnu-toolchain/bin/../lib/gcc/arm-none-eabi/4.9.3/armv6-m\libgcc.a(addsf3.o)
                0x1000b374                __aeabi_fadd
 .text          0x1000b66c      0x270 c:/program files/atmel/studio/7.0/toolchain/arm/arm-gnu-toolchain/bin/../lib/gcc/arm-none-eabi/4.9.3/armv6-m\libgcc.a(divsf3.o)
                0x1000b66c                __aeabi_fdiv
 .text          0x1000b8dc      0x264 c:/program files/atmel/studio/7.0/toolchain/arm/arm-gnu-toolchain/bin/../lib/gcc/arm-none-eabi/4.9.3/armv6-m\libgcc.a(mulsf3.o)
                0x1000b8dc                __aeabi_fmul
 .text          0x1000bb40      0x2fc c:/program files/atmel/studio/7.0/toolchain/arm/arm-gnu-toolchain/bin/../lib/gcc/arm-none-eabi/4.9.3/armv6-m\libgcc.a(subsf3.o)
                0x1000bb40                __aeabi_fsub
 .text          0x1000be3c       0x90 c:/program files/atmel/studio/7.0/toolchain/arm/arm-gnu-toolchain/bin/../lib/gcc/arm-none-eabi/4.9.3/armv6-m\libgcc.a(floatsisf.o)
                0x1000be3c                __aeabi_i2f
 .text          0x1000becc      0x650 c:/program files/atmel/studio/7.0/toolchain/arm/arm-gnu-toolchain/bin/../lib/gcc/arm-none-eabi/4.9.3/armv6-m\libgcc.a(adddf3.o)
                0x1000becc                __aeabi_dadd
 .text          0x1000c51c      0x648 c:/program files/atmel/studio/7.0/toolchain/arm/arm-gnu-toolchain/bin/../lib/gcc/arm-none-eabi/4.9.3/armv6-m\libgcc.a(divdf3.o)
                0x1000c51c                __aeabi_ddiv
 .text          0x1000cb64       0x88 c:/program files/atmel/studio/7.0/toolchain/arm/arm-gnu-toolchain/bin/../lib/gcc/arm-none-eabi/4.9.3/armv6-m\libgcc.a(eqdf2.o)
                0x1000cb64                __nedf2
                0x1000cb64                __eqdf2
 .text          0x1000cbec       0xe0 c:/program files/atmel/studio/7.0/toolchain/arm/arm-gnu-toolchain/bin/../lib/gcc/arm-none-eabi/4.9.3/armv6-m\libgcc.a(gedf2.o)
                0x1000cbec                __gedf2
                0x1000cbec                __gtdf2
 .text          0x1000cccc       0xcc c:/program files/atmel/studio/7.0/toolchain/arm/arm-gnu-toolchain/bin/../lib/gcc/arm-none-eabi/4.9.3/armv6-m\libgcc.a(ledf2.o)
                0x1000cccc                __ledf2
                0x1000cccc                __ltdf2
 .text          0x1000cd98      0x534 c:/program files/atmel/studio/7.0/toolchain/arm/arm-gnu-toolchain/bin/../lib/gcc/arm-none-eabi/4.9.3/armv6-m\libgcc.a(muldf3.o)
                0x1000cd98                __aeabi_dmul
 .text          0x1000d2cc      0x6f4 c:/program files/atmel/studio/7.0/toolchain/arm/arm-gnu-toolchain/bin/../lib/gcc/arm-none-eabi/4.9.3/armv6-m\libgcc.a(subdf3.o)
                0x1000d2cc                __aeabi_dsub
 .text          0x1000d9c0       0xa8 c:/program files/atmel/studio/7.0/toolchain/arm/arm-gnu-toolchain/bin/../lib/gcc/arm-none-eabi/4.9.3/armv6-m\libgcc.a(extendsfdf2.o)
                0x1000d9c0                __aeabi_f2d
 .text          0x1000da68      0x120 c:/program files/atmel/studio/7.0/toolchain/arm/arm-gnu-toolchain/bin/../lib/gcc/arm-none-eabi/4.9.3/armv6-m\libgcc.a(truncdfsf2.o)
                0x1000da68                __aeabi_d2f
 .text          0x1000db88       0x3c c:/program files/atmel/studio/7.0/toolchain/arm/arm-gnu-toolchain/bin/../lib/gcc/arm-none-eabi/4.9.3/armv6-m\libgcc.a(_clzsi2.o)
                0x1000db88                __clzsi2
 .text.gcvt     0x1000dbc4       0x48 c:/program files/atmel/studio/7.0/toolchain/arm/arm-gnu-toolchain/bin/../lib/gcc/arm-none-eabi/4.9.3/../../../../arm-none-eabi/lib/armv6-m\libc_nano.a(lib_a-efgcvt.o)
                0x1000dbc4                gcvt
 .text.__errno  0x1000dc0c        0xc c:/program files/atmel/studio/7.0/toolchain/arm/arm-gnu-toolchain/bin/../lib/gcc/arm-none-eabi/4.9.3/../../../../arm-none-eabi/lib/armv6-m\libc_nano.a(lib_a-errno.o)
                0x1000dc0c                __errno
 .text.__libc_init_array
                0x1000dc18       0x4c c:/program files/atmel/studio/7.0/toolchain/arm/arm-gnu-toolchain/bin/../lib/gcc/arm-none-eabi/4.9.3/../../../../arm-none-eabi/lib/armv6-m\libc_nano.a(lib_a-init.o)
                0x1000dc18                __libc_init_array
 .text.memcpy   0x1000dc64       0x12 c:/program files/atmel/studio/7.0/toolchain/arm/arm-gnu-toolchain/bin/../lib/gcc/arm-none-eabi/4.9.3/../../../../arm-none-eabi/lib/armv6-m\libc_nano.a(lib_a-memcpy.o)
                0x1000dc64                memcpy
 .text.memset   0x1000dc76       0x10 c:/program files/atmel/studio/7.0/toolchain/arm/arm-gnu-toolchain/bin/../lib/gcc/arm-none-eabi/4.9.3/../../../../arm-none-eabi/lib/armv6-m\libc_nano.a(lib_a-memset.o)
                0x1000dc76                memset
 *fill*         0x1000dc86        0x2 
 .text.printf   0x1000dc88       0x34 c:/program files/atmel/studio/7.0/toolchain/arm/arm-gnu-toolchain/bin/../lib/gcc/arm-none-eabi/4.9.3/../../../../arm-none-eabi/lib/armv6-m\libc_nano.a(lib_a-printf.o)
                0x1000dc88                iprintf
                0x1000dc88                printf
 .text.putchar  0x1000dcbc       0x28 c:/program files/atmel/studio/7.0/toolchain/arm/arm-gnu-toolchain/bin/../lib/gcc/arm-none-eabi/4.9.3/../../../../arm-none-eabi/lib/armv6-m\libc_nano.a(lib_a-putchar.o)
                0x1000dcbc                putchar
 .text.setbuf   0x1000dce4       0x12 c:/program files/atmel/studio/7.0/toolchain/arm/arm-gnu-toolchain/bin/../lib/gcc/arm-none-eabi/4.9.3/../../../../arm-none-eabi/lib/armv6-m\libc_nano.a(lib_a-setbuf.o)
                0x1000dce4                setbuf
 *fill*         0x1000dcf6        0x2 
 .text.setvbuf  0x1000dcf8      0x10c c:/program files/atmel/studio/7.0/toolchain/arm/arm-gnu-toolchain/bin/../lib/gcc/arm-none-eabi/4.9.3/../../../../arm-none-eabi/lib/armv6-m\libc_nano.a(lib_a-setvbuf.o)
                0x1000dcf8                setvbuf
 .text.print_e  0x1000de04       0xf4 c:/program files/atmel/studio/7.0/toolchain/arm/arm-gnu-toolchain/bin/../lib/gcc/arm-none-eabi/4.9.3/../../../../arm-none-eabi/lib/armv6-m\libc_nano.a(lib_a-ecvtbuf.o)
 .text._gcvt    0x1000def8      0x18c c:/program files/atmel/studio/7.0/toolchain/arm/arm-gnu-toolchain/bin/../lib/gcc/arm-none-eabi/4.9.3/../../../../arm-none-eabi/lib/armv6-m\libc_nano.a(lib_a-ecvtbuf.o)
                0x1000def8                _gcvt
 .text.__sflush_r
                0x1000e084      0x112 c:/program files/atmel/studio/7.0/toolchain/arm/arm-gnu-toolchain/bin/../lib/gcc/arm-none-eabi/4.9.3/../../../../arm-none-eabi/lib/armv6-m\libc_nano.a(lib_a-fflush.o)
                0x1000e084                __sflush_r
 *fill*         0x1000e196        0x2 
 .text._fflush_r
                0x1000e198       0x58 c:/program files/atmel/studio/7.0/toolchain/arm/arm-gnu-toolchain/bin/../lib/gcc/arm-none-eabi/4.9.3/../../../../arm-none-eabi/lib/armv6-m\libc_nano.a(lib_a-fflush.o)
                0x1000e198                _fflush_r
 .text._cleanup_r
                0x1000e1f0       0x10 c:/program files/atmel/studio/7.0/toolchain/arm/arm-gnu-toolchain/bin/../lib/gcc/arm-none-eabi/4.9.3/../../../../arm-none-eabi/lib/armv6-m\libc_nano.a(lib_a-findfp.o)
                0x1000e1f0                _cleanup_r
 .text.std.isra.0
                0x1000e200       0x48 c:/program files/atmel/studio/7.0/toolchain/arm/arm-gnu-toolchain/bin/../lib/gcc/arm-none-eabi/4.9.3/../../../../arm-none-eabi/lib/armv6-m\libc_nano.a(lib_a-findfp.o)
 .text.__sfmoreglue
                0x1000e248       0x2c c:/program files/atmel/studio/7.0/toolchain/arm/arm-gnu-toolchain/bin/../lib/gcc/arm-none-eabi/4.9.3/../../../../arm-none-eabi/lib/armv6-m\libc_nano.a(lib_a-findfp.o)
                0x1000e248                __sfmoreglue
 .text.__sinit  0x1000e274       0x64 c:/program files/atmel/studio/7.0/toolchain/arm/arm-gnu-toolchain/bin/../lib/gcc/arm-none-eabi/4.9.3/../../../../arm-none-eabi/lib/armv6-m\libc_nano.a(lib_a-findfp.o)
                0x1000e274                __sinit
 .text.__sfp    0x1000e2d8       0x7c c:/program files/atmel/studio/7.0/toolchain/arm/arm-gnu-toolchain/bin/../lib/gcc/arm-none-eabi/4.9.3/../../../../arm-none-eabi/lib/armv6-m\libc_nano.a(lib_a-findfp.o)
                0x1000e2d8                __sfp
 .text._fwalk_reent
                0x1000e354       0x42 c:/program files/atmel/studio/7.0/toolchain/arm/arm-gnu-toolchain/bin/../lib/gcc/arm-none-eabi/4.9.3/../../../../arm-none-eabi/lib/armv6-m\libc_nano.a(lib_a-fwalk.o)
                0x1000e354                _fwalk_reent
 *fill*         0x1000e396        0x2 
 .text.malloc   0x1000e398       0x14 c:/program files/atmel/studio/7.0/toolchain/arm/arm-gnu-toolchain/bin/../lib/gcc/arm-none-eabi/4.9.3/../../../../arm-none-eabi/lib/armv6-m\libc_nano.a(lib_a-malloc.o)
                0x1000e398                malloc
 .text._Balloc  0x1000e3ac       0x70 c:/program files/atmel/studio/7.0/toolchain/arm/arm-gnu-toolchain/bin/../lib/gcc/arm-none-eabi/4.9.3/../../../../arm-none-eabi/lib/armv6-m\libc_nano.a(lib_a-mprec.o)
                0x1000e3ac                _Balloc
 .text._Bfree   0x1000e41c       0x32 c:/program files/atmel/studio/7.0/toolchain/arm/arm-gnu-toolchain/bin/../lib/gcc/arm-none-eabi/4.9.3/../../../../arm-none-eabi/lib/armv6-m\libc_nano.a(lib_a-mprec.o)
                0x1000e41c                _Bfree
 .text.__multadd
                0x1000e44e       0x78 c:/program files/atmel/studio/7.0/toolchain/arm/arm-gnu-toolchain/bin/../lib/gcc/arm-none-eabi/4.9.3/../../../../arm-none-eabi/lib/armv6-m\libc_nano.a(lib_a-mprec.o)
                0x1000e44e                __multadd
 .text.__hi0bits
                0x1000e4c6       0x36 c:/program files/atmel/studio/7.0/toolchain/arm/arm-gnu-toolchain/bin/../lib/gcc/arm-none-eabi/4.9.3/../../../../arm-none-eabi/lib/armv6-m\libc_nano.a(lib_a-mprec.o)
                0x1000e4c6                __hi0bits
 .text.__lo0bits
                0x1000e4fc       0x5e c:/program files/atmel/studio/7.0/toolchain/arm/arm-gnu-toolchain/bin/../lib/gcc/arm-none-eabi/4.9.3/../../../../arm-none-eabi/lib/armv6-m\libc_nano.a(lib_a-mprec.o)
                0x1000e4fc                __lo0bits
 .text.__i2b    0x1000e55a       0x12 c:/program files/atmel/studio/7.0/toolchain/arm/arm-gnu-toolchain/bin/../lib/gcc/arm-none-eabi/4.9.3/../../../../arm-none-eabi/lib/armv6-m\libc_nano.a(lib_a-mprec.o)
                0x1000e55a                __i2b
 .text.__multiply
                0x1000e56c      0x11a c:/program files/atmel/studio/7.0/toolchain/arm/arm-gnu-toolchain/bin/../lib/gcc/arm-none-eabi/4.9.3/../../../../arm-none-eabi/lib/armv6-m\libc_nano.a(lib_a-mprec.o)
                0x1000e56c                __multiply
 *fill*         0x1000e686        0x2 
 .text.__pow5mult
                0x1000e688       0xa4 c:/program files/atmel/studio/7.0/toolchain/arm/arm-gnu-toolchain/bin/../lib/gcc/arm-none-eabi/4.9.3/../../../../arm-none-eabi/lib/armv6-m\libc_nano.a(lib_a-mprec.o)
                0x1000e688                __pow5mult
 .text.__lshift
                0x1000e72c       0xa4 c:/program files/atmel/studio/7.0/toolchain/arm/arm-gnu-toolchain/bin/../lib/gcc/arm-none-eabi/4.9.3/../../../../arm-none-eabi/lib/armv6-m\libc_nano.a(lib_a-mprec.o)
                0x1000e72c                __lshift
 .text.__mcmp   0x1000e7d0       0x36 c:/program files/atmel/studio/7.0/toolchain/arm/arm-gnu-toolchain/bin/../lib/gcc/arm-none-eabi/4.9.3/../../../../arm-none-eabi/lib/armv6-m\libc_nano.a(lib_a-mprec.o)
                0x1000e7d0                __mcmp
 .text.__mdiff  0x1000e806       0xd6 c:/program files/atmel/studio/7.0/toolchain/arm/arm-gnu-toolchain/bin/../lib/gcc/arm-none-eabi/4.9.3/../../../../arm-none-eabi/lib/armv6-m\libc_nano.a(lib_a-mprec.o)
                0x1000e806                __mdiff
 .text.__d2b    0x1000e8dc       0xa8 c:/program files/atmel/studio/7.0/toolchain/arm/arm-gnu-toolchain/bin/../lib/gcc/arm-none-eabi/4.9.3/../../../../arm-none-eabi/lib/armv6-m\libc_nano.a(lib_a-mprec.o)
                0x1000e8dc                __d2b
 .text._mprec_log10
                0x1000e984       0x34 c:/program files/atmel/studio/7.0/toolchain/arm/arm-gnu-toolchain/bin/../lib/gcc/arm-none-eabi/4.9.3/../../../../arm-none-eabi/lib/armv6-m\libc_nano.a(lib_a-mprec.o)
                0x1000e984                _mprec_log10
 .text._calloc_r
                0x1000e9b8       0x1c c:/program files/atmel/studio/7.0/toolchain/arm/arm-gnu-toolchain/bin/../lib/gcc/arm-none-eabi/4.9.3/../../../../arm-none-eabi/lib/armv6-m\libc_nano.a(lib_a-nano-callocr.o)
                0x1000e9b8                _calloc_r
 .text._free_r  0x1000e9d4       0x8c c:/program files/atmel/studio/7.0/toolchain/arm/arm-gnu-toolchain/bin/../lib/gcc/arm-none-eabi/4.9.3/../../../../arm-none-eabi/lib/armv6-m\libc_nano.a(lib_a-nano-freer.o)
                0x1000e9d4                _free_r
 .text._malloc_r
                0x1000ea60       0xb0 c:/program files/atmel/studio/7.0/toolchain/arm/arm-gnu-toolchain/bin/../lib/gcc/arm-none-eabi/4.9.3/../../../../arm-none-eabi/lib/armv6-m\libc_nano.a(lib_a-nano-mallocr.o)
                0x1000ea60                _malloc_r
 .text.__sfputc_r
                0x1000eb10       0x2a c:/program files/atmel/studio/7.0/toolchain/arm/arm-gnu-toolchain/bin/../lib/gcc/arm-none-eabi/4.9.3/../../../../arm-none-eabi/lib/armv6-m\libc_nano.a(lib_a-nano-vfprintf.o)
 .text.__sfputs_r
                0x1000eb3a       0x24 c:/program files/atmel/studio/7.0/toolchain/arm/arm-gnu-toolchain/bin/../lib/gcc/arm-none-eabi/4.9.3/../../../../arm-none-eabi/lib/armv6-m\libc_nano.a(lib_a-nano-vfprintf.o)
                0x1000eb3a                __sfputs_r
 *fill*         0x1000eb5e        0x2 
 .text._vfprintf_r
                0x1000eb60      0x220 c:/program files/atmel/studio/7.0/toolchain/arm/arm-gnu-toolchain/bin/../lib/gcc/arm-none-eabi/4.9.3/../../../../arm-none-eabi/lib/armv6-m\libc_nano.a(lib_a-nano-vfprintf.o)
                0x1000eb60                _vfprintf_r
                0x1000eb60                _vfiprintf_r
 .text._printf_common
                0x1000ed80       0xdc c:/program files/atmel/studio/7.0/toolchain/arm/arm-gnu-toolchain/bin/../lib/gcc/arm-none-eabi/4.9.3/../../../../arm-none-eabi/lib/armv6-m\libc_nano.a(lib_a-nano-vfprintf_i.o)
                0x1000ed80                _printf_common
 .text._printf_i
                0x1000ee5c      0x230 c:/program files/atmel/studio/7.0/toolchain/arm/arm-gnu-toolchain/bin/../lib/gcc/arm-none-eabi/4.9.3/../../../../arm-none-eabi/lib/armv6-m\libc_nano.a(lib_a-nano-vfprintf_i.o)
                0x1000ee5c                _printf_i
 .text._putc_r  0x1000f08c       0x78 c:/program files/atmel/studio/7.0/toolchain/arm/arm-gnu-toolchain/bin/../lib/gcc/arm-none-eabi/4.9.3/../../../../arm-none-eabi/lib/armv6-m\libc_nano.a(lib_a-putc.o)
                0x1000f08c                _putc_r
 .text._sbrk_r  0x1000f104       0x24 c:/program files/atmel/studio/7.0/toolchain/arm/arm-gnu-toolchain/bin/../lib/gcc/arm-none-eabi/4.9.3/../../../../arm-none-eabi/lib/armv6-m\libc_nano.a(lib_a-sbrkr.o)
                0x1000f104                _sbrk_r
 .text.__sread  0x1000f128       0x28 c:/program files/atmel/studio/7.0/toolchain/arm/arm-gnu-toolchain/bin/../lib/gcc/arm-none-eabi/4.9.3/../../../../arm-none-eabi/lib/armv6-m\libc_nano.a(lib_a-stdio.o)
                0x1000f128                __sread
 .text.__swrite
                0x1000f150       0x38 c:/program files/atmel/studio/7.0/toolchain/arm/arm-gnu-toolchain/bin/../lib/gcc/arm-none-eabi/4.9.3/../../../../arm-none-eabi/lib/armv6-m\libc_nano.a(lib_a-stdio.o)
                0x1000f150                __swrite
 .text.__sseek  0x1000f188       0x2c c:/program files/atmel/studio/7.0/toolchain/arm/arm-gnu-toolchain/bin/../lib/gcc/arm-none-eabi/4.9.3/../../../../arm-none-eabi/lib/armv6-m\libc_nano.a(lib_a-stdio.o)
                0x1000f188                __sseek
 .text.__sclose
                0x1000f1b4        0xc c:/program files/atmel/studio/7.0/toolchain/arm/arm-gnu-toolchain/bin/../lib/gcc/arm-none-eabi/4.9.3/../../../../arm-none-eabi/lib/armv6-m\libc_nano.a(lib_a-stdio.o)
                0x1000f1b4                __sclose
 .text.strcpy   0x1000f1c0       0x10 c:/program files/atmel/studio/7.0/toolchain/arm/arm-gnu-toolchain/bin/../lib/gcc/arm-none-eabi/4.9.3/../../../../arm-none-eabi/lib/armv6-m\libc_nano.a(lib_a-strcpy.o)
                0x1000f1c0                strcpy
 .text.__swbuf_r
                0x1000f1d0       0xb0 c:/program files/atmel/studio/7.0/toolchain/arm/arm-gnu-toolchain/bin/../lib/gcc/arm-none-eabi/4.9.3/../../../../arm-none-eabi/lib/armv6-m\libc_nano.a(lib_a-wbuf.o)
                0x1000f1d0                __swbuf_r
 .text._write_r
                0x1000f280       0x28 c:/program files/atmel/studio/7.0/toolchain/arm/arm-gnu-toolchain/bin/../lib/gcc/arm-none-eabi/4.9.3/../../../../arm-none-eabi/lib/armv6-m\libc_nano.a(lib_a-writer.o)
                0x1000f280                _write_r
 .text.__swsetup_r
                0x1000f2a8       0xe8 c:/program files/atmel/studio/7.0/toolchain/arm/arm-gnu-toolchain/bin/../lib/gcc/arm-none-eabi/4.9.3/../../../../arm-none-eabi/lib/armv6-m\libc_nano.a(lib_a-wsetup.o)
                0x1000f2a8                __swsetup_r
 .text._close_r
                0x1000f390       0x24 c:/program files/atmel/studio/7.0/toolchain/arm/arm-gnu-toolchain/bin/../lib/gcc/arm-none-eabi/4.9.3/../../../../arm-none-eabi/lib/armv6-m\libc_nano.a(lib_a-closer.o)
                0x1000f390                _close_r
 .text.quorem   0x1000f3b4      0x10e c:/program files/atmel/studio/7.0/toolchain/arm/arm-gnu-toolchain/bin/../lib/gcc/arm-none-eabi/4.9.3/../../../../arm-none-eabi/lib/armv6-m\libc_nano.a(lib_a-dtoa.o)
 *fill*         0x1000f4c2        0x2 
 .text._dtoa_r  0x1000f4c4      0xc00 c:/program files/atmel/studio/7.0/toolchain/arm/arm-gnu-toolchain/bin/../lib/gcc/arm-none-eabi/4.9.3/../../../../arm-none-eabi/lib/armv6-m\libc_nano.a(lib_a-dtoa.o)
                0x1000f4c4                _dtoa_r
 .text._lseek_r
                0x100100c4       0x28 c:/program files/atmel/studio/7.0/toolchain/arm/arm-gnu-toolchain/bin/../lib/gcc/arm-none-eabi/4.9.3/../../../../arm-none-eabi/lib/armv6-m\libc_nano.a(lib_a-lseekr.o)
                0x100100c4                _lseek_r
 .text.__smakebuf_r
                0x100100ec       0xb0 c:/program files/atmel/studio/7.0/toolchain/arm/arm-gnu-toolchain/bin/../lib/gcc/arm-none-eabi/4.9.3/../../../../arm-none-eabi/lib/armv6-m\libc_nano.a(lib_a-makebuf.o)
                0x100100ec                __smakebuf_r
 .text.memchr   0x1001019c       0x16 c:/program files/atmel/studio/7.0/toolchain/arm/arm-gnu-toolchain/bin/../lib/gcc/arm-none-eabi/4.9.3/../../../../arm-none-eabi/lib/armv6-m\libc_nano.a(lib_a-memchr.o)
                0x1001019c                memchr
 *fill*         0x100101b2        0x2 
 .text._read_r  0x100101b4       0x28 c:/program files/atmel/studio/7.0/toolchain/arm/arm-gnu-toolchain/bin/../lib/gcc/arm-none-eabi/4.9.3/../../../../arm-none-eabi/lib/armv6-m\libc_nano.a(lib_a-readr.o)
                0x100101b4                _read_r
 .text._fstat_r
                0x100101dc       0x24 c:/program files/atmel/studio/7.0/toolchain/arm/arm-gnu-toolchain/bin/../lib/gcc/arm-none-eabi/4.9.3/../../../../arm-none-eabi/lib/armv6-m\libc_nano.a(lib_a-fstatr.o)
                0x100101dc                _fstat_r
 .text._isatty_r
                0x10010200       0x24 c:/program files/atmel/studio/7.0/toolchain/arm/arm-gnu-toolchain/bin/../lib/gcc/arm-none-eabi/4.9.3/../../../../arm-none-eabi/lib/armv6-m\libc_nano.a(lib_a-isattyr.o)
                0x10010200                _isatty_r
 .text          0x10010224       0x14 c:/program files/atmel/studio/7.0/toolchain/arm/arm-gnu-toolchain/bin/../lib/gcc/arm-none-eabi/4.9.3/armv6-m\libgcc.a(_thumb1_case_uqi.o)
                0x10010224                __gnu_thumb1_case_uqi
 .text          0x10010238      0x1e0 c:/program files/atmel/studio/7.0/toolchain/arm/arm-gnu-toolchain/bin/../lib/gcc/arm-none-eabi/4.9.3/armv6-m\libgcc.a(_divsi3.o)
                0x10010238                __divsi3
                0x10010238                __aeabi_idiv
                0x10010404                __aeabi_idivmod
 .text          0x10010418       0x6c c:/program files/atmel/studio/7.0/toolchain/arm/arm-gnu-toolchain/bin/../lib/gcc/arm-none-eabi/4.9.3/armv6-m\libgcc.a(fixdfsi.o)
                0x10010418                __aeabi_d2iz
 .text          0x10010484       0x78 c:/program files/atmel/studio/7.0/toolchain/arm/arm-gnu-toolchain/bin/../lib/gcc/arm-none-eabi/4.9.3/armv6-m\libgcc.a(floatsidf.o)
                0x10010484                __aeabi_i2d
 .text          0x100104fc       0x64 c:/program files/atmel/studio/7.0/toolchain/arm/arm-gnu-toolchain/bin/../lib/gcc/arm-none-eabi/4.9.3/armv6-m\libgcc.a(floatunsidf.o)
                0x100104fc                __aeabi_ui2d
 *(.glue_7t)
 .glue_7t       0x00000000        0x0 linker stubs
 *(.glue_7)
 .glue_7        0x00000000        0x0 linker stubs
 *(.rodata .rodata* .gnu.linkonce.r.*)
 .rodata.Configuration
                0x10010560       0x10 src/sentral/sentral_interface.o
 .rodata.system_clock_peripheral_enable
                0x10010570       0xd8 src/ASF/sam0/drivers/system/system_sam_b.o
 .rodata.system_peripheral_reset
                0x10010648      0x110 src/ASF/sam0/drivers/system/system_sam_b.o
 .rodata.str1.4
                0x10010758        0x3 src/qs_uart_basic.o
 *fill*         0x1001075b        0x5 
 .rodata.atanlo
                0x10010760       0x20 c:/program files/atmel/studio/7.0/toolchain/arm/arm-gnu-toolchain/bin/../lib/gcc/arm-none-eabi/4.9.3/../../../../arm-none-eabi/lib/armv6-m\libm.a(lib_a-s_atan.o)
 .rodata.atanhi
                0x10010780       0x20 c:/program files/atmel/studio/7.0/toolchain/arm/arm-gnu-toolchain/bin/../lib/gcc/arm-none-eabi/4.9.3/../../../../arm-none-eabi/lib/armv6-m\libm.a(lib_a-s_atan.o)
 .rodata.str1.4
                0x100107a0        0x5 c:/program files/atmel/studio/7.0/toolchain/arm/arm-gnu-toolchain/bin/../lib/gcc/arm-none-eabi/4.9.3/../../../../arm-none-eabi/lib/armv6-m\libm.a(lib_a-w_asin.o)
                                  0x9 (size before relaxing)
 *fill*         0x100107a5        0x3 
 .rodata.str1.4
                0x100107a8        0x8 c:/program files/atmel/studio/7.0/toolchain/arm/arm-gnu-toolchain/bin/../lib/gcc/arm-none-eabi/4.9.3/../../../../arm-none-eabi/lib/armv6-m\libm.a(lib_a-w_sqrt.o)
                                  0x5 (size before relaxing)
 .rodata        0x100107b0       0x80 c:/program files/atmel/studio/7.0/toolchain/arm/arm-gnu-toolchain/bin/../lib/gcc/arm-none-eabi/4.9.3/armv6-m\libgcc.a(divsf3.o)
 .rodata        0x10010830       0x40 c:/program files/atmel/studio/7.0/toolchain/arm/arm-gnu-toolchain/bin/../lib/gcc/arm-none-eabi/4.9.3/armv6-m\libgcc.a(mulsf3.o)
 .rodata        0x10010870       0x40 c:/program files/atmel/studio/7.0/toolchain/arm/arm-gnu-toolchain/bin/../lib/gcc/arm-none-eabi/4.9.3/armv6-m\libgcc.a(divdf3.o)
 .rodata        0x100108b0       0x40 c:/program files/atmel/studio/7.0/toolchain/arm/arm-gnu-toolchain/bin/../lib/gcc/arm-none-eabi/4.9.3/armv6-m\libgcc.a(muldf3.o)
 .rodata.str1.1
                0x100108f0        0x2 c:/program files/atmel/studio/7.0/toolchain/arm/arm-gnu-toolchain/bin/../lib/gcc/arm-none-eabi/4.9.3/../../../../arm-none-eabi/lib/armv6-m\libc_nano.a(lib_a-impure.o)
 *fill*         0x100108f2        0x2 
 .rodata._global_impure_ptr
                0x100108f4        0x4 c:/program files/atmel/studio/7.0/toolchain/arm/arm-gnu-toolchain/bin/../lib/gcc/arm-none-eabi/4.9.3/../../../../arm-none-eabi/lib/armv6-m\libc_nano.a(lib_a-impure.o)
                0x100108f4                _global_impure_ptr
 .rodata.__sf_fake_stdin
                0x100108f8       0x20 c:/program files/atmel/studio/7.0/toolchain/arm/arm-gnu-toolchain/bin/../lib/gcc/arm-none-eabi/4.9.3/../../../../arm-none-eabi/lib/armv6-m\libc_nano.a(lib_a-findfp.o)
                0x100108f8                __sf_fake_stdin
 .rodata.__sf_fake_stdout
                0x10010918       0x20 c:/program files/atmel/studio/7.0/toolchain/arm/arm-gnu-toolchain/bin/../lib/gcc/arm-none-eabi/4.9.3/../../../../arm-none-eabi/lib/armv6-m\libc_nano.a(lib_a-findfp.o)
                0x10010918                __sf_fake_stdout
 .rodata.__sf_fake_stderr
                0x10010938       0x20 c:/program files/atmel/studio/7.0/toolchain/arm/arm-gnu-toolchain/bin/../lib/gcc/arm-none-eabi/4.9.3/../../../../arm-none-eabi/lib/armv6-m\libc_nano.a(lib_a-findfp.o)
                0x10010938                __sf_fake_stderr
 .rodata.__mprec_tens
                0x10010958       0xc8 c:/program files/atmel/studio/7.0/toolchain/arm/arm-gnu-toolchain/bin/../lib/gcc/arm-none-eabi/4.9.3/../../../../arm-none-eabi/lib/armv6-m\libc_nano.a(lib_a-mprec.o)
                0x10010958                __mprec_tens
 .rodata.__mprec_bigtens
                0x10010a20       0x28 c:/program files/atmel/studio/7.0/toolchain/arm/arm-gnu-toolchain/bin/../lib/gcc/arm-none-eabi/4.9.3/../../../../arm-none-eabi/lib/armv6-m\libc_nano.a(lib_a-mprec.o)
                0x10010a20                __mprec_bigtens
 .rodata.p05.5314
                0x10010a48        0xc c:/program files/atmel/studio/7.0/toolchain/arm/arm-gnu-toolchain/bin/../lib/gcc/arm-none-eabi/4.9.3/../../../../arm-none-eabi/lib/armv6-m\libc_nano.a(lib_a-mprec.o)
 .rodata.str1.1
                0x10010a54       0x11 c:/program files/atmel/studio/7.0/toolchain/arm/arm-gnu-toolchain/bin/../lib/gcc/arm-none-eabi/4.9.3/../../../../arm-none-eabi/lib/armv6-m\libc_nano.a(lib_a-nano-vfprintf.o)
 .rodata.str1.1
                0x10010a65       0x22 c:/program files/atmel/studio/7.0/toolchain/arm/arm-gnu-toolchain/bin/../lib/gcc/arm-none-eabi/4.9.3/../../../../arm-none-eabi/lib/armv6-m\libc_nano.a(lib_a-nano-vfprintf_i.o)
 .rodata.str1.1
                0x10010a87        0xf c:/program files/atmel/studio/7.0/toolchain/arm/arm-gnu-toolchain/bin/../lib/gcc/arm-none-eabi/4.9.3/../../../../arm-none-eabi/lib/armv6-m\libc_nano.a(lib_a-dtoa.o)
 *(.ARM.extab* .gnu.linkonce.armextab.*)
                0x10010a98                . = ALIGN (0x4)
 *fill*         0x10010a96        0x2 
 *(.init)
 .init          0x10010a98        0x4 c:/program files/atmel/studio/7.0/toolchain/arm/arm-gnu-toolchain/bin/../lib/gcc/arm-none-eabi/4.9.3/armv6-m/crti.o
                0x10010a98                _init
 .init          0x10010a9c        0x8 c:/program files/atmel/studio/7.0/toolchain/arm/arm-gnu-toolchain/bin/../lib/gcc/arm-none-eabi/4.9.3/armv6-m/crtn.o
                0x10010aa4                . = ALIGN (0x4)
                0x10010aa4                __preinit_array_start = .
 *(.preinit_array)
                0x10010aa4                __preinit_array_end = .
                0x10010aa4                . = ALIGN (0x4)
                0x10010aa4                __init_array_start = .
 *(SORT(.init_array.*))
 *(.init_array)
 .init_array    0x10010aa4        0x4 c:/program files/atmel/studio/7.0/toolchain/arm/arm-gnu-toolchain/bin/../lib/gcc/arm-none-eabi/4.9.3/armv6-m/crtbegin.o
                0x10010aa8                __init_array_end = .
                0x10010aa8                . = ALIGN (0x4)
 *crtbegin.o(.ctors)
 *(EXCLUDE_FILE(*crtend.o) .ctors)
 *(SORT(.ctors.*))
 *crtend.o(.ctors)
                0x10010aa8                . = ALIGN (0x4)
 *(.fini)
 .fini          0x10010aa8        0x4 c:/program files/atmel/studio/7.0/toolchain/arm/arm-gnu-toolchain/bin/../lib/gcc/arm-none-eabi/4.9.3/armv6-m/crti.o
                0x10010aa8                _fini
 .fini          0x10010aac        0x8 c:/program files/atmel/studio/7.0/toolchain/arm/arm-gnu-toolchain/bin/../lib/gcc/arm-none-eabi/4.9.3/armv6-m/crtn.o
                0x10010ab4                . = ALIGN (0x4)
                0x10010ab4                __fini_array_start = .
 *(.fini_array)
 .fini_array    0x10010ab4        0x4 c:/program files/atmel/studio/7.0/toolchain/arm/arm-gnu-toolchain/bin/../lib/gcc/arm-none-eabi/4.9.3/armv6-m/crtbegin.o
 *(SORT(.fini_array.*))
                0x10010ab8                __fini_array_end = .
 *crtbegin.o(.dtors)
 *(EXCLUDE_FILE(*crtend.o) .dtors)
 *(SORT(.dtors.*))
 *crtend.o(.dtors)
                0x10010ab8                . = ALIGN (0x4)
                0x10010ab8                _efixed = .

.vfp11_veneer   0x10010ab8        0x0
 .vfp11_veneer  0x00000000        0x0 linker stubs

.v4_bx          0x10010ab8        0x0
 .v4_bx         0x00000000        0x0 linker stubs

.iplt           0x10010ab8        0x0
 .iplt          0x00000000        0x0 c:/program files/atmel/studio/7.0/toolchain/arm/arm-gnu-toolchain/bin/../lib/gcc/arm-none-eabi/4.9.3/armv6-m/crtbegin.o

.eh_frame       0x10010ab8        0x0
 .eh_frame      0x10010ab8        0x0 c:/program files/atmel/studio/7.0/toolchain/arm/arm-gnu-toolchain/bin/../lib/gcc/arm-none-eabi/4.9.3/armv6-m/crtbegin.o

.rel.dyn        0x10010ab8        0x0
 .rel.iplt      0x00000000        0x0 c:/program files/atmel/studio/7.0/toolchain/arm/arm-gnu-toolchain/bin/../lib/gcc/arm-none-eabi/4.9.3/armv6-m/crtbegin.o

.jcr            0x10010ab8        0x0
 .jcr           0x10010ab8        0x0 c:/program files/atmel/studio/7.0/toolchain/arm/arm-gnu-toolchain/bin/../lib/gcc/arm-none-eabi/4.9.3/armv6-m/crtbegin.o

.igot.plt       0x10010ab8        0x0
 .igot.plt      0x00000000        0x0 c:/program files/atmel/studio/7.0/toolchain/arm/arm-gnu-toolchain/bin/../lib/gcc/arm-none-eabi/4.9.3/armv6-m/crtbegin.o
                0x10010ab8                . = ALIGN (0x4)
                0x10010ab8                _etext = .

.relocate       0x10010ab8       0x74
                0x10010ab8                . = ALIGN (0x4)
                0x10010ab8                _srelocate = .
 *(.ramfunc .ramfunc.*)
 *(.data .data.*)
 .data.Q_angle  0x10010ab8        0x4 src/Kalman.o
                0x10010ab8                Q_angle
 .data.Q_bias   0x10010abc        0x4 src/Kalman.o
                0x10010abc                Q_bias
 .data.R_measure
                0x10010ac0        0x4 src/Kalman.o
                0x10010ac0                R_measure
 .data.__fdlib_version
                0x10010ac4        0x1 c:/program files/atmel/studio/7.0/toolchain/arm/arm-gnu-toolchain/bin/../lib/gcc/arm-none-eabi/4.9.3/../../../../arm-none-eabi/lib/armv6-m\libm.a(lib_a-s_lib_ver.o)
                0x10010ac4                __fdlib_version
 *fill*         0x10010ac5        0x3 
 .data.impure_data
                0x10010ac8       0x60 c:/program files/atmel/studio/7.0/toolchain/arm/arm-gnu-toolchain/bin/../lib/gcc/arm-none-eabi/4.9.3/../../../../arm-none-eabi/lib/armv6-m\libc_nano.a(lib_a-impure.o)
 .data._impure_ptr
                0x10010b28        0x4 c:/program files/atmel/studio/7.0/toolchain/arm/arm-gnu-toolchain/bin/../lib/gcc/arm-none-eabi/4.9.3/../../../../arm-none-eabi/lib/armv6-m\libc_nano.a(lib_a-impure.o)
                0x10010b28                _impure_ptr
                0x10010b2c                . = ALIGN (0x4)
                0x10010b2c                _erelocate = .

.bss            0x10010b30      0x210
                0x10010b30                . = ALIGN (0x4)
                0x10010b30                _sbss = .
                0x10010b30                _szero = .
 *(.bss .bss.*)
 .bss           0x10010b30       0x1c c:/program files/atmel/studio/7.0/toolchain/arm/arm-gnu-toolchain/bin/../lib/gcc/arm-none-eabi/4.9.3/armv6-m/crtbegin.o
 .bss.XP_01     0x10010b4c        0x4 src/Kalman.o
                0x10010b4c                XP_01
 .bss.y_bias    0x10010b50        0x4 src/Kalman.o
                0x10010b50                y_bias
 .bss.angle     0x10010b54        0x4 src/Kalman.o
                0x10010b54                angle
 .bss.XP_00     0x10010b58        0x4 src/Kalman.o
                0x10010b58                XP_00
 .bss.KFangleX  0x10010b5c        0x4 src/Kalman.o
                0x10010b5c                KFangleX
 .bss.KFangleY  0x10010b60        0x4 src/Kalman.o
                0x10010b60                KFangleY
 .bss.KFangleZ  0x10010b64        0x4 src/Kalman.o
                0x10010b64                KFangleZ
 .bss.XP_10     0x10010b68        0x4 src/Kalman.o
                0x10010b68                XP_10
 .bss.XP_11     0x10010b6c        0x4 src/Kalman.o
                0x10010b6c                XP_11
 .bss.YP_00     0x10010b70        0x4 src/Kalman.o
                0x10010b70                YP_00
 .bss.YP_01     0x10010b74        0x4 src/Kalman.o
                0x10010b74                YP_01
 .bss.ZP_11     0x10010b78        0x4 src/Kalman.o
                0x10010b78                ZP_11
 .bss.x_bias    0x10010b7c        0x4 src/Kalman.o
                0x10010b7c                x_bias
 .bss.YP_11     0x10010b80        0x4 src/Kalman.o
                0x10010b80                YP_11
 .bss.ZP_00     0x10010b84        0x4 src/Kalman.o
                0x10010b84                ZP_00
 .bss.ZP_01     0x10010b88        0x4 src/Kalman.o
                0x10010b88                ZP_01
 .bss.z_bias    0x10010b8c        0x4 src/Kalman.o
                0x10010b8c                z_bias
 .bss.ZP_10     0x10010b90        0x4 src/Kalman.o
                0x10010b90                ZP_10
 .bss.YP_10     0x10010b94        0x4 src/Kalman.o
                0x10010b94                YP_10
 .bss.reset_count.12634
                0x10010b98        0x1 src/sentral/sentral_interface.o
 *fill*         0x10010b99        0x3 
 .bss.timer_callback
                0x10010b9c        0x4 src/ASF/sam0/drivers/timer/timer.o
 .bss.heap.5211
                0x10010ba0        0x4 src/ASF/sam0/utils/syscalls/gcc/syscalls.o
 .bss.previous_time.13342
                0x10010ba4        0x2 src/qs_uart_basic.o
 *fill*         0x10010ba6        0x2 
 .bss.task_1    0x10010ba8        0x4 src/qs_uart_basic.o
                0x10010ba8                task_1
 .bss.task_2    0x10010bac        0x4 src/qs_uart_basic.o
                0x10010bac                task_2
 .bss.msTick    0x10010bb0        0x4 src/qs_uart_basic.o
                0x10010bb0                msTick
 .bss.__malloc_sbrk_start
                0x10010bb4        0x4 c:/program files/atmel/studio/7.0/toolchain/arm/arm-gnu-toolchain/bin/../lib/gcc/arm-none-eabi/4.9.3/../../../../arm-none-eabi/lib/armv6-m\libc_nano.a(lib_a-nano-mallocr.o)
                0x10010bb4                __malloc_sbrk_start
 .bss.__malloc_free_list
                0x10010bb8        0x4 c:/program files/atmel/studio/7.0/toolchain/arm/arm-gnu-toolchain/bin/../lib/gcc/arm-none-eabi/4.9.3/../../../../arm-none-eabi/lib/armv6-m\libc_nano.a(lib_a-nano-mallocr.o)
                0x10010bb8                __malloc_free_list
 *(COMMON)
 COMMON         0x10010bbc       0x1c src/Kalman.o
                0x10010bbc                K
                0x10010bc4                S
                0x10010bc8                buffer
                0x10010bd4                y
 COMMON         0x10010bd8       0x20 src/sentral/sentral_interface.o
                0x10010bd8                i2c_master_instance
 COMMON         0x10010bf8        0x4 src/ASF/sam0/drivers/i2c/i2c_master_interrupt.o
                0x10010bf8                _i2c_instances
 COMMON         0x10010bfc        0x4 src/ASF/sam0/utils/stdio/read.o
                0x10010bfc                ptr_get
 COMMON         0x10010c00        0x8 src/ASF/sam0/utils/stdio/write.o
                0x10010c00                ptr_put
                0x10010c04                stdio_base
 COMMON         0x10010c08        0x4 src/ASF/sam0/drivers/system/system_sam_b.o
                0x10010c08                system_clock_value
 COMMON         0x10010c0c        0x8 src/ASF/sam0/drivers/uart/uart.o
                0x10010c0c                _uart_instances
 *fill*         0x10010c14        0x4 
 COMMON         0x10010c18      0x124 src/qs_uart_basic.o
                0x10010c18                compAngleX
                0x10010c20                uart_instance
                0x10010c48                gyroX
                0x10010c50                dataAccGyro
                0x10010c60                accZ
                0x10010c68                aef
                0x10010c78                gyroYangle
                0x10010c80                compAngleZ
                0x10010c88                gyroZ
                0x10010c90                gyroZangle
                0x10010c98                gyroXangle
                0x10010ca0                data
                0x10010cd8                kalAngleX
                0x10010ce0                kalAngleZ
                0x10010ce8                dataSentral
                0x10010d00                compAngleY
                0x10010d08                kalAngleY
                0x10010d10                pitch
                0x10010d14                roll
                0x10010d18                dt
                0x10010d20                gyroY
                0x10010d28                accY
                0x10010d30                accX
                0x10010d38                heading
 COMMON         0x10010d3c        0x4 c:/program files/atmel/studio/7.0/toolchain/arm/arm-gnu-toolchain/bin/../lib/gcc/arm-none-eabi/4.9.3/../../../../arm-none-eabi/lib/armv6-m\libc_nano.a(lib_a-reent.o)
                0x10010d3c                errno
                0x10010d40                . = ALIGN (0x4)
                0x10010d40                _ebss = .
                0x10010d40                _ezero = .

.stack          0x10010d40      0x800
                0x10010d40                . = ALIGN (0x8)
                0x10010d40                _sstack = .
                0x10011540                . = (. + STACK_SIZE)
 *fill*         0x10010d40      0x800 
                0x10011540                . = ALIGN (0x8)
                0x10011540                _estack = .
                0x10011540                PROVIDE (__exidx_start, .)

.ARM.exidx
 *(.ARM.exidx* .gnu.linkonce.armexidx.*)
                0x10011540                PROVIDE (__exidx_end, .)
                0x10011540                . = ALIGN (0x4)
                0x10011540                _end = .
OUTPUT(UART_QUICK_START_BASIC1.elf elf32-littlearm)

.ARM.attributes
                0x00000000       0x28
 .ARM.attributes
                0x00000000       0x1e c:/program files/atmel/studio/7.0/toolchain/arm/arm-gnu-toolchain/bin/../lib/gcc/arm-none-eabi/4.9.3/armv6-m/crti.o
 .ARM.attributes
                0x0000001e       0x2c c:/program files/atmel/studio/7.0/toolchain/arm/arm-gnu-toolchain/bin/../lib/gcc/arm-none-eabi/4.9.3/armv6-m/crtbegin.o
 .ARM.attributes
                0x0000004a       0x31 src/Kalman.o
 .ARM.attributes
                0x0000007b       0x31 src/sentral/sentral_interface.o
 .ARM.attributes
                0x000000ac       0x31 src/ASF/sam0/drivers/i2c/i2c_master.o
 .ARM.attributes
                0x000000dd       0x31 src/ASF/sam0/drivers/i2c/i2c_master_interrupt.o
 .ARM.attributes
                0x0000010e       0x31 src/ASF/sam0/drivers/timer/timer.o
 .ARM.attributes
                0x0000013f       0x31 src/ASF/sam0/utils/stdio/read.o
 .ARM.attributes
                0x00000170       0x31 src/ASF/sam0/utils/stdio/write.o
 .ARM.attributes
                0x000001a1       0x31 src/ASF/sam0/drivers/gpio/gpio.o
 .ARM.attributes
                0x000001d2       0x31 src/ASF/sam0/drivers/system/system_sam_b.o
 .ARM.attributes
                0x00000203       0x31 src/ASF/sam0/drivers/uart/uart.o
 .ARM.attributes
                0x00000234       0x31 src/ASF/sam0/utils/cmsis/samb11/source/gcc/startup_samb11.o
 .ARM.attributes
                0x00000265       0x31 src/ASF/sam0/utils/syscalls/gcc/syscalls.o
 .ARM.attributes
                0x00000296       0x31 src/qs_uart_basic.o
 .ARM.attributes
                0x000002c7       0x2c c:/program files/atmel/studio/7.0/toolchain/arm/arm-gnu-toolchain/bin/../lib/gcc/arm-none-eabi/4.9.3/../../../../arm-none-eabi/lib/armv6-m\libm.a(lib_a-s_atan.o)
 .ARM.attributes
                0x000002f3       0x2c c:/program files/atmel/studio/7.0/toolchain/arm/arm-gnu-toolchain/bin/../lib/gcc/arm-none-eabi/4.9.3/../../../../arm-none-eabi/lib/armv6-m\libm.a(lib_a-s_fabs.o)
 .ARM.attributes
                0x0000031f       0x2c c:/program files/atmel/studio/7.0/toolchain/arm/arm-gnu-toolchain/bin/../lib/gcc/arm-none-eabi/4.9.3/../../../../arm-none-eabi/lib/armv6-m\libm.a(lib_a-w_asin.o)
 .ARM.attributes
                0x0000034b       0x2c c:/program files/atmel/studio/7.0/toolchain/arm/arm-gnu-toolchain/bin/../lib/gcc/arm-none-eabi/4.9.3/../../../../arm-none-eabi/lib/armv6-m\libm.a(lib_a-w_sqrt.o)
 .ARM.attributes
                0x00000377       0x2c c:/program files/atmel/studio/7.0/toolchain/arm/arm-gnu-toolchain/bin/../lib/gcc/arm-none-eabi/4.9.3/../../../../arm-none-eabi/lib/armv6-m\libm.a(lib_a-e_asin.o)
 .ARM.attributes
                0x000003a3       0x2c c:/program files/atmel/studio/7.0/toolchain/arm/arm-gnu-toolchain/bin/../lib/gcc/arm-none-eabi/4.9.3/../../../../arm-none-eabi/lib/armv6-m\libm.a(lib_a-e_sqrt.o)
 .ARM.attributes
                0x000003cf       0x2c c:/program files/atmel/studio/7.0/toolchain/arm/arm-gnu-toolchain/bin/../lib/gcc/arm-none-eabi/4.9.3/../../../../arm-none-eabi/lib/armv6-m\libm.a(lib_a-s_fpclassify.o)
 .ARM.attributes
                0x000003fb       0x2c c:/program files/atmel/studio/7.0/toolchain/arm/arm-gnu-toolchain/bin/../lib/gcc/arm-none-eabi/4.9.3/../../../../arm-none-eabi/lib/armv6-m\libm.a(lib_a-s_lib_ver.o)
 .ARM.attributes
                0x00000427       0x2c c:/program files/atmel/studio/7.0/toolchain/arm/arm-gnu-toolchain/bin/../lib/gcc/arm-none-eabi/4.9.3/../../../../arm-none-eabi/lib/armv6-m\libm.a(lib_a-s_matherr.o)
 .ARM.attributes
                0x00000453       0x2c c:/program files/atmel/studio/7.0/toolchain/arm/arm-gnu-toolchain/bin/../lib/gcc/arm-none-eabi/4.9.3/../../../../arm-none-eabi/lib/armv6-m\libm.a(lib_a-s_nan.o)
 .ARM.attributes
                0x0000047f       0x1e c:/program files/atmel/studio/7.0/toolchain/arm/arm-gnu-toolchain/bin/../lib/gcc/arm-none-eabi/4.9.3/armv6-m\libgcc.a(_udivsi3.o)
 .ARM.attributes
                0x0000049d       0x1e c:/program files/atmel/studio/7.0/toolchain/arm/arm-gnu-toolchain/bin/../lib/gcc/arm-none-eabi/4.9.3/armv6-m\libgcc.a(_dvmd_tls.o)
 .ARM.attributes
                0x000004bb       0x1e c:/program files/atmel/studio/7.0/toolchain/arm/arm-gnu-toolchain/bin/../lib/gcc/arm-none-eabi/4.9.3/armv6-m\libgcc.a(_arm_cmpdf2.o)
 .ARM.attributes
                0x000004d9       0x2c c:/program files/atmel/studio/7.0/toolchain/arm/arm-gnu-toolchain/bin/../lib/gcc/arm-none-eabi/4.9.3/armv6-m\libgcc.a(addsf3.o)
 .ARM.attributes
                0x00000505       0x2c c:/program files/atmel/studio/7.0/toolchain/arm/arm-gnu-toolchain/bin/../lib/gcc/arm-none-eabi/4.9.3/armv6-m\libgcc.a(divsf3.o)
 .ARM.attributes
                0x00000531       0x2c c:/program files/atmel/studio/7.0/toolchain/arm/arm-gnu-toolchain/bin/../lib/gcc/arm-none-eabi/4.9.3/armv6-m\libgcc.a(mulsf3.o)
 .ARM.attributes
                0x0000055d       0x2c c:/program files/atmel/studio/7.0/toolchain/arm/arm-gnu-toolchain/bin/../lib/gcc/arm-none-eabi/4.9.3/armv6-m\libgcc.a(subsf3.o)
 .ARM.attributes
                0x00000589       0x2c c:/program files/atmel/studio/7.0/toolchain/arm/arm-gnu-toolchain/bin/../lib/gcc/arm-none-eabi/4.9.3/armv6-m\libgcc.a(floatsisf.o)
 .ARM.attributes
                0x000005b5       0x2c c:/program files/atmel/studio/7.0/toolchain/arm/arm-gnu-toolchain/bin/../lib/gcc/arm-none-eabi/4.9.3/armv6-m\libgcc.a(adddf3.o)
 .ARM.attributes
                0x000005e1       0x2c c:/program files/atmel/studio/7.0/toolchain/arm/arm-gnu-toolchain/bin/../lib/gcc/arm-none-eabi/4.9.3/armv6-m\libgcc.a(divdf3.o)
 .ARM.attributes
                0x0000060d       0x2c c:/program files/atmel/studio/7.0/toolchain/arm/arm-gnu-toolchain/bin/../lib/gcc/arm-none-eabi/4.9.3/armv6-m\libgcc.a(eqdf2.o)
 .ARM.attributes
                0x00000639       0x2c c:/program files/atmel/studio/7.0/toolchain/arm/arm-gnu-toolchain/bin/../lib/gcc/arm-none-eabi/4.9.3/armv6-m\libgcc.a(gedf2.o)
 .ARM.attributes
                0x00000665       0x2c c:/program files/atmel/studio/7.0/toolchain/arm/arm-gnu-toolchain/bin/../lib/gcc/arm-none-eabi/4.9.3/armv6-m\libgcc.a(ledf2.o)
 .ARM.attributes
                0x00000691       0x2c c:/program files/atmel/studio/7.0/toolchain/arm/arm-gnu-toolchain/bin/../lib/gcc/arm-none-eabi/4.9.3/armv6-m\libgcc.a(muldf3.o)
 .ARM.attributes
                0x000006bd       0x2c c:/program files/atmel/studio/7.0/toolchain/arm/arm-gnu-toolchain/bin/../lib/gcc/arm-none-eabi/4.9.3/armv6-m\libgcc.a(subdf3.o)
 .ARM.attributes
                0x000006e9       0x2c c:/program files/atmel/studio/7.0/toolchain/arm/arm-gnu-toolchain/bin/../lib/gcc/arm-none-eabi/4.9.3/armv6-m\libgcc.a(extendsfdf2.o)
 .ARM.attributes
                0x00000715       0x2c c:/program files/atmel/studio/7.0/toolchain/arm/arm-gnu-toolchain/bin/../lib/gcc/arm-none-eabi/4.9.3/armv6-m\libgcc.a(truncdfsf2.o)
 .ARM.attributes
                0x00000741       0x1e c:/program files/atmel/studio/7.0/toolchain/arm/arm-gnu-toolchain/bin/../lib/gcc/arm-none-eabi/4.9.3/armv6-m\libgcc.a(_clzsi2.o)
 .ARM.attributes
                0x0000075f       0x2c c:/program files/atmel/studio/7.0/toolchain/arm/arm-gnu-toolchain/bin/../lib/gcc/arm-none-eabi/4.9.3/../../../../arm-none-eabi/lib/armv6-m\libc_nano.a(lib_a-efgcvt.o)
 .ARM.attributes
                0x0000078b       0x2c c:/program files/atmel/studio/7.0/toolchain/arm/arm-gnu-toolchain/bin/../lib/gcc/arm-none-eabi/4.9.3/../../../../arm-none-eabi/lib/armv6-m\libc_nano.a(lib_a-errno.o)
 .ARM.attributes
                0x000007b7       0x2c c:/program files/atmel/studio/7.0/toolchain/arm/arm-gnu-toolchain/bin/../lib/gcc/arm-none-eabi/4.9.3/../../../../arm-none-eabi/lib/armv6-m\libc_nano.a(lib_a-impure.o)
 .ARM.attributes
                0x000007e3       0x2c c:/program files/atmel/studio/7.0/toolchain/arm/arm-gnu-toolchain/bin/../lib/gcc/arm-none-eabi/4.9.3/../../../../arm-none-eabi/lib/armv6-m\libc_nano.a(lib_a-init.o)
 .ARM.attributes
                0x0000080f       0x2c c:/program files/atmel/studio/7.0/toolchain/arm/arm-gnu-toolchain/bin/../lib/gcc/arm-none-eabi/4.9.3/../../../../arm-none-eabi/lib/armv6-m\libc_nano.a(lib_a-memcpy.o)
 .ARM.attributes
                0x0000083b       0x2c c:/program files/atmel/studio/7.0/toolchain/arm/arm-gnu-toolchain/bin/../lib/gcc/arm-none-eabi/4.9.3/../../../../arm-none-eabi/lib/armv6-m\libc_nano.a(lib_a-memset.o)
 .ARM.attributes
                0x00000867       0x2c c:/program files/atmel/studio/7.0/toolchain/arm/arm-gnu-toolchain/bin/../lib/gcc/arm-none-eabi/4.9.3/../../../../arm-none-eabi/lib/armv6-m\libc_nano.a(lib_a-printf.o)
 .ARM.attributes
                0x00000893       0x2c c:/program files/atmel/studio/7.0/toolchain/arm/arm-gnu-toolchain/bin/../lib/gcc/arm-none-eabi/4.9.3/../../../../arm-none-eabi/lib/armv6-m\libc_nano.a(lib_a-putchar.o)
 .ARM.attributes
                0x000008bf       0x2c c:/program files/atmel/studio/7.0/toolchain/arm/arm-gnu-toolchain/bin/../lib/gcc/arm-none-eabi/4.9.3/../../../../arm-none-eabi/lib/armv6-m\libc_nano.a(lib_a-setbuf.o)
 .ARM.attributes
                0x000008eb       0x2c c:/program files/atmel/studio/7.0/toolchain/arm/arm-gnu-toolchain/bin/../lib/gcc/arm-none-eabi/4.9.3/../../../../arm-none-eabi/lib/armv6-m\libc_nano.a(lib_a-setvbuf.o)
 .ARM.attributes
                0x00000917       0x2c c:/program files/atmel/studio/7.0/toolchain/arm/arm-gnu-toolchain/bin/../lib/gcc/arm-none-eabi/4.9.3/../../../../arm-none-eabi/lib/armv6-m\libc_nano.a(lib_a-ecvtbuf.o)
 .ARM.attributes
                0x00000943       0x2c c:/program files/atmel/studio/7.0/toolchain/arm/arm-gnu-toolchain/bin/../lib/gcc/arm-none-eabi/4.9.3/../../../../arm-none-eabi/lib/armv6-m\libc_nano.a(lib_a-fflush.o)
 .ARM.attributes
                0x0000096f       0x2c c:/program files/atmel/studio/7.0/toolchain/arm/arm-gnu-toolchain/bin/../lib/gcc/arm-none-eabi/4.9.3/../../../../arm-none-eabi/lib/armv6-m\libc_nano.a(lib_a-findfp.o)
 .ARM.attributes
                0x0000099b       0x2c c:/program files/atmel/studio/7.0/toolchain/arm/arm-gnu-toolchain/bin/../lib/gcc/arm-none-eabi/4.9.3/../../../../arm-none-eabi/lib/armv6-m\libc_nano.a(lib_a-fwalk.o)
 .ARM.attributes
                0x000009c7       0x2c c:/program files/atmel/studio/7.0/toolchain/arm/arm-gnu-toolchain/bin/../lib/gcc/arm-none-eabi/4.9.3/../../../../arm-none-eabi/lib/armv6-m\libc_nano.a(lib_a-malloc.o)
 .ARM.attributes
                0x000009f3       0x2c c:/program files/atmel/studio/7.0/toolchain/arm/arm-gnu-toolchain/bin/../lib/gcc/arm-none-eabi/4.9.3/../../../../arm-none-eabi/lib/armv6-m\libc_nano.a(lib_a-mprec.o)
 .ARM.attributes
                0x00000a1f       0x2c c:/program files/atmel/studio/7.0/toolchain/arm/arm-gnu-toolchain/bin/../lib/gcc/arm-none-eabi/4.9.3/../../../../arm-none-eabi/lib/armv6-m\libc_nano.a(lib_a-nano-callocr.o)
 .ARM.attributes
                0x00000a4b       0x2c c:/program files/atmel/studio/7.0/toolchain/arm/arm-gnu-toolchain/bin/../lib/gcc/arm-none-eabi/4.9.3/../../../../arm-none-eabi/lib/armv6-m\libc_nano.a(lib_a-nano-freer.o)
 .ARM.attributes
                0x00000a77       0x2c c:/program files/atmel/studio/7.0/toolchain/arm/arm-gnu-toolchain/bin/../lib/gcc/arm-none-eabi/4.9.3/../../../../arm-none-eabi/lib/armv6-m\libc_nano.a(lib_a-nano-mallocr.o)
 .ARM.attributes
                0x00000aa3       0x2c c:/program files/atmel/studio/7.0/toolchain/arm/arm-gnu-toolchain/bin/../lib/gcc/arm-none-eabi/4.9.3/../../../../arm-none-eabi/lib/armv6-m\libc_nano.a(lib_a-nano-vfprintf.o)
 .ARM.attributes
                0x00000acf       0x2c c:/program files/atmel/studio/7.0/toolchain/arm/arm-gnu-toolchain/bin/../lib/gcc/arm-none-eabi/4.9.3/../../../../arm-none-eabi/lib/armv6-m\libc_nano.a(lib_a-nano-vfprintf_i.o)
 .ARM.attributes
                0x00000afb       0x2c c:/program files/atmel/studio/7.0/toolchain/arm/arm-gnu-toolchain/bin/../lib/gcc/arm-none-eabi/4.9.3/../../../../arm-none-eabi/lib/armv6-m\libc_nano.a(lib_a-putc.o)
 .ARM.attributes
                0x00000b27       0x2c c:/program files/atmel/studio/7.0/toolchain/arm/arm-gnu-toolchain/bin/../lib/gcc/arm-none-eabi/4.9.3/../../../../arm-none-eabi/lib/armv6-m\libc_nano.a(lib_a-sbrkr.o)
 .ARM.attributes
                0x00000b53       0x2c c:/program files/atmel/studio/7.0/toolchain/arm/arm-gnu-toolchain/bin/../lib/gcc/arm-none-eabi/4.9.3/../../../../arm-none-eabi/lib/armv6-m\libc_nano.a(lib_a-stdio.o)
 .ARM.attributes
                0x00000b7f       0x2c c:/program files/atmel/studio/7.0/toolchain/arm/arm-gnu-toolchain/bin/../lib/gcc/arm-none-eabi/4.9.3/../../../../arm-none-eabi/lib/armv6-m\libc_nano.a(lib_a-strcpy.o)
 .ARM.attributes
                0x00000bab       0x2c c:/program files/atmel/studio/7.0/toolchain/arm/arm-gnu-toolchain/bin/../lib/gcc/arm-none-eabi/4.9.3/../../../../arm-none-eabi/lib/armv6-m\libc_nano.a(lib_a-wbuf.o)
 .ARM.attributes
                0x00000bd7       0x2c c:/program files/atmel/studio/7.0/toolchain/arm/arm-gnu-toolchain/bin/../lib/gcc/arm-none-eabi/4.9.3/../../../../arm-none-eabi/lib/armv6-m\libc_nano.a(lib_a-writer.o)
 .ARM.attributes
                0x00000c03       0x2c c:/program files/atmel/studio/7.0/toolchain/arm/arm-gnu-toolchain/bin/../lib/gcc/arm-none-eabi/4.9.3/../../../../arm-none-eabi/lib/armv6-m\libc_nano.a(lib_a-wsetup.o)
 .ARM.attributes
                0x00000c2f       0x2c c:/program files/atmel/studio/7.0/toolchain/arm/arm-gnu-toolchain/bin/../lib/gcc/arm-none-eabi/4.9.3/../../../../arm-none-eabi/lib/armv6-m\libc_nano.a(lib_a-closer.o)
 .ARM.attributes
                0x00000c5b       0x2c c:/program files/atmel/studio/7.0/toolchain/arm/arm-gnu-toolchain/bin/../lib/gcc/arm-none-eabi/4.9.3/../../../../arm-none-eabi/lib/armv6-m\libc_nano.a(lib_a-dtoa.o)
 .ARM.attributes
                0x00000c87       0x2c c:/program files/atmel/studio/7.0/toolchain/arm/arm-gnu-toolchain/bin/../lib/gcc/arm-none-eabi/4.9.3/../../../../arm-none-eabi/lib/armv6-m\libc_nano.a(lib_a-lseekr.o)
 .ARM.attributes
                0x00000cb3       0x2c c:/program files/atmel/studio/7.0/toolchain/arm/arm-gnu-toolchain/bin/../lib/gcc/arm-none-eabi/4.9.3/../../../../arm-none-eabi/lib/armv6-m\libc_nano.a(lib_a-makebuf.o)
 .ARM.attributes
                0x00000cdf       0x2c c:/program files/atmel/studio/7.0/toolchain/arm/arm-gnu-toolchain/bin/../lib/gcc/arm-none-eabi/4.9.3/../../../../arm-none-eabi/lib/armv6-m\libc_nano.a(lib_a-memchr.o)
 .ARM.attributes
                0x00000d0b       0x2c c:/program files/atmel/studio/7.0/toolchain/arm/arm-gnu-toolchain/bin/../lib/gcc/arm-none-eabi/4.9.3/../../../../arm-none-eabi/lib/armv6-m\libc_nano.a(lib_a-readr.o)
 .ARM.attributes
                0x00000d37       0x2c c:/program files/atmel/studio/7.0/toolchain/arm/arm-gnu-toolchain/bin/../lib/gcc/arm-none-eabi/4.9.3/../../../../arm-none-eabi/lib/armv6-m\libc_nano.a(lib_a-reent.o)
 .ARM.attributes
                0x00000d63       0x2c c:/program files/atmel/studio/7.0/toolchain/arm/arm-gnu-toolchain/bin/../lib/gcc/arm-none-eabi/4.9.3/../../../../arm-none-eabi/lib/armv6-m\libc_nano.a(lib_a-fstatr.o)
 .ARM.attributes
                0x00000d8f       0x2c c:/program files/atmel/studio/7.0/toolchain/arm/arm-gnu-toolchain/bin/../lib/gcc/arm-none-eabi/4.9.3/../../../../arm-none-eabi/lib/armv6-m\libc_nano.a(lib_a-isattyr.o)
 .ARM.attributes
                0x00000dbb       0x1e c:/program files/atmel/studio/7.0/toolchain/arm/arm-gnu-toolchain/bin/../lib/gcc/arm-none-eabi/4.9.3/armv6-m\libgcc.a(_thumb1_case_uqi.o)
 .ARM.attributes
                0x00000dd9       0x1e c:/program files/atmel/studio/7.0/toolchain/arm/arm-gnu-toolchain/bin/../lib/gcc/arm-none-eabi/4.9.3/armv6-m\libgcc.a(_divsi3.o)
 .ARM.attributes
                0x00000df7       0x2c c:/program files/atmel/studio/7.0/toolchain/arm/arm-gnu-toolchain/bin/../lib/gcc/arm-none-eabi/4.9.3/armv6-m\libgcc.a(fixdfsi.o)
 .ARM.attributes
                0x00000e23       0x2c c:/program files/atmel/studio/7.0/toolchain/arm/arm-gnu-toolchain/bin/../lib/gcc/arm-none-eabi/4.9.3/armv6-m\libgcc.a(floatsidf.o)
 .ARM.attributes
                0x00000e4f       0x2c c:/program files/atmel/studio/7.0/toolchain/arm/arm-gnu-toolchain/bin/../lib/gcc/arm-none-eabi/4.9.3/armv6-m\libgcc.a(floatunsidf.o)
 .ARM.attributes
                0x00000e7b       0x1e c:/program files/atmel/studio/7.0/toolchain/arm/arm-gnu-toolchain/bin/../lib/gcc/arm-none-eabi/4.9.3/armv6-m/crtn.o

.comment        0x00000000       0x5b
 .comment       0x00000000       0x5b src/Kalman.o
                                 0x5c (size before relaxing)
 .comment       0x00000000       0x5c src/sentral/sentral_interface.o
 .comment       0x00000000       0x5c src/ASF/sam0/drivers/i2c/i2c_master.o
 .comment       0x00000000       0x5c src/ASF/sam0/drivers/i2c/i2c_master_interrupt.o
 .comment       0x00000000       0x5c src/ASF/sam0/drivers/timer/timer.o
 .comment       0x00000000       0x5c src/ASF/sam0/utils/stdio/read.o
 .comment       0x00000000       0x5c src/ASF/sam0/utils/stdio/write.o
 .comment       0x00000000       0x5c src/ASF/sam0/drivers/gpio/gpio.o
 .comment       0x00000000       0x5c src/ASF/sam0/drivers/system/system_sam_b.o
 .comment       0x00000000       0x5c src/ASF/sam0/drivers/uart/uart.o
 .comment       0x00000000       0x5c src/ASF/sam0/utils/cmsis/samb11/source/gcc/startup_samb11.o
 .comment       0x00000000       0x5c src/ASF/sam0/utils/syscalls/gcc/syscalls.o
 .comment       0x00000000       0x5c src/qs_uart_basic.o

.debug_info     0x00000000    0x1827f
 .debug_info    0x00000000     0x1412 src/Kalman.o
 .debug_info    0x00001412     0x11d3 src/sentral/sentral_interface.o
 .debug_info    0x000025e5     0x171f src/ASF/sam0/drivers/i2c/i2c_master.o
 .debug_info    0x00003d04     0x120c src/ASF/sam0/drivers/i2c/i2c_master_interrupt.o
 .debug_info    0x00004f10      0xdbe src/ASF/sam0/drivers/timer/timer.o
 .debug_info    0x00005cce      0x1c2 src/ASF/sam0/utils/stdio/read.o
 .debug_info    0x00005e90      0x1bf src/ASF/sam0/utils/stdio/write.o
 .debug_info    0x0000604f     0x784a src/ASF/sam0/drivers/gpio/gpio.o
 .debug_info    0x0000d899     0x639a src/ASF/sam0/drivers/system/system_sam_b.o
 .debug_info    0x00013c33     0x1a27 src/ASF/sam0/drivers/uart/uart.o
 .debug_info    0x0001565a      0x113 src/ASF/sam0/utils/cmsis/samb11/source/gcc/startup_samb11.o
 .debug_info    0x0001576d      0x427 src/ASF/sam0/utils/syscalls/gcc/syscalls.o
 .debug_info    0x00015b94     0x26eb src/qs_uart_basic.o

.debug_abbrev   0x00000000     0x2148
 .debug_abbrev  0x00000000      0x288 src/Kalman.o
 .debug_abbrev  0x00000288      0x319 src/sentral/sentral_interface.o
 .debug_abbrev  0x000005a1      0x3ba src/ASF/sam0/drivers/i2c/i2c_master.o
 .debug_abbrev  0x0000095b      0x36a src/ASF/sam0/drivers/i2c/i2c_master_interrupt.o
 .debug_abbrev  0x00000cc5      0x275 src/ASF/sam0/drivers/timer/timer.o
 .debug_abbrev  0x00000f3a      0x108 src/ASF/sam0/utils/stdio/read.o
 .debug_abbrev  0x00001042       0xf5 src/ASF/sam0/utils/stdio/write.o
 .debug_abbrev  0x00001137      0x344 src/ASF/sam0/drivers/gpio/gpio.o
 .debug_abbrev  0x0000147b      0x2b1 src/ASF/sam0/drivers/system/system_sam_b.o
 .debug_abbrev  0x0000172c      0x39d src/ASF/sam0/drivers/uart/uart.o
 .debug_abbrev  0x00001ac9       0x86 src/ASF/sam0/utils/cmsis/samb11/source/gcc/startup_samb11.o
 .debug_abbrev  0x00001b4f      0x141 src/ASF/sam0/utils/syscalls/gcc/syscalls.o
 .debug_abbrev  0x00001c90      0x4b8 src/qs_uart_basic.o

.debug_loc      0x00000000     0x406d
 .debug_loc     0x00000000      0x648 src/Kalman.o
 .debug_loc     0x00000648      0x50c src/sentral/sentral_interface.o
 .debug_loc     0x00000b54      0x75c src/ASF/sam0/drivers/i2c/i2c_master.o
 .debug_loc     0x000012b0      0x47d src/ASF/sam0/drivers/i2c/i2c_master_interrupt.o
 .debug_loc     0x0000172d       0x6c src/ASF/sam0/drivers/timer/timer.o
 .debug_loc     0x00001799      0x11d src/ASF/sam0/utils/stdio/read.o
 .debug_loc     0x000018b6      0x152 src/ASF/sam0/utils/stdio/write.o
 .debug_loc     0x00001a08      0xa82 src/ASF/sam0/drivers/gpio/gpio.o
 .debug_loc     0x0000248a      0x6a7 src/ASF/sam0/drivers/system/system_sam_b.o
 .debug_loc     0x00002b31      0x9f8 src/ASF/sam0/drivers/uart/uart.o
 .debug_loc     0x00003529       0x20 src/ASF/sam0/utils/cmsis/samb11/source/gcc/startup_samb11.o
 .debug_loc     0x00003549      0x11d src/ASF/sam0/utils/syscalls/gcc/syscalls.o
 .debug_loc     0x00003666      0xa07 src/qs_uart_basic.o

.debug_aranges  0x00000000      0x580
 .debug_aranges
                0x00000000       0x78 src/Kalman.o
 .debug_aranges
                0x00000078       0x78 src/sentral/sentral_interface.o
 .debug_aranges
                0x000000f0       0x80 src/ASF/sam0/drivers/i2c/i2c_master.o
 .debug_aranges
                0x00000170       0x50 src/ASF/sam0/drivers/i2c/i2c_master_interrupt.o
 .debug_aranges
                0x000001c0       0x70 src/ASF/sam0/drivers/timer/timer.o
 .debug_aranges
                0x00000230       0x20 src/ASF/sam0/utils/stdio/read.o
 .debug_aranges
                0x00000250       0x20 src/ASF/sam0/utils/stdio/write.o
 .debug_aranges
                0x00000270       0x90 src/ASF/sam0/drivers/gpio/gpio.o
 .debug_aranges
                0x00000300       0xe0 src/ASF/sam0/drivers/system/system_sam_b.o
 .debug_aranges
                0x000003e0       0xb8 src/ASF/sam0/drivers/uart/uart.o
 .debug_aranges
                0x00000498       0x20 src/ASF/sam0/utils/cmsis/samb11/source/gcc/startup_samb11.o
 .debug_aranges
                0x000004b8       0x60 src/ASF/sam0/utils/syscalls/gcc/syscalls.o
 .debug_aranges
                0x00000518       0x68 src/qs_uart_basic.o

.debug_ranges   0x00000000      0x4c8
 .debug_ranges  0x00000000       0x68 src/Kalman.o
 .debug_ranges  0x00000068       0x68 src/sentral/sentral_interface.o
 .debug_ranges  0x000000d0       0x70 src/ASF/sam0/drivers/i2c/i2c_master.o
 .debug_ranges  0x00000140       0x40 src/ASF/sam0/drivers/i2c/i2c_master_interrupt.o
 .debug_ranges  0x00000180       0x60 src/ASF/sam0/drivers/timer/timer.o
 .debug_ranges  0x000001e0       0x10 src/ASF/sam0/utils/stdio/read.o
 .debug_ranges  0x000001f0       0x10 src/ASF/sam0/utils/stdio/write.o
 .debug_ranges  0x00000200       0x80 src/ASF/sam0/drivers/gpio/gpio.o
 .debug_ranges  0x00000280       0xd0 src/ASF/sam0/drivers/system/system_sam_b.o
 .debug_ranges  0x00000350       0xc0 src/ASF/sam0/drivers/uart/uart.o
 .debug_ranges  0x00000410       0x10 src/ASF/sam0/utils/cmsis/samb11/source/gcc/startup_samb11.o
 .debug_ranges  0x00000420       0x50 src/ASF/sam0/utils/syscalls/gcc/syscalls.o
 .debug_ranges  0x00000470       0x58 src/qs_uart_basic.o

.debug_macro    0x00000000    0x19510
 .debug_macro   0x00000000      0x4b1 src/Kalman.o
 .debug_macro   0x000004b1      0x84a src/Kalman.o
 .debug_macro   0x00000cfb      0x166 src/Kalman.o
 .debug_macro   0x00000e61      0x644 src/Kalman.o
 .debug_macro   0x000014a5       0x22 src/Kalman.o
 .debug_macro   0x000014c7       0x44 src/Kalman.o
 .debug_macro   0x0000150b       0x58 src/Kalman.o
 .debug_macro   0x00001563       0x22 src/Kalman.o
 .debug_macro   0x00001585      0x1df src/Kalman.o
 .debug_macro   0x00001764       0x10 src/Kalman.o
 .debug_macro   0x00001774       0x76 src/Kalman.o
 .debug_macro   0x000017ea       0x16 src/Kalman.o
 .debug_macro   0x00001800      0x6e5 src/Kalman.o
 .debug_macro   0x00001ee5      0xde2 src/Kalman.o
 .debug_macro   0x00002cc7       0x22 src/Kalman.o
 .debug_macro   0x00002ce9       0x40 src/Kalman.o
 .debug_macro   0x00002d29       0x3a src/Kalman.o
 .debug_macro   0x00002d63       0x1f src/Kalman.o
 .debug_macro   0x00002d82      0x242 src/Kalman.o
 .debug_macro   0x00002fc4      0x31d src/Kalman.o
 .debug_macro   0x000032e1      0x6b1 src/Kalman.o
 .debug_macro   0x00003992     0x1ac5 src/Kalman.o
 .debug_macro   0x00005457      0x3d3 src/Kalman.o
 .debug_macro   0x0000582a      0x41e src/Kalman.o
 .debug_macro   0x00005c48      0x4f2 src/Kalman.o
 .debug_macro   0x0000613a      0x3d4 src/Kalman.o
 .debug_macro   0x0000650e      0xbdf src/Kalman.o
 .debug_macro   0x000070ed     0x8361 src/Kalman.o
 .debug_macro   0x0000f44e      0x257 src/Kalman.o
 .debug_macro   0x0000f6a5       0xd4 src/Kalman.o
 .debug_macro   0x0000f779      0x5cf src/Kalman.o
 .debug_macro   0x0000fd48     0x1385 src/Kalman.o
 .debug_macro   0x000110cd      0x426 src/Kalman.o
 .debug_macro   0x000114f3      0x3f5 src/Kalman.o
 .debug_macro   0x000118e8      0xbea src/Kalman.o
 .debug_macro   0x000124d2      0x42f src/Kalman.o
 .debug_macro   0x00012901      0x3d3 src/Kalman.o
 .debug_macro   0x00012cd4      0x2a5 src/Kalman.o
 .debug_macro   0x00012f79       0x6a src/Kalman.o
 .debug_macro   0x00012fe3       0xb2 src/Kalman.o
 .debug_macro   0x00013095      0x24f src/Kalman.o
 .debug_macro   0x000132e4       0x5e src/Kalman.o
 .debug_macro   0x00013342       0x5e src/Kalman.o
 .debug_macro   0x000133a0       0x46 src/Kalman.o
 .debug_macro   0x000133e6       0x46 src/Kalman.o
 .debug_macro   0x0001342c       0x58 src/Kalman.o
 .debug_macro   0x00013484       0x58 src/Kalman.o
 .debug_macro   0x000134dc       0x88 src/Kalman.o
 .debug_macro   0x00013564       0x88 src/Kalman.o
 .debug_macro   0x000135ec      0x17c src/Kalman.o
 .debug_macro   0x00013768      0x31a src/Kalman.o
 .debug_macro   0x00013a82       0x22 src/Kalman.o
 .debug_macro   0x00013aa4       0x1c src/Kalman.o
 .debug_macro   0x00013ac0       0x6a src/Kalman.o
 .debug_macro   0x00013b2a       0x76 src/Kalman.o
 .debug_macro   0x00013ba0       0x94 src/Kalman.o
 .debug_macro   0x00013c34       0x94 src/Kalman.o
 .debug_macro   0x00013cc8       0x94 src/Kalman.o
 .debug_macro   0x00013d5c       0x64 src/Kalman.o
 .debug_macro   0x00013dc0       0xf4 src/Kalman.o
 .debug_macro   0x00013eb4       0x5e src/Kalman.o
 .debug_macro   0x00013f12       0x70 src/Kalman.o
 .debug_macro   0x00013f82       0x5e src/Kalman.o
 .debug_macro   0x00013fe0      0x1bd src/Kalman.o
 .debug_macro   0x0001419d      0x6cf src/Kalman.o
 .debug_macro   0x0001486c       0x43 src/Kalman.o
 .debug_macro   0x000148af       0x58 src/Kalman.o
 .debug_macro   0x00014907       0x35 src/Kalman.o
 .debug_macro   0x0001493c       0x9c src/Kalman.o
 .debug_macro   0x000149d8       0x16 src/Kalman.o
 .debug_macro   0x000149ee       0x35 src/Kalman.o
 .debug_macro   0x00014a23      0x29d src/Kalman.o
 .debug_macro   0x00014cc0       0x10 src/Kalman.o
 .debug_macro   0x00014cd0       0x52 src/Kalman.o
 .debug_macro   0x00014d22       0x16 src/Kalman.o
 .debug_macro   0x00014d38       0x43 src/Kalman.o
 .debug_macro   0x00014d7b      0x180 src/Kalman.o
 .debug_macro   0x00014efb       0x10 src/Kalman.o
 .debug_macro   0x00014f0b       0x22 src/Kalman.o
 .debug_macro   0x00014f2d       0xbe src/Kalman.o
 .debug_macro   0x00014feb       0x16 src/Kalman.o
 .debug_macro   0x00015001      0x197 src/Kalman.o
 .debug_macro   0x00015198       0x16 src/Kalman.o
 .debug_macro   0x000151ae       0x16 src/Kalman.o
 .debug_macro   0x000151c4       0x29 src/Kalman.o
 .debug_macro   0x000151ed       0x51 src/Kalman.o
 .debug_macro   0x0001523e       0x3f src/Kalman.o
 .debug_macro   0x0001527d      0x3df src/Kalman.o
 .debug_macro   0x0001565c       0x16 src/Kalman.o
 .debug_macro   0x00015672      0x2aa src/Kalman.o
 .debug_macro   0x0001591c      0x6e8 src/Kalman.o
 .debug_macro   0x00016004      0x465 src/sentral/sentral_interface.o
 .debug_macro   0x00016469       0x16 src/sentral/sentral_interface.o
 .debug_macro   0x0001647f       0x82 src/sentral/sentral_interface.o
 .debug_macro   0x00016501      0x445 src/ASF/sam0/drivers/i2c/i2c_master.o
 .debug_macro   0x00016946      0x445 src/ASF/sam0/drivers/i2c/i2c_master_interrupt.o
 .debug_macro   0x00016d8b      0x427 src/ASF/sam0/drivers/timer/timer.o
 .debug_macro   0x000171b2      0x414 src/ASF/sam0/utils/stdio/read.o
 .debug_macro   0x000175c6      0x414 src/ASF/sam0/utils/stdio/write.o
 .debug_macro   0x000179da      0x429 src/ASF/sam0/drivers/gpio/gpio.o
 .debug_macro   0x00017e03      0x423 src/ASF/sam0/drivers/system/system_sam_b.o
 .debug_macro   0x00018226       0x10 src/ASF/sam0/drivers/system/system_sam_b.o
 .debug_macro   0x00018236      0x431 src/ASF/sam0/drivers/uart/uart.o
 .debug_macro   0x00018667      0x263 src/ASF/sam0/utils/cmsis/samb11/source/gcc/startup_samb11.o
 .debug_macro   0x000188ca       0x3a src/ASF/sam0/utils/cmsis/samb11/source/gcc/startup_samb11.o
 .debug_macro   0x00018904      0x169 src/ASF/sam0/utils/syscalls/gcc/syscalls.o
 .debug_macro   0x00018a6d       0x4a src/ASF/sam0/utils/syscalls/gcc/syscalls.o
 .debug_macro   0x00018ab7       0x97 src/ASF/sam0/utils/syscalls/gcc/syscalls.o
 .debug_macro   0x00018b4e       0xef src/ASF/sam0/utils/syscalls/gcc/syscalls.o
 .debug_macro   0x00018c3d       0x52 src/ASF/sam0/utils/syscalls/gcc/syscalls.o
 .debug_macro   0x00018c8f       0x16 src/ASF/sam0/utils/syscalls/gcc/syscalls.o
 .debug_macro   0x00018ca5       0x10 src/ASF/sam0/utils/syscalls/gcc/syscalls.o
 .debug_macro   0x00018cb5       0x10 src/ASF/sam0/utils/syscalls/gcc/syscalls.o
 .debug_macro   0x00018cc5       0x10 src/ASF/sam0/utils/syscalls/gcc/syscalls.o
 .debug_macro   0x00018cd5       0x35 src/ASF/sam0/utils/syscalls/gcc/syscalls.o
 .debug_macro   0x00018d0a      0x122 src/ASF/sam0/utils/syscalls/gcc/syscalls.o
 .debug_macro   0x00018e2c      0x503 src/qs_uart_basic.o
 .debug_macro   0x0001932f      0x1e1 src/qs_uart_basic.o

.debug_line     0x00000000     0x8191
 .debug_line    0x00000000      0xb74 src/Kalman.o
 .debug_line    0x00000b74      0xa26 src/sentral/sentral_interface.o
 .debug_line    0x0000159a      0xac0 src/ASF/sam0/drivers/i2c/i2c_master.o
 .debug_line    0x0000205a      0xa3f src/ASF/sam0/drivers/i2c/i2c_master_interrupt.o
 .debug_line    0x00002a99      0x949 src/ASF/sam0/drivers/timer/timer.o
 .debug_line    0x000033e2      0x860 src/ASF/sam0/utils/stdio/read.o
 .debug_line    0x00003c42      0x851 src/ASF/sam0/utils/stdio/write.o
 .debug_line    0x00004493      0xade src/ASF/sam0/drivers/gpio/gpio.o
 .debug_line    0x00004f71     0x1053 src/ASF/sam0/drivers/system/system_sam_b.o
 .debug_line    0x00005fc4      0xbae src/ASF/sam0/drivers/uart/uart.o
 .debug_line    0x00006b72      0x61b src/ASF/sam0/utils/cmsis/samb11/source/gcc/startup_samb11.o
 .debug_line    0x0000718d      0x380 src/ASF/sam0/utils/syscalls/gcc/syscalls.o
 .debug_line    0x0000750d      0xc84 src/qs_uart_basic.o

.debug_str      0x00000000    0xf040b
 .debug_str     0x00000000    0xe8035 src/Kalman.o
                              0xe83c7 (size before relaxing)
 .debug_str     0x000e8035      0xd5f src/sentral/sentral_interface.o
                              0xe6b37 (size before relaxing)
 .debug_str     0x000e8d94      0xdc7 src/ASF/sam0/drivers/i2c/i2c_master.o
                              0xe73d2 (size before relaxing)
 .debug_str     0x000e9b5b      0x166 src/ASF/sam0/drivers/i2c/i2c_master_interrupt.o
                              0xe6960 (size before relaxing)
 .debug_str     0x000e9cc1      0x348 src/ASF/sam0/drivers/timer/timer.o
                              0xe6ad7 (size before relaxing)
 .debug_str     0x000ea009       0x2a src/ASF/sam0/utils/stdio/read.o
                              0xe5c93 (size before relaxing)
 .debug_str     0x000ea033       0x24 src/ASF/sam0/utils/stdio/write.o
                              0xe5c95 (size before relaxing)
 .debug_str     0x000ea057     0x3e1d src/ASF/sam0/drivers/gpio/gpio.o
                              0xea5fe (size before relaxing)
 .debug_str     0x000ede74      0x9b3 src/ASF/sam0/drivers/system/system_sam_b.o
                              0xea78e (size before relaxing)
 .debug_str     0x000ee827      0x673 src/ASF/sam0/drivers/uart/uart.o
                              0xe74d9 (size before relaxing)
 .debug_str     0x000eee9a       0x94 src/ASF/sam0/utils/cmsis/samb11/source/gcc/startup_samb11.o
                              0xd1758 (size before relaxing)
 .debug_str     0x000eef2e      0x837 src/ASF/sam0/utils/syscalls/gcc/syscalls.o
                               0x5fd6 (size before relaxing)
 .debug_str     0x000ef765      0xca6 src/qs_uart_basic.o
                              0xe9e6d (size before relaxing)

.debug_frame    0x00000000     0x1f18
 .debug_frame   0x00000000      0x180 src/Kalman.o
 .debug_frame   0x00000180      0x160 src/sentral/sentral_interface.o
 .debug_frame   0x000002e0      0x150 src/ASF/sam0/drivers/i2c/i2c_master.o
 .debug_frame   0x00000430       0xb8 src/ASF/sam0/drivers/i2c/i2c_master_interrupt.o
 .debug_frame   0x000004e8       0xd0 src/ASF/sam0/drivers/timer/timer.o
 .debug_frame   0x000005b8       0x34 src/ASF/sam0/utils/stdio/read.o
 .debug_frame   0x000005ec       0x34 src/ASF/sam0/utils/stdio/write.o
 .debug_frame   0x00000620      0x17c src/ASF/sam0/drivers/gpio/gpio.o
 .debug_frame   0x0000079c      0x1c8 src/ASF/sam0/drivers/system/system_sam_b.o
 .debug_frame   0x00000964      0x1c8 src/ASF/sam0/drivers/uart/uart.o
 .debug_frame   0x00000b2c       0x28 src/ASF/sam0/utils/cmsis/samb11/source/gcc/startup_samb11.o
 .debug_frame   0x00000b54       0xa8 src/ASF/sam0/utils/syscalls/gcc/syscalls.o
 .debug_frame   0x00000bfc      0x150 src/qs_uart_basic.o
 .debug_frame   0x00000d4c       0x3c c:/program files/atmel/studio/7.0/toolchain/arm/arm-gnu-toolchain/bin/../lib/gcc/arm-none-eabi/4.9.3/../../../../arm-none-eabi/lib/armv6-m\libm.a(lib_a-s_atan.o)
 .debug_frame   0x00000d88       0x20 c:/program files/atmel/studio/7.0/toolchain/arm/arm-gnu-toolchain/bin/../lib/gcc/arm-none-eabi/4.9.3/../../../../arm-none-eabi/lib/armv6-m\libm.a(lib_a-s_fabs.o)
 .debug_frame   0x00000da8       0x38 c:/program files/atmel/studio/7.0/toolchain/arm/arm-gnu-toolchain/bin/../lib/gcc/arm-none-eabi/4.9.3/../../../../arm-none-eabi/lib/armv6-m\libm.a(lib_a-w_asin.o)
 .debug_frame   0x00000de0       0x38 c:/program files/atmel/studio/7.0/toolchain/arm/arm-gnu-toolchain/bin/../lib/gcc/arm-none-eabi/4.9.3/../../../../arm-none-eabi/lib/armv6-m\libm.a(lib_a-w_sqrt.o)
 .debug_frame   0x00000e18       0x38 c:/program files/atmel/studio/7.0/toolchain/arm/arm-gnu-toolchain/bin/../lib/gcc/arm-none-eabi/4.9.3/../../../../arm-none-eabi/lib/armv6-m\libm.a(lib_a-e_asin.o)
 .debug_frame   0x00000e50       0x3c c:/program files/atmel/studio/7.0/toolchain/arm/arm-gnu-toolchain/bin/../lib/gcc/arm-none-eabi/4.9.3/../../../../arm-none-eabi/lib/armv6-m\libm.a(lib_a-e_sqrt.o)
 .debug_frame   0x00000e8c       0x2c c:/program files/atmel/studio/7.0/toolchain/arm/arm-gnu-toolchain/bin/../lib/gcc/arm-none-eabi/4.9.3/../../../../arm-none-eabi/lib/armv6-m\libm.a(lib_a-s_fpclassify.o)
 .debug_frame   0x00000eb8       0x20 c:/program files/atmel/studio/7.0/toolchain/arm/arm-gnu-toolchain/bin/../lib/gcc/arm-none-eabi/4.9.3/../../../../arm-none-eabi/lib/armv6-m\libm.a(lib_a-s_matherr.o)
 .debug_frame   0x00000ed8       0x20 c:/program files/atmel/studio/7.0/toolchain/arm/arm-gnu-toolchain/bin/../lib/gcc/arm-none-eabi/4.9.3/../../../../arm-none-eabi/lib/armv6-m\libm.a(lib_a-s_nan.o)
 .debug_frame   0x00000ef8       0x20 c:/program files/atmel/studio/7.0/toolchain/arm/arm-gnu-toolchain/bin/../lib/gcc/arm-none-eabi/4.9.3/armv6-m\libgcc.a(_udivsi3.o)
 .debug_frame   0x00000f18       0x30 c:/program files/atmel/studio/7.0/toolchain/arm/arm-gnu-toolchain/bin/../lib/gcc/arm-none-eabi/4.9.3/armv6-m\libgcc.a(addsf3.o)
 .debug_frame   0x00000f48       0x3c c:/program files/atmel/studio/7.0/toolchain/arm/arm-gnu-toolchain/bin/../lib/gcc/arm-none-eabi/4.9.3/armv6-m\libgcc.a(divsf3.o)
 .debug_frame   0x00000f84       0x3c c:/program files/atmel/studio/7.0/toolchain/arm/arm-gnu-toolchain/bin/../lib/gcc/arm-none-eabi/4.9.3/armv6-m\libgcc.a(mulsf3.o)
 .debug_frame   0x00000fc0       0x30 c:/program files/atmel/studio/7.0/toolchain/arm/arm-gnu-toolchain/bin/../lib/gcc/arm-none-eabi/4.9.3/armv6-m\libgcc.a(subsf3.o)
 .debug_frame   0x00000ff0       0x2c c:/program files/atmel/studio/7.0/toolchain/arm/arm-gnu-toolchain/bin/../lib/gcc/arm-none-eabi/4.9.3/armv6-m\libgcc.a(floatsisf.o)
 .debug_frame   0x0000101c       0x38 c:/program files/atmel/studio/7.0/toolchain/arm/arm-gnu-toolchain/bin/../lib/gcc/arm-none-eabi/4.9.3/armv6-m\libgcc.a(adddf3.o)
 .debug_frame   0x00001054       0x3c c:/program files/atmel/studio/7.0/toolchain/arm/arm-gnu-toolchain/bin/../lib/gcc/arm-none-eabi/4.9.3/armv6-m\libgcc.a(divdf3.o)
 .debug_frame   0x00001090       0x38 c:/program files/atmel/studio/7.0/toolchain/arm/arm-gnu-toolchain/bin/../lib/gcc/arm-none-eabi/4.9.3/armv6-m\libgcc.a(eqdf2.o)
 .debug_frame   0x000010c8       0x38 c:/program files/atmel/studio/7.0/toolchain/arm/arm-gnu-toolchain/bin/../lib/gcc/arm-none-eabi/4.9.3/armv6-m\libgcc.a(gedf2.o)
 .debug_frame   0x00001100       0x38 c:/program files/atmel/studio/7.0/toolchain/arm/arm-gnu-toolchain/bin/../lib/gcc/arm-none-eabi/4.9.3/armv6-m\libgcc.a(ledf2.o)
 .debug_frame   0x00001138       0x3c c:/program files/atmel/studio/7.0/toolchain/arm/arm-gnu-toolchain/bin/../lib/gcc/arm-none-eabi/4.9.3/armv6-m\libgcc.a(muldf3.o)
 .debug_frame   0x00001174       0x3c c:/program files/atmel/studio/7.0/toolchain/arm/arm-gnu-toolchain/bin/../lib/gcc/arm-none-eabi/4.9.3/armv6-m\libgcc.a(subdf3.o)
 .debug_frame   0x000011b0       0x2c c:/program files/atmel/studio/7.0/toolchain/arm/arm-gnu-toolchain/bin/../lib/gcc/arm-none-eabi/4.9.3/armv6-m\libgcc.a(extendsfdf2.o)
 .debug_frame   0x000011dc       0x2c c:/program files/atmel/studio/7.0/toolchain/arm/arm-gnu-toolchain/bin/../lib/gcc/arm-none-eabi/4.9.3/armv6-m\libgcc.a(truncdfsf2.o)
 .debug_frame   0x00001208       0xc4 c:/program files/atmel/studio/7.0/toolchain/arm/arm-gnu-toolchain/bin/../lib/gcc/arm-none-eabi/4.9.3/../../../../arm-none-eabi/lib/armv6-m\libc_nano.a(lib_a-efgcvt.o)
 .debug_frame   0x000012cc       0x20 c:/program files/atmel/studio/7.0/toolchain/arm/arm-gnu-toolchain/bin/../lib/gcc/arm-none-eabi/4.9.3/../../../../arm-none-eabi/lib/armv6-m\libc_nano.a(lib_a-errno.o)
 .debug_frame   0x000012ec       0x2c c:/program files/atmel/studio/7.0/toolchain/arm/arm-gnu-toolchain/bin/../lib/gcc/arm-none-eabi/4.9.3/../../../../arm-none-eabi/lib/armv6-m\libc_nano.a(lib_a-init.o)
 .debug_frame   0x00001318       0x28 c:/program files/atmel/studio/7.0/toolchain/arm/arm-gnu-toolchain/bin/../lib/gcc/arm-none-eabi/4.9.3/../../../../arm-none-eabi/lib/armv6-m\libc_nano.a(lib_a-memcpy.o)
 .debug_frame   0x00001340       0x20 c:/program files/atmel/studio/7.0/toolchain/arm/arm-gnu-toolchain/bin/../lib/gcc/arm-none-eabi/4.9.3/../../../../arm-none-eabi/lib/armv6-m\libc_nano.a(lib_a-memset.o)
 .debug_frame   0x00001360       0x50 c:/program files/atmel/studio/7.0/toolchain/arm/arm-gnu-toolchain/bin/../lib/gcc/arm-none-eabi/4.9.3/../../../../arm-none-eabi/lib/armv6-m\libc_nano.a(lib_a-printf.o)
 .debug_frame   0x000013b0       0x48 c:/program files/atmel/studio/7.0/toolchain/arm/arm-gnu-toolchain/bin/../lib/gcc/arm-none-eabi/4.9.3/../../../../arm-none-eabi/lib/armv6-m\libc_nano.a(lib_a-putchar.o)
 .debug_frame   0x000013f8       0x28 c:/program files/atmel/studio/7.0/toolchain/arm/arm-gnu-toolchain/bin/../lib/gcc/arm-none-eabi/4.9.3/../../../../arm-none-eabi/lib/armv6-m\libc_nano.a(lib_a-setbuf.o)
 .debug_frame   0x00001420       0x34 c:/program files/atmel/studio/7.0/toolchain/arm/arm-gnu-toolchain/bin/../lib/gcc/arm-none-eabi/4.9.3/../../../../arm-none-eabi/lib/armv6-m\libc_nano.a(lib_a-setvbuf.o)
 .debug_frame   0x00001454       0xb0 c:/program files/atmel/studio/7.0/toolchain/arm/arm-gnu-toolchain/bin/../lib/gcc/arm-none-eabi/4.9.3/../../../../arm-none-eabi/lib/armv6-m\libc_nano.a(lib_a-ecvtbuf.o)
 .debug_frame   0x00001504       0x68 c:/program files/atmel/studio/7.0/toolchain/arm/arm-gnu-toolchain/bin/../lib/gcc/arm-none-eabi/4.9.3/../../../../arm-none-eabi/lib/armv6-m\libc_nano.a(lib_a-fflush.o)
 .debug_frame   0x0000156c      0x140 c:/program files/atmel/studio/7.0/toolchain/arm/arm-gnu-toolchain/bin/../lib/gcc/arm-none-eabi/4.9.3/../../../../arm-none-eabi/lib/armv6-m\libc_nano.a(lib_a-findfp.o)
 .debug_frame   0x000016ac       0x58 c:/program files/atmel/studio/7.0/toolchain/arm/arm-gnu-toolchain/bin/../lib/gcc/arm-none-eabi/4.9.3/../../../../arm-none-eabi/lib/armv6-m\libc_nano.a(lib_a-fwalk.o)
 .debug_frame   0x00001704       0x40 c:/program files/atmel/studio/7.0/toolchain/arm/arm-gnu-toolchain/bin/../lib/gcc/arm-none-eabi/4.9.3/../../../../arm-none-eabi/lib/armv6-m\libc_nano.a(lib_a-malloc.o)
 .debug_frame   0x00001744      0x238 c:/program files/atmel/studio/7.0/toolchain/arm/arm-gnu-toolchain/bin/../lib/gcc/arm-none-eabi/4.9.3/../../../../arm-none-eabi/lib/armv6-m\libc_nano.a(lib_a-mprec.o)
 .debug_frame   0x0000197c       0x2c c:/program files/atmel/studio/7.0/toolchain/arm/arm-gnu-toolchain/bin/../lib/gcc/arm-none-eabi/4.9.3/../../../../arm-none-eabi/lib/armv6-m\libc_nano.a(lib_a-nano-callocr.o)
 .debug_frame   0x000019a8       0x2c c:/program files/atmel/studio/7.0/toolchain/arm/arm-gnu-toolchain/bin/../lib/gcc/arm-none-eabi/4.9.3/../../../../arm-none-eabi/lib/armv6-m\libc_nano.a(lib_a-nano-freer.o)
 .debug_frame   0x000019d4       0x2c c:/program files/atmel/studio/7.0/toolchain/arm/arm-gnu-toolchain/bin/../lib/gcc/arm-none-eabi/4.9.3/../../../../arm-none-eabi/lib/armv6-m\libc_nano.a(lib_a-nano-mallocr.o)
 .debug_frame   0x00001a00       0xa0 c:/program files/atmel/studio/7.0/toolchain/arm/arm-gnu-toolchain/bin/../lib/gcc/arm-none-eabi/4.9.3/../../../../arm-none-eabi/lib/armv6-m\libc_nano.a(lib_a-nano-vfprintf.o)
 .debug_frame   0x00001aa0       0x54 c:/program files/atmel/studio/7.0/toolchain/arm/arm-gnu-toolchain/bin/../lib/gcc/arm-none-eabi/4.9.3/../../../../arm-none-eabi/lib/armv6-m\libc_nano.a(lib_a-nano-vfprintf_i.o)
 .debug_frame   0x00001af4       0x44 c:/program files/atmel/studio/7.0/toolchain/arm/arm-gnu-toolchain/bin/../lib/gcc/arm-none-eabi/4.9.3/../../../../arm-none-eabi/lib/armv6-m\libc_nano.a(lib_a-putc.o)
 .debug_frame   0x00001b38       0x2c c:/program files/atmel/studio/7.0/toolchain/arm/arm-gnu-toolchain/bin/../lib/gcc/arm-none-eabi/4.9.3/../../../../arm-none-eabi/lib/armv6-m\libc_nano.a(lib_a-sbrkr.o)